// Vitest Snapshot v1, https://vitest.dev/guide/snapshot.html

exports[`EmailVerification Component > renders correctly 1`] = `
.emotion-0 {
  display: -webkit-inline-box;
  display: -webkit-inline-flex;
  display: -ms-inline-flexbox;
  display: inline-flex;
  -webkit-align-items: center;
  -webkit-box-align: center;
  -ms-flex-align: center;
  align-items: center;
  -webkit-box-pack: center;
  -ms-flex-pack: center;
  -webkit-justify-content: center;
  justify-content: center;
  position: relative;
  box-sizing: border-box;
  -webkit-tap-highlight-color: transparent;
  background-color: transparent;
  outline: 0;
  border: 0;
  margin: 0;
  border-radius: 0;
  padding: 0;
  cursor: pointer;
  -webkit-user-select: none;
  -moz-user-select: none;
  -ms-user-select: none;
  user-select: none;
  vertical-align: middle;
  -moz-appearance: none;
  -webkit-appearance: none;
  -webkit-text-decoration: none;
  text-decoration: none;
  color: inherit;
  font-family: "Roboto","Helvetica","Arial",sans-serif;
  font-weight: 500;
  font-size: 0.875rem;
  line-height: 1.75;
  letter-spacing: 0.02857em;
  text-transform: uppercase;
  min-width: 64px;
  padding: 6px 16px;
  border: 0;
  border-radius: 4px;
  -webkit-transition: background-color 250ms cubic-bezier(0.4, 0, 0.2, 1) 0ms,box-shadow 250ms cubic-bezier(0.4, 0, 0.2, 1) 0ms,border-color 250ms cubic-bezier(0.4, 0, 0.2, 1) 0ms,color 250ms cubic-bezier(0.4, 0, 0.2, 1) 0ms;
  transition: background-color 250ms cubic-bezier(0.4, 0, 0.2, 1) 0ms,box-shadow 250ms cubic-bezier(0.4, 0, 0.2, 1) 0ms,border-color 250ms cubic-bezier(0.4, 0, 0.2, 1) 0ms,color 250ms cubic-bezier(0.4, 0, 0.2, 1) 0ms;
  color: var(--variant-containedColor);
  background-color: var(--variant-containedBg);
  box-shadow: 0px 3px 1px -2px rgba(0,0,0,0.2),0px 2px 2px 0px rgba(0,0,0,0.14),0px 1px 5px 0px rgba(0,0,0,0.12);
  --variant-textColor: #1976d2;
  --variant-outlinedColor: #1976d2;
  --variant-outlinedBorder: rgba(25, 118, 210, 0.5);
  --variant-containedColor: #fff;
  --variant-containedBg: #1976d2;
  -webkit-transition: background-color 250ms cubic-bezier(0.4, 0, 0.2, 1) 0ms,box-shadow 250ms cubic-bezier(0.4, 0, 0.2, 1) 0ms,border-color 250ms cubic-bezier(0.4, 0, 0.2, 1) 0ms;
  transition: background-color 250ms cubic-bezier(0.4, 0, 0.2, 1) 0ms,box-shadow 250ms cubic-bezier(0.4, 0, 0.2, 1) 0ms,border-color 250ms cubic-bezier(0.4, 0, 0.2, 1) 0ms;
}

.emotion-0::-moz-focus-inner {
  border-style: none;
}

.emotion-0.Mui-disabled {
  pointer-events: none;
  cursor: default;
}

@media print {
  .emotion-0 {
    -webkit-print-color-adjust: exact;
    color-adjust: exact;
  }
}

.emotion-0:hover {
  -webkit-text-decoration: none;
  text-decoration: none;
}

.emotion-0.Mui-disabled {
  color: rgba(0, 0, 0, 0.26);
}

.emotion-0:hover {
  box-shadow: 0px 2px 4px -1px rgba(0,0,0,0.2),0px 4px 5px 0px rgba(0,0,0,0.14),0px 1px 10px 0px rgba(0,0,0,0.12);
}

@media (hover: none) {
  .emotion-0:hover {
    box-shadow: 0px 3px 1px -2px rgba(0,0,0,0.2),0px 2px 2px 0px rgba(0,0,0,0.14),0px 1px 5px 0px rgba(0,0,0,0.12);
  }
}

.emotion-0:active {
  box-shadow: 0px 5px 5px -3px rgba(0,0,0,0.2),0px 8px 10px 1px rgba(0,0,0,0.14),0px 3px 14px 2px rgba(0,0,0,0.12);
}

.emotion-0.Mui-focusVisible {
  box-shadow: 0px 3px 5px -1px rgba(0,0,0,0.2),0px 6px 10px 0px rgba(0,0,0,0.14),0px 1px 18px 0px rgba(0,0,0,0.12);
}

.emotion-0.Mui-disabled {
  color: rgba(0, 0, 0, 0.26);
  box-shadow: none;
  background-color: rgba(0, 0, 0, 0.12);
}

@media (hover: hover) {
  .emotion-0:hover {
    --variant-containedBg: #1565c0;
    --variant-textBg: rgba(25, 118, 210, 0.04);
    --variant-outlinedBorder: #1976d2;
    --variant-outlinedBg: rgba(25, 118, 210, 0.04);
  }
}

.emotion-0.MuiButton-loading {
  color: transparent;
}

<div>
  <div
    class="margin-top"
  >
    Please verify your email address first, to enable Two Factor Authentication.
    <br />
    Once you click the button below we will send you an email with a confirmation link in it and a confirmation field will appear below. Click on the link to complete the verification. If the link does not work, you can also enter the confirmation code from the link in a confirmation field that will appear below once you clicked the button.
    <div
      class="flexbox center-aligned"
    >
      <button
        class="MuiButtonBase-root MuiButton-root MuiButton-contained MuiButton-containedPrimary MuiButton-sizeMedium MuiButton-containedSizeMedium MuiButton-colorPrimary MuiButton-root MuiButton-contained MuiButton-containedPrimary MuiButton-sizeMedium MuiButton-containedSizeMedium MuiButton-colorPrimary emotion-0"
        style="margin-top: 20px; margin-right: 30px;"
        tabindex="0"
        type="button"
      >
        Verify your email address
      </button>
      <div
        class="loaderContainer shrunk"
      >
        <div
          class="  loader"
        >
          <span
            class="dot dot_1"
          />
          <span
            class="dot dot_2"
          />
          <span
            class="dot dot_3"
          />
          <span
            class="dot dot_4"
          />
        </div>
      </div>
    </div>
  </div>
</div>
`;
