// Vitest Snapshot v1, https://vitest.dev/guide/snapshot.html

exports[`DeviceQuickActions Component > renders correctly 1`] = `
.emotion-0 {
  position: fixed;
  bottom: 52px;
  right: 52px;
  z-index: 10;
  min-width: 400px;
  pointer-events: none;
}

.emotion-0 .MuiSpeedDialAction-staticTooltipLabel {
  min-width: -webkit-max-content;
  min-width: -moz-max-content;
  min-width: max-content;
}

.emotion-1 {
  display: -webkit-box;
  display: -webkit-flex;
  display: -ms-flexbox;
  display: flex;
  -webkit-align-items: flex-end;
  -webkit-box-align: flex-end;
  -ms-flex-align: flex-end;
  align-items: flex-end;
  -webkit-box-pack: end;
  -ms-flex-pack: end;
  -webkit-justify-content: flex-end;
  justify-content: flex-end;
}

.emotion-2 {
  background: #fff;
  opacity: 0.97;
  border-radius: 4px;
  padding: 8px 16px;
  margin-bottom: 24px;
  cursor: pointer;
  pointer-events: auto;
}

.emotion-3 {
  z-index: 1050;
  display: -webkit-box;
  display: -webkit-flex;
  display: -ms-flexbox;
  display: flex;
  -webkit-align-items: center;
  -webkit-box-align: center;
  -ms-flex-align: center;
  align-items: center;
  pointer-events: none;
  -webkit-flex-direction: column-reverse;
  -ms-flex-direction: column-reverse;
  flex-direction: column-reverse;
  margin: 16px 16px 16px 4px;
}

.emotion-3 .MuiSpeedDial-actions {
  -webkit-flex-direction: column-reverse;
  -ms-flex-direction: column-reverse;
  flex-direction: column-reverse;
  margin-bottom: -32px;
  padding-bottom: 48px;
}

.emotion-4 {
  display: -webkit-inline-box;
  display: -webkit-inline-flex;
  display: -ms-inline-flexbox;
  display: inline-flex;
  -webkit-align-items: center;
  -webkit-box-align: center;
  -ms-flex-align: center;
  align-items: center;
  -webkit-box-pack: center;
  -ms-flex-pack: center;
  -webkit-justify-content: center;
  justify-content: center;
  position: relative;
  box-sizing: border-box;
  -webkit-tap-highlight-color: transparent;
  background-color: transparent;
  outline: 0;
  border: 0;
  margin: 0;
  border-radius: 0;
  padding: 0;
  cursor: pointer;
  -webkit-user-select: none;
  -moz-user-select: none;
  -ms-user-select: none;
  user-select: none;
  vertical-align: middle;
  -moz-appearance: none;
  -webkit-appearance: none;
  -webkit-text-decoration: none;
  text-decoration: none;
  color: inherit;
  font-family: "Roboto","Helvetica","Arial",sans-serif;
  font-weight: 500;
  font-size: 0.875rem;
  line-height: 1.75;
  letter-spacing: 0.02857em;
  text-transform: uppercase;
  min-height: 36px;
  -webkit-transition: background-color 250ms cubic-bezier(0.4, 0, 0.2, 1) 0ms,box-shadow 250ms cubic-bezier(0.4, 0, 0.2, 1) 0ms,border-color 250ms cubic-bezier(0.4, 0, 0.2, 1) 0ms;
  transition: background-color 250ms cubic-bezier(0.4, 0, 0.2, 1) 0ms,box-shadow 250ms cubic-bezier(0.4, 0, 0.2, 1) 0ms,border-color 250ms cubic-bezier(0.4, 0, 0.2, 1) 0ms;
  border-radius: 50%;
  padding: 0;
  min-width: 0;
  width: 56px;
  height: 56px;
  z-index: 1050;
  box-shadow: 0px 3px 5px -1px rgba(0,0,0,0.2),0px 6px 10px 0px rgba(0,0,0,0.14),0px 1px 18px 0px rgba(0,0,0,0.12);
  color: rgba(0, 0, 0, 0.87);
  background-color: #e0e0e0;
  color: #fff;
  background-color: #1976d2;
  pointer-events: auto;
}

.emotion-4::-moz-focus-inner {
  border-style: none;
}

.emotion-4.Mui-disabled {
  pointer-events: none;
  cursor: default;
}

@media print {
  .emotion-4 {
    -webkit-print-color-adjust: exact;
    color-adjust: exact;
  }
}

.emotion-4:active {
  box-shadow: 0px 7px 8px -4px rgba(0,0,0,0.2),0px 12px 17px 2px rgba(0,0,0,0.14),0px 5px 22px 4px rgba(0,0,0,0.12);
}

.emotion-4:hover {
  background-color: #f5f5f5;
  -webkit-text-decoration: none;
  text-decoration: none;
}

@media (hover: none) {
  .emotion-4:hover {
    background-color: #e0e0e0;
  }
}

.emotion-4.Mui-focusVisible {
  box-shadow: 0px 3px 5px -1px rgba(0,0,0,0.2),0px 6px 10px 0px rgba(0,0,0,0.14),0px 1px 18px 0px rgba(0,0,0,0.12);
}

.emotion-4:hover {
  background-color: #1565c0;
}

@media (hover: none) {
  .emotion-4:hover {
    background-color: #1976d2;
  }
}

.emotion-4.Mui-disabled {
  color: rgba(0, 0, 0, 0.26);
  box-shadow: none;
  background-color: rgba(0, 0, 0, 0.12);
}

.emotion-5 {
  height: 24px;
}

.emotion-5 .MuiSpeedDialIcon-icon {
  -webkit-transition: -webkit-transform 250ms cubic-bezier(0.4, 0, 0.2, 1) 0ms,opacity 250ms cubic-bezier(0.4, 0, 0.2, 1) 0ms;
  transition: transform 250ms cubic-bezier(0.4, 0, 0.2, 1) 0ms,opacity 250ms cubic-bezier(0.4, 0, 0.2, 1) 0ms;
}

.emotion-5 .MuiSpeedDialIcon-openIcon {
  position: absolute;
  -webkit-transition: -webkit-transform 250ms cubic-bezier(0.4, 0, 0.2, 1) 0ms,opacity 250ms cubic-bezier(0.4, 0, 0.2, 1) 0ms;
  transition: transform 250ms cubic-bezier(0.4, 0, 0.2, 1) 0ms,opacity 250ms cubic-bezier(0.4, 0, 0.2, 1) 0ms;
  opacity: 0;
  -webkit-transform: rotate(-45deg);
  -moz-transform: rotate(-45deg);
  -ms-transform: rotate(-45deg);
  transform: rotate(-45deg);
}

.emotion-6 {
  -webkit-user-select: none;
  -moz-user-select: none;
  -ms-user-select: none;
  user-select: none;
  width: 1em;
  height: 1em;
  display: inline-block;
  -webkit-flex-shrink: 0;
  -ms-flex-negative: 0;
  flex-shrink: 0;
  -webkit-transition: fill 200ms cubic-bezier(0.4, 0, 0.2, 1) 0ms;
  transition: fill 200ms cubic-bezier(0.4, 0, 0.2, 1) 0ms;
  fill: currentColor;
  font-size: 1.5rem;
}

.emotion-7 {
  display: -webkit-box;
  display: -webkit-flex;
  display: -ms-flexbox;
  display: flex;
  pointer-events: auto;
  -webkit-transition: top 0s linear 0.2s;
  transition: top 0s linear 0.2s;
  pointer-events: none;
}

.emotion-8 {
  position: relative;
  display: -webkit-box;
  display: -webkit-flex;
  display: -ms-flexbox;
  display: flex;
  -webkit-align-items: center;
  -webkit-box-align: center;
  -ms-flex-align: center;
  align-items: center;
}

.emotion-8 .MuiSpeedDialAction-staticTooltipLabel {
  -webkit-transition: -webkit-transform 200ms cubic-bezier(0.4, 0, 0.2, 1) 0ms,opacity 200ms cubic-bezier(0.4, 0, 0.2, 1) 0ms;
  transition: transform 200ms cubic-bezier(0.4, 0, 0.2, 1) 0ms,opacity 200ms cubic-bezier(0.4, 0, 0.2, 1) 0ms;
  opacity: 1;
}

.emotion-8 .MuiSpeedDialAction-staticTooltipLabel {
  opacity: 0;
  -webkit-transform: scale(0.5);
  -moz-transform: scale(0.5);
  -ms-transform: scale(0.5);
  transform: scale(0.5);
}

.emotion-8 .MuiSpeedDialAction-staticTooltipLabel {
  transform-origin: 100% 50%;
  right: 100%;
  margin-right: 8px;
}

.emotion-9 {
  position: absolute;
  font-family: "Roboto","Helvetica","Arial",sans-serif;
  font-weight: 400;
  font-size: 1rem;
  line-height: 1.5;
  letter-spacing: 0.00938em;
  background-color: #fff;
  border-radius: 4px;
  box-shadow: 0px 2px 1px -1px rgba(0,0,0,0.2),0px 1px 1px 0px rgba(0,0,0,0.14),0px 1px 3px 0px rgba(0,0,0,0.12);
  color: rgba(0, 0, 0, 0.6);
  padding: 4px 16px;
  word-break: keep-all;
}

.emotion-10 {
  display: -webkit-inline-box;
  display: -webkit-inline-flex;
  display: -ms-inline-flexbox;
  display: inline-flex;
  -webkit-align-items: center;
  -webkit-box-align: center;
  -ms-flex-align: center;
  align-items: center;
  -webkit-box-pack: center;
  -ms-flex-pack: center;
  -webkit-justify-content: center;
  justify-content: center;
  position: relative;
  box-sizing: border-box;
  -webkit-tap-highlight-color: transparent;
  background-color: transparent;
  outline: 0;
  border: 0;
  margin: 0;
  border-radius: 0;
  padding: 0;
  cursor: pointer;
  -webkit-user-select: none;
  -moz-user-select: none;
  -ms-user-select: none;
  user-select: none;
  vertical-align: middle;
  -moz-appearance: none;
  -webkit-appearance: none;
  -webkit-text-decoration: none;
  text-decoration: none;
  color: inherit;
  font-family: "Roboto","Helvetica","Arial",sans-serif;
  font-weight: 500;
  font-size: 0.875rem;
  line-height: 1.75;
  letter-spacing: 0.02857em;
  text-transform: uppercase;
  min-height: 36px;
  -webkit-transition: background-color 250ms cubic-bezier(0.4, 0, 0.2, 1) 0ms,box-shadow 250ms cubic-bezier(0.4, 0, 0.2, 1) 0ms,border-color 250ms cubic-bezier(0.4, 0, 0.2, 1) 0ms;
  transition: background-color 250ms cubic-bezier(0.4, 0, 0.2, 1) 0ms,box-shadow 250ms cubic-bezier(0.4, 0, 0.2, 1) 0ms,border-color 250ms cubic-bezier(0.4, 0, 0.2, 1) 0ms;
  border-radius: 50%;
  padding: 0;
  min-width: 0;
  width: 56px;
  height: 56px;
  z-index: 1050;
  box-shadow: 0px 3px 5px -1px rgba(0,0,0,0.2),0px 6px 10px 0px rgba(0,0,0,0.14),0px 1px 18px 0px rgba(0,0,0,0.12);
  color: rgba(0, 0, 0, 0.87);
  background-color: #e0e0e0;
  width: 40px;
  height: 40px;
  margin: 8px;
  color: rgba(0, 0, 0, 0.6);
  background-color: #fff;
  -webkit-transition: -webkit-transform 200ms cubic-bezier(0.4, 0, 0.2, 1) 0ms,opacity 0.8s;
  transition: transform 200ms cubic-bezier(0.4, 0, 0.2, 1) 0ms,opacity 0.8s;
  opacity: 1;
  opacity: 0;
  -webkit-transform: scale(0);
  -moz-transform: scale(0);
  -ms-transform: scale(0);
  transform: scale(0);
}

.emotion-10::-moz-focus-inner {
  border-style: none;
}

.emotion-10.Mui-disabled {
  pointer-events: none;
  cursor: default;
}

@media print {
  .emotion-10 {
    -webkit-print-color-adjust: exact;
    color-adjust: exact;
  }
}

.emotion-10:active {
  box-shadow: 0px 7px 8px -4px rgba(0,0,0,0.2),0px 12px 17px 2px rgba(0,0,0,0.14),0px 5px 22px 4px rgba(0,0,0,0.12);
}

.emotion-10:hover {
  background-color: #f5f5f5;
  -webkit-text-decoration: none;
  text-decoration: none;
}

@media (hover: none) {
  .emotion-10:hover {
    background-color: #e0e0e0;
  }
}

.emotion-10.Mui-focusVisible {
  box-shadow: 0px 3px 5px -1px rgba(0,0,0,0.2),0px 6px 10px 0px rgba(0,0,0,0.14),0px 1px 18px 0px rgba(0,0,0,0.12);
}

.emotion-10.Mui-disabled {
  color: rgba(0, 0, 0, 0.26);
  box-shadow: none;
  background-color: rgba(0, 0, 0, 0.12);
}

.emotion-10:hover {
  background-color: rgb(216, 216, 216);
}

<div
  class="emotion-0"
>
  <div
    class="relative"
  >
    <div
      class="emotion-1"
    >
      <div
        class="emotion-2"
      >
        1 device selected
      </div>
      <div
        class="MuiSpeedDial-root MuiSpeedDial-directionUp emotion-3"
        role="presentation"
      >
        <button
          aria-controls="device-actions-actions"
          aria-expanded="false"
          aria-haspopup="true"
          aria-label="device-actions"
          class="MuiButtonBase-root MuiFab-root MuiFab-circular MuiFab-sizeLarge MuiFab-primary MuiFab-root MuiFab-circular MuiFab-sizeLarge MuiFab-primary MuiSpeedDial-fab emotion-4"
          style="transform: none; transition: transform 225ms cubic-bezier(0.4, 0, 0.2, 1) 0ms;"
          tabindex="0"
          type="button"
        >
          <span
            class="MuiSpeedDialIcon-root emotion-5"
          >
            <svg
              aria-hidden="true"
              class="MuiSvgIcon-root MuiSvgIcon-fontSizeMedium MuiSpeedDialIcon-icon emotion-6"
              data-testid="AddIcon"
              focusable="false"
              viewBox="0 0 24 24"
            >
              <path
                d="M19 13h-6v6h-2v-6H5v-2h6V5h2v6h6v2z"
              />
            </svg>
          </span>
        </button>
        <div
          aria-orientation="vertical"
          class="MuiSpeedDial-actions MuiSpeedDial-actionsClosed emotion-7"
          id="device-actions-actions"
          role="menu"
        >
          <span
            aria-label="accept"
            class="MuiSpeedDialAction-staticTooltip MuiSpeedDialAction-tooltipPlacementLeft MuiSpeedDialAction-staticTooltipClosed emotion-8"
            id="device-actions-action-0"
          >
            <span
              class="MuiSpeedDialAction-staticTooltipLabel emotion-9"
              id="device-actions-action-0-label"
              style="transition-delay: 120ms;"
            >
              <div>
                Accept device
              </div>
            </span>
            <button
              aria-labelledby="device-actions-action-0-label"
              class="MuiButtonBase-root MuiFab-root MuiFab-circular MuiFab-sizeSmall MuiFab-default MuiFab-root MuiFab-circular MuiFab-sizeSmall MuiFab-default MuiSpeedDialAction-fab MuiSpeedDialAction-fabClosed emotion-10"
              role="menuitem"
              style="transition-delay: 120ms;"
              tabindex="-1"
              type="button"
            >
              <svg
                aria-hidden="true"
                class="MuiSvgIcon-root MuiSvgIcon-fontSizeMedium green emotion-6"
                data-testid="CheckCircleIcon"
                focusable="false"
                viewBox="0 0 24 24"
              >
                <path
                  d="M12 2C6.48 2 2 6.48 2 12s4.48 10 10 10 10-4.48 10-10S17.52 2 12 2m-2 15-5-5 1.41-1.41L10 14.17l7.59-7.59L19 8z"
                />
              </svg>
            </button>
          </span>
          <span
            aria-label="dismiss"
            class="MuiSpeedDialAction-staticTooltip MuiSpeedDialAction-tooltipPlacementLeft MuiSpeedDialAction-staticTooltipClosed emotion-8"
            id="device-actions-action-1"
          >
            <span
              class="MuiSpeedDialAction-staticTooltipLabel emotion-9"
              id="device-actions-action-1-label"
              style="transition-delay: 90ms;"
            >
              <div>
                Dismiss device
              </div>
            </span>
            <button
              aria-labelledby="device-actions-action-1-label"
              class="MuiButtonBase-root MuiFab-root MuiFab-circular MuiFab-sizeSmall MuiFab-default MuiFab-root MuiFab-circular MuiFab-sizeSmall MuiFab-default MuiSpeedDialAction-fab MuiSpeedDialAction-fabClosed emotion-10"
              role="menuitem"
              style="transition-delay: 90ms;"
              tabindex="-1"
              type="button"
            >
              <svg
                aria-hidden="true"
                class="MuiSvgIcon-root MuiSvgIcon-fontSizeMedium red emotion-6"
                data-testid="RemoveCircleOutlineIcon"
                focusable="false"
                viewBox="0 0 24 24"
              >
                <path
                  d="M7 11v2h10v-2zm5-9C6.48 2 2 6.48 2 12s4.48 10 10 10 10-4.48 10-10S17.52 2 12 2m0 18c-4.41 0-8-3.59-8-8s3.59-8 8-8 8 3.59 8 8-3.59 8-8 8"
                />
              </svg>
            </button>
          </span>
          <span
            aria-label="reject"
            class="MuiSpeedDialAction-staticTooltip MuiSpeedDialAction-tooltipPlacementLeft MuiSpeedDialAction-staticTooltipClosed emotion-8"
            id="device-actions-action-2"
          >
            <span
              class="MuiSpeedDialAction-staticTooltipLabel emotion-9"
              id="device-actions-action-2-label"
              style="transition-delay: 60ms;"
            >
              <div>
                Reject device
              </div>
            </span>
            <button
              aria-labelledby="device-actions-action-2-label"
              class="MuiButtonBase-root MuiFab-root MuiFab-circular MuiFab-sizeSmall MuiFab-default MuiFab-root MuiFab-circular MuiFab-sizeSmall MuiFab-default MuiSpeedDialAction-fab MuiSpeedDialAction-fabClosed emotion-10"
              role="menuitem"
              style="transition-delay: 60ms;"
              tabindex="-1"
              type="button"
            >
              <svg
                aria-hidden="true"
                class="MuiSvgIcon-root MuiSvgIcon-fontSizeMedium red emotion-6"
                data-testid="HighlightOffOutlinedIcon"
                focusable="false"
                viewBox="0 0 24 24"
              >
                <path
                  d="M14.59 8 12 10.59 9.41 8 8 9.41 10.59 12 8 14.59 9.41 16 12 13.41 14.59 16 16 14.59 13.41 12 16 9.41zM12 2C6.47 2 2 6.47 2 12s4.47 10 10 10 10-4.47 10-10S17.53 2 12 2m0 18c-4.41 0-8-3.59-8-8s3.59-8 8-8 8 3.59 8 8-3.59 8-8 8"
                />
              </svg>
            </button>
          </span>
          <span
            aria-label="group-add"
            class="MuiSpeedDialAction-staticTooltip MuiSpeedDialAction-tooltipPlacementLeft MuiSpeedDialAction-staticTooltipClosed emotion-8"
            id="device-actions-action-3"
          >
            <span
              class="MuiSpeedDialAction-staticTooltipLabel emotion-9"
              id="device-actions-action-3-label"
              style="transition-delay: 30ms;"
            >
              <div>
                Add selected device to a group
              </div>
            </span>
            <button
              aria-labelledby="device-actions-action-3-label"
              class="MuiButtonBase-root MuiFab-root MuiFab-circular MuiFab-sizeSmall MuiFab-default MuiFab-root MuiFab-circular MuiFab-sizeSmall MuiFab-default MuiSpeedDialAction-fab MuiSpeedDialAction-fabClosed emotion-10"
              role="menuitem"
              style="transition-delay: 30ms;"
              tabindex="-1"
              type="button"
            >
              <svg
                aria-hidden="true"
                class="MuiSvgIcon-root MuiSvgIcon-fontSizeMedium green emotion-6"
                data-testid="AddCircleIcon"
                focusable="false"
                viewBox="0 0 24 24"
              >
                <path
                  d="M12 2C6.48 2 2 6.48 2 12s4.48 10 10 10 10-4.48 10-10S17.52 2 12 2m5 11h-4v4h-2v-4H7v-2h4V7h2v4h4z"
                />
              </svg>
            </button>
          </span>
        </div>
      </div>
    </div>
  </div>
</div>
`;
