// Vitest Snapshot v1, https://vitest.dev/guide/snapshot.html

exports[`AddArtifact Component > renders correctly 1`] = `
.emotion-0 {
  position: fixed;
  z-index: 1300;
  right: 0;
  bottom: 0;
  top: 0;
  left: 0;
}

@media print {
  .emotion-0 {
    position: absolute!important;
  }
}

.emotion-1 {
  position: fixed;
  display: -webkit-box;
  display: -webkit-flex;
  display: -ms-flexbox;
  display: flex;
  -webkit-align-items: center;
  -webkit-box-align: center;
  -ms-flex-align: center;
  align-items: center;
  -webkit-box-pack: center;
  -ms-flex-pack: center;
  -webkit-justify-content: center;
  justify-content: center;
  right: 0;
  bottom: 0;
  top: 0;
  left: 0;
  background-color: rgba(0, 0, 0, 0.5);
  -webkit-tap-highlight-color: transparent;
  z-index: -1;
}

.emotion-2 {
  height: 100%;
  outline: 0;
  display: -webkit-box;
  display: -webkit-flex;
  display: -ms-flexbox;
  display: flex;
  -webkit-box-pack: center;
  -ms-flex-pack: center;
  -webkit-justify-content: center;
  justify-content: center;
  -webkit-align-items: center;
  -webkit-box-align: center;
  -ms-flex-align: center;
  align-items: center;
}

@media print {
  .emotion-2 {
    height: auto;
  }
}

.emotion-3 {
  background-color: #fff;
  color: rgba(0, 0, 0, 0.87);
  -webkit-transition: box-shadow 300ms cubic-bezier(0.4, 0, 0.2, 1) 0ms;
  transition: box-shadow 300ms cubic-bezier(0.4, 0, 0.2, 1) 0ms;
  border-radius: 4px;
  box-shadow: var(--Paper-shadow);
  background-image: var(--Paper-overlay);
  margin: 32px;
  position: relative;
  overflow-y: auto;
  display: -webkit-box;
  display: -webkit-flex;
  display: -ms-flexbox;
  display: flex;
  -webkit-flex-direction: column;
  -ms-flex-direction: column;
  flex-direction: column;
  max-height: calc(100% - 64px);
  max-width: 600px;
  width: calc(100% - 64px);
}

@media print {
  .emotion-3 {
    overflow-y: visible;
    box-shadow: none;
  }
}

@media (max-width:663.95px) {
  .emotion-3.MuiDialog-paperScrollBody {
    max-width: calc(100% - 64px);
  }
}

.emotion-4 {
  margin: 0;
  font-family: "Roboto","Helvetica","Arial",sans-serif;
  font-weight: 500;
  font-size: 1.25rem;
  line-height: 1.6;
  letter-spacing: 0.0075em;
  padding: 16px 24px;
  -webkit-flex: 0 0 auto;
  -ms-flex: 0 0 auto;
  flex: 0 0 auto;
}

.emotion-5 {
  -webkit-flex: 1 1 auto;
  -ms-flex: 1 1 auto;
  flex: 1 1 auto;
  -webkit-overflow-scrolling: touch;
  overflow-y: auto;
  padding: 20px 24px;
}

.MuiDialogTitle-root+.emotion-5 {
  padding-top: 0;
}

.emotion-6.dropzone {
  padding: 32px;
}

.emotion-7 {
  -webkit-user-select: none;
  -moz-user-select: none;
  -ms-user-select: none;
  user-select: none;
  width: 1em;
  height: 1em;
  display: inline-block;
  -webkit-flex-shrink: 0;
  -ms-flex-negative: 0;
  flex-shrink: 0;
  -webkit-transition: fill 200ms cubic-bezier(0.4, 0, 0.2, 1) 0ms;
  transition: fill 200ms cubic-bezier(0.4, 0, 0.2, 1) 0ms;
  fill: currentColor;
  font-size: 2.1875rem;
}

.emotion-8 {
  display: -webkit-box;
  display: -webkit-flex;
  display: -ms-flexbox;
  display: flex;
  -webkit-align-items: center;
  -webkit-box-align: center;
  -ms-flex-align: center;
  align-items: center;
  padding: 8px;
  -webkit-box-pack: end;
  -ms-flex-pack: end;
  -webkit-justify-content: flex-end;
  justify-content: flex-end;
  -webkit-flex: 0 0 auto;
  -ms-flex: 0 0 auto;
  flex: 0 0 auto;
}

.emotion-8>:not(style)~:not(style) {
  margin-left: 8px;
}

.emotion-9 {
  display: -webkit-inline-box;
  display: -webkit-inline-flex;
  display: -ms-inline-flexbox;
  display: inline-flex;
  -webkit-align-items: center;
  -webkit-box-align: center;
  -ms-flex-align: center;
  align-items: center;
  -webkit-box-pack: center;
  -ms-flex-pack: center;
  -webkit-justify-content: center;
  justify-content: center;
  position: relative;
  box-sizing: border-box;
  -webkit-tap-highlight-color: transparent;
  background-color: transparent;
  outline: 0;
  border: 0;
  margin: 0;
  border-radius: 0;
  padding: 0;
  cursor: pointer;
  -webkit-user-select: none;
  -moz-user-select: none;
  -ms-user-select: none;
  user-select: none;
  vertical-align: middle;
  -moz-appearance: none;
  -webkit-appearance: none;
  -webkit-text-decoration: none;
  text-decoration: none;
  color: inherit;
  font-family: "Roboto","Helvetica","Arial",sans-serif;
  font-weight: 500;
  font-size: 0.875rem;
  line-height: 1.75;
  letter-spacing: 0.02857em;
  text-transform: uppercase;
  min-width: 64px;
  padding: 6px 16px;
  border: 0;
  border-radius: 4px;
  -webkit-transition: background-color 250ms cubic-bezier(0.4, 0, 0.2, 1) 0ms,box-shadow 250ms cubic-bezier(0.4, 0, 0.2, 1) 0ms,border-color 250ms cubic-bezier(0.4, 0, 0.2, 1) 0ms,color 250ms cubic-bezier(0.4, 0, 0.2, 1) 0ms;
  transition: background-color 250ms cubic-bezier(0.4, 0, 0.2, 1) 0ms,box-shadow 250ms cubic-bezier(0.4, 0, 0.2, 1) 0ms,border-color 250ms cubic-bezier(0.4, 0, 0.2, 1) 0ms,color 250ms cubic-bezier(0.4, 0, 0.2, 1) 0ms;
  padding: 6px 8px;
  color: var(--variant-textColor);
  background-color: var(--variant-textBg);
  --variant-textColor: #1976d2;
  --variant-outlinedColor: #1976d2;
  --variant-outlinedBorder: rgba(25, 118, 210, 0.5);
  --variant-containedColor: #fff;
  --variant-containedBg: #1976d2;
  -webkit-transition: background-color 250ms cubic-bezier(0.4, 0, 0.2, 1) 0ms,box-shadow 250ms cubic-bezier(0.4, 0, 0.2, 1) 0ms,border-color 250ms cubic-bezier(0.4, 0, 0.2, 1) 0ms;
  transition: background-color 250ms cubic-bezier(0.4, 0, 0.2, 1) 0ms,box-shadow 250ms cubic-bezier(0.4, 0, 0.2, 1) 0ms,border-color 250ms cubic-bezier(0.4, 0, 0.2, 1) 0ms;
}

.emotion-9::-moz-focus-inner {
  border-style: none;
}

.emotion-9.Mui-disabled {
  pointer-events: none;
  cursor: default;
}

@media print {
  .emotion-9 {
    -webkit-print-color-adjust: exact;
    color-adjust: exact;
  }
}

.emotion-9:hover {
  -webkit-text-decoration: none;
  text-decoration: none;
}

.emotion-9.Mui-disabled {
  color: rgba(0, 0, 0, 0.26);
}

@media (hover: hover) {
  .emotion-9:hover {
    --variant-containedBg: #1565c0;
    --variant-textBg: rgba(25, 118, 210, 0.04);
    --variant-outlinedBorder: #1976d2;
    --variant-outlinedBg: rgba(25, 118, 210, 0.04);
  }
}

.emotion-9.MuiButton-loading {
  color: transparent;
}

<div
  class="MuiDialog-root MuiModal-root emotion-0"
  role="presentation"
>
  <div
    aria-hidden="true"
    class="MuiBackdrop-root MuiModal-backdrop emotion-1"
    style="opacity: 1; transition: opacity 225ms cubic-bezier(0.4, 0, 0.2, 1) 0ms;"
  />
  <div
    data-testid="sentinelStart"
    tabindex="0"
  />
  <div
    class="MuiDialog-container MuiDialog-scrollPaper emotion-2"
    role="presentation"
    style="opacity: 1; transition: opacity 225ms cubic-bezier(0.4, 0, 0.2, 1) 0ms;"
    tabindex="-1"
  >
    <div
      aria-labelledby="«r1»"
      aria-modal="true"
      class="MuiPaper-root MuiPaper-elevation MuiPaper-rounded MuiPaper-elevation24 MuiDialog-paper MuiDialog-paperScrollPaper MuiDialog-paperWidthSm MuiDialog-paperFullWidth emotion-3"
      role="dialog"
      style="--Paper-shadow: 0px 11px 15px -7px rgba(0,0,0,0.2),0px 24px 38px 3px rgba(0,0,0,0.14),0px 9px 46px 8px rgba(0,0,0,0.12);"
    >
      <h2
        class="MuiTypography-root MuiTypography-h6 MuiDialogTitle-root emotion-4"
        id="«r1»"
      >
        Upload an Artifact
      </h2>
      <div
        class="MuiDialogContent-root dialog-content margin-top margin-left margin-right margin-bottom emotion-5"
      >
        <div
          class="flexbox column centered margin"
        >
          Upload a premade Mender Artifact
          <p
            class="muted"
          >
            OR
          </p>
          Upload a file to generate a single file application update Artifact
        </div>
        <div
          class="fadeIn onboard dropzone emotion-6"
          role="presentation"
          tabindex="0"
        >
          <input
            style="border: 0px; clip: rect(0px, 0px, 0px, 0px); clip-path: inset(50%); height: 1px; margin: 0px -1px -1px 0px; overflow: hidden; padding: 0px; position: absolute; width: 1px; white-space: nowrap;"
            tabindex="-1"
            type="file"
          />
          <svg
            aria-hidden="true"
            class="MuiSvgIcon-root MuiSvgIcon-fontSizeLarge muted emotion-7"
            data-testid="CloudUploadIcon"
            focusable="false"
            viewBox="0 0 24 24"
          >
            <path
              d="M19.35 10.04C18.67 6.59 15.64 4 12 4 9.11 4 6.6 5.64 5.35 8.04 2.34 8.36 0 10.91 0 14c0 3.31 2.69 6 6 6h13c2.76 0 5-2.24 5-5 0-2.64-2.05-4.78-4.65-4.96M14 13v4h-4v-4H7l5-5 5 5z"
            />
          </svg>
          <div>
            Drag and drop here or 
            <b>
              browse
            </b>
             to upload
          </div>
        </div>
        <p
          class="warning fadeOut flexbox centered"
        />
      </div>
      <div
        class="MuiDialogActions-root MuiDialogActions-spacing emotion-8"
      >
        <button
          class="MuiButtonBase-root MuiButton-root MuiButton-text MuiButton-textPrimary MuiButton-sizeMedium MuiButton-textSizeMedium MuiButton-colorPrimary MuiButton-root MuiButton-text MuiButton-textPrimary MuiButton-sizeMedium MuiButton-textSizeMedium MuiButton-colorPrimary emotion-9"
          tabindex="0"
          type="button"
        >
          Cancel
        </button>
        <div
          style="flex-grow: 1;"
        />
      </div>
    </div>
  </div>
  <div
    data-testid="sentinelEnd"
    tabindex="0"
  />
</div>
`;
