// Vitest Snapshot v1, https://vitest.dev/guide/snapshot.html

exports[`DeviceTags Component > renders correctly 1`] = `
.emotion-0 {
  display: -webkit-inline-box;
  display: -webkit-inline-flex;
  display: -ms-inline-flexbox;
  display: inline-flex;
  -webkit-align-items: center;
  -webkit-box-align: center;
  -ms-flex-align: center;
  align-items: center;
  -webkit-box-pack: center;
  -ms-flex-pack: center;
  -webkit-justify-content: center;
  justify-content: center;
  position: relative;
  box-sizing: border-box;
  -webkit-tap-highlight-color: transparent;
  background-color: transparent;
  outline: 0;
  border: 0;
  margin: 0;
  border-radius: 0;
  padding: 0;
  cursor: pointer;
  -webkit-user-select: none;
  -moz-user-select: none;
  -ms-user-select: none;
  user-select: none;
  vertical-align: middle;
  -moz-appearance: none;
  -webkit-appearance: none;
  -webkit-text-decoration: none;
  text-decoration: none;
  color: inherit;
  font-family: "Roboto","Helvetica","Arial",sans-serif;
  font-weight: 500;
  font-size: 0.875rem;
  line-height: 1.75;
  letter-spacing: 0.02857em;
  text-transform: uppercase;
  min-width: 64px;
  padding: 6px 16px;
  border: 0;
  border-radius: 4px;
  -webkit-transition: background-color 250ms cubic-bezier(0.4, 0, 0.2, 1) 0ms,box-shadow 250ms cubic-bezier(0.4, 0, 0.2, 1) 0ms,border-color 250ms cubic-bezier(0.4, 0, 0.2, 1) 0ms,color 250ms cubic-bezier(0.4, 0, 0.2, 1) 0ms;
  transition: background-color 250ms cubic-bezier(0.4, 0, 0.2, 1) 0ms,box-shadow 250ms cubic-bezier(0.4, 0, 0.2, 1) 0ms,border-color 250ms cubic-bezier(0.4, 0, 0.2, 1) 0ms,color 250ms cubic-bezier(0.4, 0, 0.2, 1) 0ms;
  padding: 6px 8px;
  color: var(--variant-textColor);
  background-color: var(--variant-textBg);
  --variant-textColor: #1976d2;
  --variant-outlinedColor: #1976d2;
  --variant-outlinedBorder: rgba(25, 118, 210, 0.5);
  --variant-containedColor: #fff;
  --variant-containedBg: #1976d2;
  padding: 4px 5px;
  font-size: 0.8125rem;
  -webkit-transition: background-color 250ms cubic-bezier(0.4, 0, 0.2, 1) 0ms,box-shadow 250ms cubic-bezier(0.4, 0, 0.2, 1) 0ms,border-color 250ms cubic-bezier(0.4, 0, 0.2, 1) 0ms;
  transition: background-color 250ms cubic-bezier(0.4, 0, 0.2, 1) 0ms,box-shadow 250ms cubic-bezier(0.4, 0, 0.2, 1) 0ms,border-color 250ms cubic-bezier(0.4, 0, 0.2, 1) 0ms;
}

.emotion-0::-moz-focus-inner {
  border-style: none;
}

.emotion-0.Mui-disabled {
  pointer-events: none;
  cursor: default;
}

@media print {
  .emotion-0 {
    -webkit-print-color-adjust: exact;
    color-adjust: exact;
  }
}

.emotion-0:hover {
  -webkit-text-decoration: none;
  text-decoration: none;
}

.emotion-0.Mui-disabled {
  color: rgba(0, 0, 0, 0.26);
}

@media (hover: hover) {
  .emotion-0:hover {
    --variant-containedBg: #1565c0;
    --variant-textBg: rgba(25, 118, 210, 0.04);
    --variant-outlinedBorder: #1976d2;
    --variant-outlinedBg: rgba(25, 118, 210, 0.04);
  }
}

.emotion-0.MuiButton-loading {
  color: transparent;
}

.emotion-1 {
  display: inherit;
  margin-right: 8px;
  margin-left: -4px;
  margin-left: -2px;
}

.emotion-1>*:nth-of-type(1) {
  font-size: 18px;
}

.emotion-2 {
  -webkit-user-select: none;
  -moz-user-select: none;
  -ms-user-select: none;
  user-select: none;
  width: 1em;
  height: 1em;
  display: inline-block;
  -webkit-flex-shrink: 0;
  -ms-flex-negative: 0;
  flex-shrink: 0;
  -webkit-transition: fill 200ms cubic-bezier(0.4, 0, 0.2, 1) 0ms;
  transition: fill 200ms cubic-bezier(0.4, 0, 0.2, 1) 0ms;
  fill: currentColor;
  font-size: 1.5rem;
}

.emotion-3 {
  margin: 0;
  font-family: "Roboto","Helvetica","Arial",sans-serif;
  font-weight: 500;
  font-size: 0.875rem;
  line-height: 1.57;
  letter-spacing: 0.00714em;
}

<div
  class="margin-bottom "
>
  <div
    class="flexbox space-between center-aligned"
  >
    <div
      class="two-columns"
    >
      <div
        class="flexbox center-aligned"
      >
        <h4
          class="margin-right"
        >
          Tags
        </h4>
        <button
          class="MuiButtonBase-root MuiButton-root MuiButton-text MuiButton-textPrimary MuiButton-sizeSmall MuiButton-textSizeSmall MuiButton-colorPrimary MuiButton-root MuiButton-text MuiButton-textPrimary MuiButton-sizeSmall MuiButton-textSizeSmall MuiButton-colorPrimary emotion-0"
          style="padding: 5px;"
          tabindex="0"
          type="button"
        >
          <span
            class="MuiButton-icon MuiButton-startIcon MuiButton-iconSizeSmall emotion-1"
          >
            <svg
              aria-hidden="true"
              class="MuiSvgIcon-root MuiSvgIcon-fontSizeMedium emotion-2"
              data-testid="EditIcon"
              focusable="false"
              viewBox="0 0 24 24"
            >
              <path
                d="M3 17.25V21h3.75L17.81 9.94l-3.75-3.75zM20.71 7.04c.39-.39.39-1.02 0-1.41l-2.34-2.34a.996.996 0 0 0-1.41 0l-1.83 1.83 3.75 3.75z"
              />
            </svg>
          </span>
          Edit
        </button>
      </div>
    </div>
    <div
      class="flexbox centered"
    />
  </div>
  <div />
  <div
    class="relative"
    style="max-width: 700px;"
  >
    <h6
      class="MuiTypography-root MuiTypography-subtitle2 emotion-3"
    >
      No tags have been set for this device.
    </h6>
  </div>
</div>
`;
