// Vitest Snapshot v1, https://vitest.dev/guide/snapshot.html

exports[`Dashboard Component > renders correctly 1`] = `
.emotion-0 {
  -webkit-column-gap: 48px;
  column-gap: 48px;
  display: -webkit-box;
  display: -webkit-flex;
  display: -ms-flexbox;
  display: flex;
  -webkit-box-flex-wrap: wrap;
  -webkit-flex-wrap: wrap;
  -ms-flex-wrap: wrap;
  flex-wrap: wrap;
  margin-bottom: 48px;
}

.emotion-1 {
  -webkit-box-flex: 1;
  -webkit-flex-grow: 1;
  -ms-flex-positive: 1;
  flex-grow: 1;
  -webkit-flex-basis: 0;
  -ms-flex-preferred-size: 0;
  flex-basis: 0;
  min-width: 60vw;
  display: -webkit-box;
  display: -webkit-flex;
  display: -ms-flexbox;
  display: flex;
  position: relative;
  row-gap: 48px;
  -webkit-flex-direction: column;
  -ms-flex-direction: column;
  flex-direction: column;
}

@media (min-width:1536px) {
  .emotion-1 {
    min-width: 50vw;
  }
}

.emotion-2 {
  -webkit-user-select: none;
  -moz-user-select: none;
  -ms-user-select: none;
  user-select: none;
  width: 1em;
  height: 1em;
  display: inline-block;
  -webkit-flex-shrink: 0;
  -ms-flex-negative: 0;
  flex-shrink: 0;
  -webkit-transition: fill 200ms cubic-bezier(0.4, 0, 0.2, 1) 0ms;
  transition: fill 200ms cubic-bezier(0.4, 0, 0.2, 1) 0ms;
  fill: currentColor;
  font-size: 1.5rem;
}

.emotion-3 {
  display: -webkit-inline-box;
  display: -webkit-inline-flex;
  display: -ms-inline-flexbox;
  display: inline-flex;
  -webkit-align-items: center;
  -webkit-box-align: center;
  -ms-flex-align: center;
  align-items: center;
  -webkit-box-pack: center;
  -ms-flex-pack: center;
  -webkit-justify-content: center;
  justify-content: center;
  position: relative;
  box-sizing: border-box;
  -webkit-tap-highlight-color: transparent;
  background-color: transparent;
  outline: 0;
  border: 0;
  margin: 0;
  border-radius: 0;
  padding: 0;
  cursor: pointer;
  -webkit-user-select: none;
  -moz-user-select: none;
  -ms-user-select: none;
  user-select: none;
  vertical-align: middle;
  -moz-appearance: none;
  -webkit-appearance: none;
  -webkit-text-decoration: none;
  text-decoration: none;
  color: inherit;
  font-family: "Roboto","Helvetica","Arial",sans-serif;
  font-weight: 500;
  font-size: 0.875rem;
  line-height: 1.75;
  letter-spacing: 0.02857em;
  text-transform: uppercase;
  min-height: 36px;
  -webkit-transition: background-color 250ms cubic-bezier(0.4, 0, 0.2, 1) 0ms,box-shadow 250ms cubic-bezier(0.4, 0, 0.2, 1) 0ms,border-color 250ms cubic-bezier(0.4, 0, 0.2, 1) 0ms;
  transition: background-color 250ms cubic-bezier(0.4, 0, 0.2, 1) 0ms,box-shadow 250ms cubic-bezier(0.4, 0, 0.2, 1) 0ms,border-color 250ms cubic-bezier(0.4, 0, 0.2, 1) 0ms;
  border-radius: 50%;
  padding: 0;
  min-width: 0;
  width: 56px;
  height: 56px;
  z-index: 1050;
  box-shadow: 0px 3px 5px -1px rgba(0,0,0,0.2),0px 6px 10px 0px rgba(0,0,0,0.14),0px 1px 18px 0px rgba(0,0,0,0.12);
  color: rgba(0, 0, 0, 0.87);
  background-color: #e0e0e0;
  color: #fff;
  background-color: #1976d2;
  top: -28px;
  right: 16px;
  z-index: 1;
}

.emotion-3::-moz-focus-inner {
  border-style: none;
}

.emotion-3.Mui-disabled {
  pointer-events: none;
  cursor: default;
}

@media print {
  .emotion-3 {
    -webkit-print-color-adjust: exact;
    color-adjust: exact;
  }
}

.emotion-3:active {
  box-shadow: 0px 7px 8px -4px rgba(0,0,0,0.2),0px 12px 17px 2px rgba(0,0,0,0.14),0px 5px 22px 4px rgba(0,0,0,0.12);
}

.emotion-3:hover {
  background-color: #f5f5f5;
  -webkit-text-decoration: none;
  text-decoration: none;
}

@media (hover: none) {
  .emotion-3:hover {
    background-color: #e0e0e0;
  }
}

.emotion-3.Mui-focusVisible {
  box-shadow: 0px 3px 5px -1px rgba(0,0,0,0.2),0px 6px 10px 0px rgba(0,0,0,0.14),0px 1px 18px 0px rgba(0,0,0,0.12);
}

.emotion-3:hover {
  background-color: #1565c0;
}

@media (hover: none) {
  .emotion-3:hover {
    background-color: #1976d2;
  }
}

.emotion-3.Mui-disabled {
  color: rgba(0, 0, 0, 0.26);
  box-shadow: none;
  background-color: rgba(0, 0, 0, 0.12);
}

.emotion-5 {
  gap: 16px;
}

.emotion-6 {
  display: -webkit-inline-box;
  display: -webkit-inline-flex;
  display: -ms-inline-flexbox;
  display: inline-flex;
  -webkit-align-items: center;
  -webkit-box-align: center;
  -ms-flex-align: center;
  align-items: center;
  -webkit-box-pack: center;
  -ms-flex-pack: center;
  -webkit-justify-content: center;
  justify-content: center;
  position: relative;
  box-sizing: border-box;
  -webkit-tap-highlight-color: transparent;
  background-color: transparent;
  outline: 0;
  border: 0;
  margin: 0;
  border-radius: 0;
  padding: 0;
  cursor: pointer;
  -webkit-user-select: none;
  -moz-user-select: none;
  -ms-user-select: none;
  user-select: none;
  vertical-align: middle;
  -moz-appearance: none;
  -webkit-appearance: none;
  -webkit-text-decoration: none;
  text-decoration: none;
  color: inherit;
  max-width: 100%;
  font-family: "Roboto","Helvetica","Arial",sans-serif;
  font-size: 0.8125rem;
  display: -webkit-inline-box;
  display: -webkit-inline-flex;
  display: -ms-inline-flexbox;
  display: inline-flex;
  -webkit-align-items: center;
  -webkit-box-align: center;
  -ms-flex-align: center;
  align-items: center;
  -webkit-box-pack: center;
  -ms-flex-pack: center;
  -webkit-justify-content: center;
  justify-content: center;
  height: 32px;
  line-height: 1.5;
  color: rgba(0, 0, 0, 0.87);
  background-color: rgba(0, 0, 0, 0.08);
  border-radius: 16px;
  white-space: nowrap;
  -webkit-transition: background-color 300ms cubic-bezier(0.4, 0, 0.2, 1) 0ms,box-shadow 300ms cubic-bezier(0.4, 0, 0.2, 1) 0ms;
  transition: background-color 300ms cubic-bezier(0.4, 0, 0.2, 1) 0ms,box-shadow 300ms cubic-bezier(0.4, 0, 0.2, 1) 0ms;
  cursor: unset;
  outline: 0;
  -webkit-text-decoration: none;
  text-decoration: none;
  border: 0;
  padding: 0;
  vertical-align: middle;
  box-sizing: border-box;
  -webkit-user-select: none;
  -moz-user-select: none;
  -ms-user-select: none;
  user-select: none;
  -webkit-tap-highlight-color: transparent;
  cursor: pointer;
  background-color: #f7fafb;
  color: rgba(0, 0, 0, 0.38);
  text-transform: uppercase;
  background-color: #f7fafb;
  color: rgba(0, 0, 0, 0.38);
  text-transform: uppercase;
}

.emotion-6::-moz-focus-inner {
  border-style: none;
}

.emotion-6.Mui-disabled {
  pointer-events: none;
  cursor: default;
}

@media print {
  .emotion-6 {
    -webkit-print-color-adjust: exact;
    color-adjust: exact;
  }
}

.emotion-6.Mui-disabled {
  opacity: 0.38;
  pointer-events: none;
}

.emotion-6 .MuiChip-avatar {
  margin-left: 5px;
  margin-right: -6px;
  width: 24px;
  height: 24px;
  color: #616161;
  font-size: 0.75rem;
}

.emotion-6 .MuiChip-avatarColorPrimary {
  color: #fff;
  background-color: #1565c0;
}

.emotion-6 .MuiChip-avatarColorSecondary {
  color: #fff;
  background-color: #7b1fa2;
}

.emotion-6 .MuiChip-avatarSmall {
  margin-left: 4px;
  margin-right: -4px;
  width: 18px;
  height: 18px;
  font-size: 0.625rem;
}

.emotion-6 .MuiChip-icon {
  margin-left: 5px;
  margin-right: -6px;
}

.emotion-6 .MuiChip-deleteIcon {
  -webkit-tap-highlight-color: transparent;
  color: rgba(0, 0, 0, 0.26);
  font-size: 22px;
  cursor: pointer;
  margin: 0 5px 0 -6px;
}

.emotion-6 .MuiChip-deleteIcon:hover {
  color: rgba(0, 0, 0, 0.4);
}

.emotion-6 .MuiChip-icon {
  color: #616161;
}

.emotion-6:hover {
  background-color: rgba(0, 0, 0, 0.12);
}

.emotion-6.Mui-focusVisible {
  background-color: rgba(0, 0, 0, 0.2);
}

.emotion-6:active {
  box-shadow: 0px 2px 1px -1px rgba(0,0,0,0.2),0px 1px 1px 0px rgba(0,0,0,0.14),0px 1px 3px 0px rgba(0,0,0,0.12);
}

.emotion-6:hover {
  font-weight: bold;
}

.emotion-6:hover {
  font-weight: bold;
}

.emotion-7 {
  overflow: hidden;
  text-overflow: ellipsis;
  padding-left: 12px;
  padding-right: 12px;
  white-space: nowrap;
}

.emotion-8 {
  -webkit-user-select: none;
  -moz-user-select: none;
  -ms-user-select: none;
  user-select: none;
  width: 1em;
  height: 1em;
  display: inline-block;
  -webkit-flex-shrink: 0;
  -ms-flex-negative: 0;
  flex-shrink: 0;
  -webkit-transition: fill 200ms cubic-bezier(0.4, 0, 0.2, 1) 0ms;
  transition: fill 200ms cubic-bezier(0.4, 0, 0.2, 1) 0ms;
  fill: currentColor;
  font-size: 1.5rem;
  color: #1976d2;
}

.emotion-8.read {
  color: rgba(0, 0, 0, 0.38);
}

.emotion-9 {
  position: absolute;
  top: -5px;
  bottom: 0;
  left: -5px;
  right: -5px;
  border: 1px dashed #1976d2;
  border-radius: 50%;
}

.emotion-9.read {
  border-color: rgba(0, 0, 0, 0.38);
}

.emotion-10 {
  font-size: 1rem;
  cursor: pointer;
}

.emotion-13 {
  -webkit-box-flex: 1;
  -webkit-flex-grow: 1;
  -ms-flex-positive: 1;
  flex-grow: 1;
  min-width: 400px;
  border: none;
  padding-left: 0;
  padding-top: 0;
}

.emotion-13 .deployments .dashboard>h4 {
  margin-top: 48px;
}

.emotion-13 .deployments .dashboard>h4.margin-top-none {
  margin-top: 0;
}

@media (min-width:1536px) {
  .emotion-13 {
    border-left: 1px solid #9e9e9e;
    margin-top: -16px;
    padding-left: 48px;
    padding-top: 16px;
  }

  .emotion-13 .deployments .dashboard>h4 {
    margin-top: 0;
  }
}

.emotion-14 {
  -webkit-align-items: center;
  -webkit-box-align: center;
  -ms-flex-align: center;
  align-items: center;
  background-color: #bdbdbd;
  border-radius: 8px;
  -webkit-column-gap: 16px;
  column-gap: 16px;
  display: grid;
  grid-template-columns: 200px 1fr;
  max-width: 500px;
  padding: 8px;
}

.emotion-14>div:last-child {
  width: 100%;
}

.emotion-15 {
  -webkit-user-select: none;
  -moz-user-select: none;
  -ms-user-select: none;
  user-select: none;
  width: 1em;
  height: 1em;
  display: inline-block;
  -webkit-flex-shrink: 0;
  -ms-flex-negative: 0;
  flex-shrink: 0;
  -webkit-transition: fill 200ms cubic-bezier(0.4, 0, 0.2, 1) 0ms;
  transition: fill 200ms cubic-bezier(0.4, 0, 0.2, 1) 0ms;
  fill: currentColor;
  font-size: inherit;
}

.emotion-21 {
  background-color: #bdbdbd;
  padding: 10px 20px;
  border-radius: 4px;
  -webkit-box-pack: center;
  -ms-flex-pack: center;
  -webkit-justify-content: center;
  justify-content: center;
  min-height: 70px;
}

.emotion-21 .chart-container {
  min-height: 70px;
}

.emotion-21 .progress-chart {
  min-height: 45px;
}

.emotion-21 .compact .progress-step,
.emotion-21 .detailed .progress-step {
  min-height: 45px;
}

.emotion-21 .progress-step,
.emotion-21 .detailed .progress-step-total {
  position: absolute;
  border-right-style: none;
}

.emotion-21 .progress-step-total .progress-bar {
  background-color: #fafafa;
}

.emotion-21 .progress-step-number {
  -webkit-align-self: flex-start;
  -ms-flex-item-align: flex-start;
  align-self: flex-start;
  margin-top: -4px;
}

.emotion-21.minimal {
  padding: initial;
}

.emotion-21.no-background {
  background: none;
}

.emotion-21.stepped-progress .progress-step-total {
  margin-left: -0.25%;
  width: 100.5%;
}

.emotion-21.stepped-progress .progress-step-total .progress-bar {
  background-color: #fff;
  border: 1px solid #424242;
  border-radius: 2px;
  height: 12px;
}

.emotion-21.stepped-progress .detailed .progress-step {
  min-height: 20px;
}

.emotion-26 {
  display: -webkit-box;
  display: -webkit-flex;
  display: -ms-flexbox;
  display: flex;
  -webkit-flex-direction: column;
  -ms-flex-direction: column;
  flex-direction: column;
  max-width: 500px;
}

.emotion-26>time {
  -webkit-align-self: flex-end;
  -ms-flex-item-align: flex-end;
  align-self: flex-end;
  margin-right: 6px;
}

.emotion-28 {
  background: #fff;
  border-radius: 4px;
  padding: 4px;
}

.emotion-29 {
  -webkit-column-gap: 8px;
  column-gap: 8px;
  display: grid;
  grid-template-columns: repeat(auto-fit, 32px);
}

.emotion-29>div {
  -webkit-column-gap: 4px;
  column-gap: 4px;
}

.emotion-29 .disabled {
  opacity: 0.1;
}

<div>
  <h4
    class="margin-left-small"
  >
    Dashboard
  </h4>
  <div
    class="emotion-0"
  >
    <div
      class="emotion-1"
    >
      <div
        class="dashboard"
      >
        <div
          class="widget "
        >
          <div
            class="flexbox widgetHeader"
          >
            <div
              class="flexbox center-aligned"
            >
              Accepted devices 
              <svg
                aria-hidden="true"
                class="MuiSvgIcon-root MuiSvgIcon-fontSizeMedium margin-left-small green emotion-2"
                data-testid="CheckCircleIcon"
                focusable="false"
                viewBox="0 0 24 24"
              >
                <path
                  d="M12 2C6.48 2 2 6.48 2 12s4.48 10 10 10 10-4.48 10-10S17.52 2 12 2m-2 15-5-5 1.41-1.41L10 14.17l7.59-7.59L19 8z"
                />
              </svg>
            </div>
          </div>
          <div
            class="flexbox column widgetMainContent"
          >
            <div
              class="counter"
            >
              2
            </div>
          </div>
        </div>
        <div
          class="relative"
        >
          <a
            class="MuiButtonBase-root MuiFab-root MuiFab-circular MuiFab-sizeLarge MuiFab-primary MuiFab-root MuiFab-circular MuiFab-sizeLarge MuiFab-primary absolute emotion-3"
            data-discover="true"
            href="/devices/pending"
            tabindex="0"
          >
            <svg
              aria-hidden="true"
              class="MuiSvgIcon-root MuiSvgIcon-fontSizeMedium emotion-2"
              data-testid="AddIcon"
              focusable="false"
              viewBox="0 0 24 24"
            >
              <path
                d="M19 13h-6v6h-2v-6H5v-2h6V5h2v6h6z"
              />
            </svg>
          </a>
          <div
            class="widget "
          >
            <div
              class="flexbox widgetHeader"
            >
              Pending devices
            </div>
            <div
              class="flexbox column widgetMainContent"
            >
              <div
                class="counter"
              >
                1
              </div>
              <span
                class="link"
              >
                View details
              </span>
            </div>
          </div>
        </div>
        <div
          class="widget flexbox centered"
        >
          <p
            class="muted"
            style="max-width: 200px;"
          >
            + connect more devices
          </p>
        </div>
      </div>
      <div
        class="dashboard margin-bottom-large"
      >
        <div
          class="widget"
        >
          <div
            class="flexbox center-aligned  emotion-5"
            style="align-items: end;"
          >
            <div
              class=""
              data-mui-internal-clone-element="true"
            >
              <div
                class="MuiButtonBase-root MuiChip-root MuiChip-filled MuiChip-sizeMedium MuiChip-colorDefault MuiChip-clickable MuiChip-clickableColorDefault MuiChip-filledDefault emotion-6"
                role="button"
                tabindex="0"
              >
                <span
                  class="MuiChip-label MuiChip-labelMedium emotion-7"
                >
                  Enterprise
                </span>
              </div>
            </div>
            <div
              class=""
              data-mui-internal-clone-element="true"
            >
              <div
                class="relative"
              >
                <svg
                  aria-hidden="true"
                  class="MuiSvgIcon-root MuiSvgIcon-colorPrimary MuiSvgIcon-fontSizeMedium emotion-8"
                  data-testid="HelpIcon"
                  focusable="false"
                  viewBox="0 0 24 24"
                >
                  <path
                    d="M12 2C6.48 2 2 6.48 2 12s4.48 10 10 10 10-4.48 10-10S17.52 2 12 2m1 17h-2v-2h2zm2.07-7.75-.9.92C13.45 12.9 13 13.5 13 15h-2v-.5c0-1.1.45-2.1 1.17-2.83l1.24-1.26c.37-.36.59-.86.59-1.41 0-1.1-.9-2-2-2s-2 .9-2 2H8c0-2.21 1.79-4 4-4s4 1.79 4 4c0 .88-.36 1.68-.93 2.25"
                  />
                </svg>
                <div
                  class="emotion-9 "
                />
              </div>
            </div>
          </div>
          <div
            class="flexbox centered muted emotion-10"
          >
            <svg
              aria-hidden="true"
              class="MuiSvgIcon-root MuiSvgIcon-fontSizeMedium emotion-2"
              data-testid="AddIcon"
              focusable="false"
              viewBox="0 0 24 24"
            >
              <path
                d="M19 13h-6v6h-2v-6H5v-2h6V5h2v6h6z"
              />
            </svg>
            <span
              class="emotion-10"
            >
              add a widget
            </span>
          </div>
        </div>
      </div>
    </div>
    <div
      class="emotion-13 deployments"
    >
      <div
        class="dashboard flexbox column"
        style="grid-template-columns: 1fr; row-gap: 10px;"
      >
        <h4
          class="margin-bottom-none margin-left-small"
        >
          Recent deployments
        </h4>
        <h5
          class="margin-bottom-none"
        >
          Pending
        </h5>
        <div
          class="clickable emotion-14"
        >
          <div>
            <div />
            <div
              class=""
              title="Test"
            >
              Test
            </div>
          </div>
          <div
            class="flexbox center-aligned"
          >
            <svg
              aria-hidden="true"
              class="MuiSvgIcon-root MuiSvgIcon-fontSizeInherit emotion-15"
              focusable="false"
              viewBox="0 0 24 24"
            >
              <path
                d="M12,2A10,10 0 0,1 22,12A10,10 0 0,1 12,22A10,10 0 0,1 2,12A10,10 0 0,1 12,2M12,4A8,8 0 0,0 4,12A8,8 0 0,0 12,20A8,8 0 0,0 20,12A8,8 0 0,0 12,4M12,10.5A1.5,1.5 0 0,1 13.5,12A1.5,1.5 0 0,1 12,13.5A1.5,1.5 0 0,1 10.5,12A1.5,1.5 0 0,1 12,10.5M7.5,10.5A1.5,1.5 0 0,1 9,12A1.5,1.5 0 0,1 7.5,13.5A1.5,1.5 0 0,1 6,12A1.5,1.5 0 0,1 7.5,10.5M16.5,10.5A1.5,1.5 0 0,1 18,12A1.5,1.5 0 0,1 16.5,13.5A1.5,1.5 0 0,1 15,12A1.5,1.5 0 0,1 16.5,10.5Z"
              />
            </svg>
            <span
              class="margin-left-small"
            >
              Queued to start
            </span>
          </div>
        </div>
        <div
          class="clickable emotion-14"
        >
          <div>
            <div>
              r1
            </div>
            <div
              class=""
              title="test deployment"
            >
              test deployment
            </div>
          </div>
          <div
            class="flexbox center-aligned"
          >
            <svg
              aria-hidden="true"
              class="MuiSvgIcon-root MuiSvgIcon-fontSizeInherit emotion-15"
              focusable="false"
              viewBox="0 0 24 24"
            >
              <path
                d="M12,2A10,10 0 0,1 22,12A10,10 0 0,1 12,22A10,10 0 0,1 2,12A10,10 0 0,1 12,2M12,4A8,8 0 0,0 4,12A8,8 0 0,0 12,20A8,8 0 0,0 20,12A8,8 0 0,0 12,4M12,10.5A1.5,1.5 0 0,1 13.5,12A1.5,1.5 0 0,1 12,13.5A1.5,1.5 0 0,1 10.5,12A1.5,1.5 0 0,1 12,10.5M7.5,10.5A1.5,1.5 0 0,1 9,12A1.5,1.5 0 0,1 7.5,13.5A1.5,1.5 0 0,1 6,12A1.5,1.5 0 0,1 7.5,10.5M16.5,10.5A1.5,1.5 0 0,1 18,12A1.5,1.5 0 0,1 16.5,13.5A1.5,1.5 0 0,1 15,12A1.5,1.5 0 0,1 16.5,10.5Z"
              />
            </svg>
            <span
              class="margin-left-small"
            >
              Queued to start
            </span>
          </div>
        </div>
        <div
          class="clickable emotion-14"
        >
          <div>
            <div>
              r1
            </div>
            <div
              class=""
              title="test deployment 2"
            >
              test deployment 2
            </div>
          </div>
          <div
            class="flexbox center-aligned"
          >
            <svg
              aria-hidden="true"
              class="MuiSvgIcon-root MuiSvgIcon-fontSizeInherit emotion-15"
              focusable="false"
              viewBox="0 0 24 24"
            >
              <path
                d="M12,2A10,10 0 0,1 22,12A10,10 0 0,1 12,22A10,10 0 0,1 2,12A10,10 0 0,1 12,2M12,4A8,8 0 0,0 4,12A8,8 0 0,0 12,20A8,8 0 0,0 20,12A8,8 0 0,0 12,4M12,10.5A1.5,1.5 0 0,1 13.5,12A1.5,1.5 0 0,1 12,13.5A1.5,1.5 0 0,1 10.5,12A1.5,1.5 0 0,1 12,10.5M7.5,10.5A1.5,1.5 0 0,1 9,12A1.5,1.5 0 0,1 7.5,13.5A1.5,1.5 0 0,1 6,12A1.5,1.5 0 0,1 7.5,10.5M16.5,10.5A1.5,1.5 0 0,1 18,12A1.5,1.5 0 0,1 16.5,13.5A1.5,1.5 0 0,1 15,12A1.5,1.5 0 0,1 16.5,10.5Z"
              />
            </svg>
            <span
              class="margin-left-small"
            >
              Queued to start
            </span>
          </div>
        </div>
        <h5
          class="margin-bottom-none"
        >
          In Progress
        </h5>
        <div
          class="clickable emotion-14"
        >
          <div>
            <div />
            <div
              class=""
              title="Test"
            >
              Test
            </div>
          </div>
          <div
            class="relative emotion-21 minimal "
          >
            <div
              class="chart-container"
            >
              <div
                class="progress-chart relative detailed"
              >
                <div
                  class="progress-step"
                  style="left: 0%; width: 2%;"
                >
                  <div
                    style="display: contents;"
                  >
                    <div
                      class="progress-bar green"
                      style="width: 0%;"
                    />
                    <div
                      class="progress-bar warning"
                      style="left: 0%; width: 0%;"
                    />
                  </div>
                </div>
                <div
                  class="progress-step"
                  style="left: 2%; width: 3%;"
                >
                  <div
                    style="display: contents;"
                  >
                    <div
                      class="progress-bar green"
                      style="width: 0%;"
                    />
                    <div
                      class="progress-bar warning"
                      style="left: 0%; width: 0%;"
                    />
                  </div>
                </div>
                <div
                  class="progress-step"
                  style="left: 5%; width: 5%;"
                >
                  <div
                    style="display: contents;"
                  >
                    <div
                      class="progress-bar green"
                      style="width: 0%;"
                    />
                    <div
                      class="progress-bar warning"
                      style="left: 0%; width: 0%;"
                    />
                  </div>
                </div>
                <div
                  class="progress-step"
                  style="left: 10%; width: 5%;"
                >
                  <div
                    style="display: contents;"
                  >
                    <div
                      class="progress-bar green"
                      style="width: 0%;"
                    />
                    <div
                      class="progress-bar warning"
                      style="left: 0%; width: 0%;"
                    />
                  </div>
                </div>
                <div
                  class="progress-step"
                  style="left: 15%; width: 85%;"
                >
                  <div
                    style="display: contents;"
                  >
                    <div
                      class="progress-bar green"
                      style="width: 0%;"
                    />
                    <div
                      class="progress-bar warning"
                      style="left: 0%; width: 0%;"
                    />
                  </div>
                </div>
                <div
                  class="progress-step relative flexbox progress-step-total"
                >
                  <div
                    class="progress-bar"
                  />
                </div>
              </div>
            </div>
          </div>
        </div>
        <div
          class="clickable emotion-14"
        >
          <div>
            <div>
              r1
            </div>
            <div
              class=""
              title="test deployment"
            >
              test deployment
            </div>
          </div>
          <div
            class="relative emotion-21 minimal "
          >
            <div
              class="chart-container"
            >
              <div
                class="progress-chart relative detailed"
              >
                <div
                  class="progress-step"
                  style="left: 0%; width: 100%;"
                >
                  <div
                    class="progress-bar"
                    style="width: 100%; background-color: rgb(170, 170, 170);"
                  />
                  <div
                    style="display: contents;"
                  >
                    <div
                      class="progress-bar green"
                      style="width: 0%;"
                    />
                    <div
                      class="progress-bar warning"
                      style="left: 0%; width: 0%;"
                    />
                  </div>
                </div>
                <div
                  class="progress-step relative flexbox progress-step-total"
                >
                  <div
                    class="progress-bar"
                  />
                </div>
              </div>
            </div>
          </div>
        </div>
        <div
          class="clickable emotion-14"
        >
          <div>
            <div>
              r1
            </div>
            <div
              class=""
              title="test deployment 2"
            >
              test deployment 2
            </div>
          </div>
          <div
            class="flexbox center-aligned"
          >
            <svg
              aria-hidden="true"
              class="MuiSvgIcon-root MuiSvgIcon-fontSizeInherit emotion-15"
              focusable="false"
              viewBox="0 0 24 24"
            >
              <path
                d="M12,2A10,10 0 0,1 22,12A10,10 0 0,1 12,22A10,10 0 0,1 2,12A10,10 0 0,1 12,2M12,4A8,8 0 0,0 4,12A8,8 0 0,0 12,20A8,8 0 0,0 20,12A8,8 0 0,0 12,4M12,10.5A1.5,1.5 0 0,1 13.5,12A1.5,1.5 0 0,1 12,13.5A1.5,1.5 0 0,1 10.5,12A1.5,1.5 0 0,1 12,10.5M7.5,10.5A1.5,1.5 0 0,1 9,12A1.5,1.5 0 0,1 7.5,13.5A1.5,1.5 0 0,1 6,12A1.5,1.5 0 0,1 7.5,10.5M16.5,10.5A1.5,1.5 0 0,1 18,12A1.5,1.5 0 0,1 16.5,13.5A1.5,1.5 0 0,1 15,12A1.5,1.5 0 0,1 16.5,10.5Z"
              />
            </svg>
            <span
              class="margin-left-small"
            >
              Queued to start
            </span>
          </div>
        </div>
        <h5
          class="margin-bottom-none"
        >
          Finished
        </h5>
        <div
          class="emotion-26"
        >
          <time
            class="muted slightly-smaller"
            datetime="2019-01-13T13:00:03+00:00"
          >
            2019-01-13 13:00
          </time>
          <div
            class="clickable emotion-14"
          >
            <div>
              <div />
              <div
                class=""
                title="Test"
              >
                Test
              </div>
            </div>
            <div
              class="emotion-28"
            >
              <div
                class="flexbox emotion-29 "
              >
                <div
                  aria-label="Skipped"
                  class="flexbox centered disabled"
                  data-mui-internal-clone-element="true"
                >
                  <img
                    src="/src/assets/img/skipped_status.png"
                  />
                  <div
                    class="status"
                  >
                    0
                  </div>
                </div>
                <div
                  aria-label="Pending"
                  class="flexbox centered disabled"
                  data-mui-internal-clone-element="true"
                >
                  <img
                    src="/src/assets/img/pending_status.png"
                  />
                  <div
                    class="status"
                  >
                    0
                  </div>
                </div>
                <div
                  aria-label="In progress"
                  class="flexbox centered disabled"
                  data-mui-internal-clone-element="true"
                >
                  <img
                    src="/src/assets/img/progress_status.png"
                  />
                  <div
                    class="status"
                  >
                    0
                  </div>
                </div>
                <div
                  aria-label="Successful"
                  class="flexbox centered disabled"
                  data-mui-internal-clone-element="true"
                >
                  <img
                    src="/src/assets/img/success_status.png"
                  />
                  <div
                    class="status"
                  >
                    0
                  </div>
                </div>
                <div
                  aria-label="Failed"
                  class="flexbox centered disabled"
                  data-mui-internal-clone-element="true"
                >
                  <img
                    src="/src/assets/img/error_status.png"
                  />
                  <div
                    class="status"
                  >
                    0
                  </div>
                </div>
              </div>
            </div>
          </div>
        </div>
        <div
          class="emotion-26"
        >
          <time
            class="muted slightly-smaller"
            datetime="2019-01-13T13:00:03+00:00"
          >
            2019-01-13 13:00
          </time>
          <div
            class="clickable emotion-14"
          >
            <div>
              <div>
                r1
              </div>
              <div
                class=""
                title="test deployment"
              >
                test deployment
              </div>
            </div>
            <div
              class="emotion-28"
            >
              <div
                class="flexbox emotion-29 "
              >
                <div
                  aria-label="Skipped"
                  class="flexbox centered disabled"
                  data-mui-internal-clone-element="true"
                >
                  <img
                    src="/src/assets/img/skipped_status.png"
                  />
                  <div
                    class="status"
                  >
                    0
                  </div>
                </div>
                <div
                  aria-label="Pending"
                  class="flexbox centered disabled"
                  data-mui-internal-clone-element="true"
                >
                  <img
                    src="/src/assets/img/pending_status.png"
                  />
                  <div
                    class="status"
                  >
                    0
                  </div>
                </div>
                <div
                  aria-label="In progress"
                  class="flexbox centered "
                  data-mui-internal-clone-element="true"
                >
                  <img
                    src="/src/assets/img/progress_status.png"
                  />
                  <div
                    class="status"
                  >
                    1
                  </div>
                </div>
                <div
                  aria-label="Successful"
                  class="flexbox centered disabled"
                  data-mui-internal-clone-element="true"
                >
                  <img
                    src="/src/assets/img/success_status.png"
                  />
                  <div
                    class="status"
                  >
                    0
                  </div>
                </div>
                <div
                  aria-label="Failed"
                  class="flexbox centered disabled"
                  data-mui-internal-clone-element="true"
                >
                  <img
                    src="/src/assets/img/error_status.png"
                  />
                  <div
                    class="status"
                  >
                    0
                  </div>
                </div>
              </div>
            </div>
          </div>
        </div>
        <div
          class="emotion-26"
        >
          <time
            class="muted slightly-smaller"
            datetime="2019-01-13T13:00:03+00:00"
          >
            2019-01-13 13:00
          </time>
          <div
            class="clickable emotion-14"
          >
            <div>
              <div>
                r1
              </div>
              <div
                class=""
                title="test deployment 2"
              >
                test deployment 2
              </div>
            </div>
            <div
              class="emotion-28"
            >
              <div
                class="flexbox emotion-29 "
              >
                <div
                  aria-label="Skipped"
                  class="flexbox centered disabled"
                  data-mui-internal-clone-element="true"
                >
                  <img
                    src="/src/assets/img/skipped_status.png"
                  />
                  <div
                    class="status"
                  >
                    0
                  </div>
                </div>
                <div
                  aria-label="Pending"
                  class="flexbox centered "
                  data-mui-internal-clone-element="true"
                >
                  <img
                    src="/src/assets/img/pending_status.png"
                  />
                  <div
                    class="status"
                  >
                    1
                  </div>
                </div>
                <div
                  aria-label="In progress"
                  class="flexbox centered disabled"
                  data-mui-internal-clone-element="true"
                >
                  <img
                    src="/src/assets/img/progress_status.png"
                  />
                  <div
                    class="status"
                  >
                    0
                  </div>
                </div>
                <div
                  aria-label="Successful"
                  class="flexbox centered disabled"
                  data-mui-internal-clone-element="true"
                >
                  <img
                    src="/src/assets/img/success_status.png"
                  />
                  <div
                    class="status"
                  >
                    0
                  </div>
                </div>
                <div
                  aria-label="Failed"
                  class="flexbox centered disabled"
                  data-mui-internal-clone-element="true"
                >
                  <img
                    src="/src/assets/img/error_status.png"
                  />
                  <div
                    class="status"
                  >
                    0
                  </div>
                </div>
              </div>
            </div>
          </div>
        </div>
        <a
          class="margin-top margin-bottom-large"
          data-discover="true"
          href="/deployments"
        >
          See all deployments
        </a>
      </div>
    </div>
  </div>
</div>
`;
