// Vitest Snapshot v1, https://vitest.dev/guide/snapshot.html

exports[`DeploymentNotifications Component > renders correctly 1`] = `
.emotion-0 {
  -webkit-user-select: none;
  -moz-user-select: none;
  -ms-user-select: none;
  user-select: none;
  width: 1em;
  height: 1em;
  display: inline-block;
  -webkit-flex-shrink: 0;
  -ms-flex-negative: 0;
  flex-shrink: 0;
  -webkit-transition: fill 200ms cubic-bezier(0.4, 0, 0.2, 1) 0ms;
  transition: fill 200ms cubic-bezier(0.4, 0, 0.2, 1) 0ms;
  fill: currentColor;
  font-size: 1.1607rem;
}

.emotion-0 iconButton {
  margin-right: 8px;
}

<a
  class=""
  data-discover="true"
  href="/deployments/active"
>
  <svg
    aria-hidden="true"
    class="MuiSvgIcon-root MuiSvgIcon-fontSizeSmall flip-horizontal margin-right-x-small emotion-0"
    data-testid="RefreshIcon"
    focusable="false"
    viewBox="0 0 24 24"
  >
    <path
      d="M17.65 6.35C16.2 4.9 14.21 4 12 4c-4.42 0-7.99 3.58-7.99 8s3.57 8 7.99 8c3.73 0 6.84-2.55 7.73-6h-2.08c-.82 2.33-3.04 4-5.65 4-3.31 0-6-2.69-6-6s2.69-6 6-6c1.66 0 3.14.69 4.22 1.78L13 11h7V4z"
    />
  </svg>
  <div />
</a>
`;
