// Vitest Snapshot v1, https://vitest.dev/guide/snapshot.html

exports[`DeviceNotifications Component > renders correctly 1`] = `
.emotion-0:hover .warning span,
.emotion-0:hover .warning svg {
  color: rgba(93, 15, 67, 0.075);
}

.emotion-0 .warning span,
.emotion-0 .warning svg {
  color: #ab1000;
}

.emotion-0:hover .approaching span,
.emotion-0:hover .approaching svg {
  color: #ff9800;
}

.emotion-0 .approaching span,
.emotion-0 .approaching svg {
  color: #ed6c02;
}

.emotion-1 {
  -webkit-user-select: none;
  -moz-user-select: none;
  -ms-user-select: none;
  user-select: none;
  width: 1em;
  height: 1em;
  display: inline-block;
  -webkit-flex-shrink: 0;
  -ms-flex-negative: 0;
  flex-shrink: 0;
  -webkit-transition: fill 200ms cubic-bezier(0.4, 0, 0.2, 1) 0ms;
  transition: fill 200ms cubic-bezier(0.4, 0, 0.2, 1) 0ms;
  fill: currentColor;
  font-size: 1.1607rem;
}

.emotion-1 iconButton {
  margin-right: 8px;
}

<div
  class=" emotion-0"
  data-mui-internal-clone-element="true"
>
  <a
    class="flexbox center-aligned "
    data-discover="true"
    href="/devices"
  >
    <svg
      aria-hidden="true"
      class="MuiSvgIcon-root MuiSvgIcon-fontSizeSmall margin-right-x-small emotion-1"
      data-testid="DeveloperBoardIcon"
      focusable="false"
      viewBox="0 0 24 24"
    >
      <path
        d="M22 9V7h-2V5c0-1.1-.9-2-2-2H4c-1.1 0-2 .9-2 2v14c0 1.1.9 2 2 2h14c1.1 0 2-.9 2-2v-2h2v-2h-2v-2h2v-2h-2V9zm-4 10H4V5h14zM6 13h5v4H6zm6-6h4v3h-4zM6 7h5v5H6zm6 4h4v6h-4z"
      />
    </svg>
    <div>
      100
    </div>
    <div
      id="limit"
    >
      /
      1,000
    </div>
  </a>
  <a
    class="margin-left-x-small"
    data-discover="true"
    href="/devices/pending"
  >
    10
     pending
  </a>
</div>
`;

exports[`DeviceNotifications Component > renders correctly at limit 1`] = `
.emotion-0:hover .warning span,
.emotion-0:hover .warning svg {
  color: rgba(93, 15, 67, 0.075);
}

.emotion-0 .warning span,
.emotion-0 .warning svg {
  color: #ab1000;
}

.emotion-0:hover .approaching span,
.emotion-0:hover .approaching svg {
  color: #ff9800;
}

.emotion-0 .approaching span,
.emotion-0 .approaching svg {
  color: #ed6c02;
}

.emotion-1 {
  -webkit-user-select: none;
  -moz-user-select: none;
  -ms-user-select: none;
  user-select: none;
  width: 1em;
  height: 1em;
  display: inline-block;
  -webkit-flex-shrink: 0;
  -ms-flex-negative: 0;
  flex-shrink: 0;
  -webkit-transition: fill 200ms cubic-bezier(0.4, 0, 0.2, 1) 0ms;
  transition: fill 200ms cubic-bezier(0.4, 0, 0.2, 1) 0ms;
  fill: currentColor;
  font-size: 1.1607rem;
}

.emotion-1 iconButton {
  margin-right: 8px;
}

<div
  class=" emotion-0"
  data-mui-internal-clone-element="true"
>
  <a
    class="flexbox center-aligned warning"
    data-discover="true"
    href="/devices"
  >
    <svg
      aria-hidden="true"
      class="MuiSvgIcon-root MuiSvgIcon-fontSizeSmall margin-right-x-small emotion-1"
      data-testid="DeveloperBoardIcon"
      focusable="false"
      viewBox="0 0 24 24"
    >
      <path
        d="M22 9V7h-2V5c0-1.1-.9-2-2-2H4c-1.1 0-2 .9-2 2v14c0 1.1.9 2 2 2h14c1.1 0 2-.9 2-2v-2h2v-2h-2v-2h2v-2h-2V9zm-4 10H4V5h14zM6 13h5v4H6zm6-6h4v3h-4zM6 7h5v5H6zm6 4h4v6h-4z"
      />
    </svg>
    <div>
      250
    </div>
    <div
      id="limit"
    >
      /
      250
    </div>
  </a>
  <a
    class="warning margin-left-x-small"
    data-discover="true"
    href="/devices/pending"
  >
    5
     pending
  </a>
</div>
`;

exports[`DeviceNotifications Component > renders correctly close to limits 1`] = `
.emotion-0:hover .warning span,
.emotion-0:hover .warning svg {
  color: rgba(93, 15, 67, 0.075);
}

.emotion-0 .warning span,
.emotion-0 .warning svg {
  color: #ab1000;
}

.emotion-0:hover .approaching span,
.emotion-0:hover .approaching svg {
  color: #ff9800;
}

.emotion-0 .approaching span,
.emotion-0 .approaching svg {
  color: #ed6c02;
}

.emotion-1 {
  -webkit-user-select: none;
  -moz-user-select: none;
  -ms-user-select: none;
  user-select: none;
  width: 1em;
  height: 1em;
  display: inline-block;
  -webkit-flex-shrink: 0;
  -ms-flex-negative: 0;
  flex-shrink: 0;
  -webkit-transition: fill 200ms cubic-bezier(0.4, 0, 0.2, 1) 0ms;
  transition: fill 200ms cubic-bezier(0.4, 0, 0.2, 1) 0ms;
  fill: currentColor;
  font-size: 1.1607rem;
}

.emotion-1 iconButton {
  margin-right: 8px;
}

<div
  class=" emotion-0"
  data-mui-internal-clone-element="true"
>
  <a
    class="flexbox center-aligned approaching"
    data-discover="true"
    href="/devices"
  >
    <svg
      aria-hidden="true"
      class="MuiSvgIcon-root MuiSvgIcon-fontSizeSmall margin-right-x-small emotion-1"
      data-testid="DeveloperBoardIcon"
      focusable="false"
      viewBox="0 0 24 24"
    >
      <path
        d="M22 9V7h-2V5c0-1.1-.9-2-2-2H4c-1.1 0-2 .9-2 2v14c0 1.1.9 2 2 2h14c1.1 0 2-.9 2-2v-2h2v-2h-2v-2h2v-2h-2V9zm-4 10H4V5h14zM6 13h5v4H6zm6-6h4v3h-4zM6 7h5v5H6zm6 4h4v6h-4z"
      />
    </svg>
    <div>
      240
    </div>
    <div
      id="limit"
    >
      /
      250
    </div>
  </a>
  <a
    class="margin-left-x-small"
    data-discover="true"
    href="/devices/pending"
  >
    5
     pending
  </a>
</div>
`;

exports[`DeviceNotifications Component > renders correctly with limits 1`] = `
.emotion-0:hover .warning span,
.emotion-0:hover .warning svg {
  color: rgba(93, 15, 67, 0.075);
}

.emotion-0 .warning span,
.emotion-0 .warning svg {
  color: #ab1000;
}

.emotion-0:hover .approaching span,
.emotion-0:hover .approaching svg {
  color: #ff9800;
}

.emotion-0 .approaching span,
.emotion-0 .approaching svg {
  color: #ed6c02;
}

.emotion-1 {
  -webkit-user-select: none;
  -moz-user-select: none;
  -ms-user-select: none;
  user-select: none;
  width: 1em;
  height: 1em;
  display: inline-block;
  -webkit-flex-shrink: 0;
  -ms-flex-negative: 0;
  flex-shrink: 0;
  -webkit-transition: fill 200ms cubic-bezier(0.4, 0, 0.2, 1) 0ms;
  transition: fill 200ms cubic-bezier(0.4, 0, 0.2, 1) 0ms;
  fill: currentColor;
  font-size: 1.1607rem;
}

.emotion-1 iconButton {
  margin-right: 8px;
}

<div
  class=" emotion-0"
  data-mui-internal-clone-element="true"
>
  <a
    class="flexbox center-aligned "
    data-discover="true"
    href="/devices"
  >
    <svg
      aria-hidden="true"
      class="MuiSvgIcon-root MuiSvgIcon-fontSizeSmall margin-right-x-small emotion-1"
      data-testid="DeveloperBoardIcon"
      focusable="false"
      viewBox="0 0 24 24"
    >
      <path
        d="M22 9V7h-2V5c0-1.1-.9-2-2-2H4c-1.1 0-2 .9-2 2v14c0 1.1.9 2 2 2h14c1.1 0 2-.9 2-2v-2h2v-2h-2v-2h2v-2h-2V9zm-4 10H4V5h14zM6 13h5v4H6zm6-6h4v3h-4zM6 7h5v5H6zm6 4h4v6h-4z"
      />
    </svg>
    <div>
      40
    </div>
    <div
      id="limit"
    >
      /
      250
    </div>
  </a>
  <a
    class="margin-left-x-small"
    data-discover="true"
    href="/devices/pending"
  >
    5
     pending
  </a>
</div>
`;

exports[`DeviceNotifications Component > renders correctly without limits 1`] = `
.emotion-0:hover .warning span,
.emotion-0:hover .warning svg {
  color: rgba(93, 15, 67, 0.075);
}

.emotion-0 .warning span,
.emotion-0 .warning svg {
  color: #ab1000;
}

.emotion-0:hover .approaching span,
.emotion-0:hover .approaching svg {
  color: #ff9800;
}

.emotion-0 .approaching span,
.emotion-0 .approaching svg {
  color: #ed6c02;
}

.emotion-1 {
  -webkit-user-select: none;
  -moz-user-select: none;
  -ms-user-select: none;
  user-select: none;
  width: 1em;
  height: 1em;
  display: inline-block;
  -webkit-flex-shrink: 0;
  -ms-flex-negative: 0;
  flex-shrink: 0;
  -webkit-transition: fill 200ms cubic-bezier(0.4, 0, 0.2, 1) 0ms;
  transition: fill 200ms cubic-bezier(0.4, 0, 0.2, 1) 0ms;
  fill: currentColor;
  font-size: 1.1607rem;
}

.emotion-1 iconButton {
  margin-right: 8px;
}

<div
  class=" emotion-0"
>
  <a
    class="flexbox center-aligned "
    data-discover="true"
    href="/devices"
  >
    <svg
      aria-hidden="true"
      class="MuiSvgIcon-root MuiSvgIcon-fontSizeSmall margin-right-x-small emotion-1"
      data-testid="DeveloperBoardIcon"
      focusable="false"
      viewBox="0 0 24 24"
    >
      <path
        d="M22 9V7h-2V5c0-1.1-.9-2-2-2H4c-1.1 0-2 .9-2 2v14c0 1.1.9 2 2 2h14c1.1 0 2-.9 2-2v-2h2v-2h-2v-2h2v-2h-2V9zm-4 10H4V5h14zM6 13h5v4H6zm6-6h4v3h-4zM6 7h5v5H6zm6 4h4v6h-4z"
      />
    </svg>
    <div>
      240
    </div>
  </a>
  <a
    class="margin-left-x-small"
    data-discover="true"
    href="/devices/pending"
  >
    5
     pending
  </a>
</div>
`;
