// Vitest Snapshot v1, https://vitest.dev/guide/snapshot.html

exports[`CreateGroupExplainer Component > renders correctly 1`] = `
.emotion-0 {
  position: fixed;
  z-index: 1300;
  right: 0;
  bottom: 0;
  top: 0;
  left: 0;
}

@media print {
  .emotion-0 {
    position: absolute!important;
  }
}

.emotion-1 {
  position: fixed;
  display: -webkit-box;
  display: -webkit-flex;
  display: -ms-flexbox;
  display: flex;
  -webkit-align-items: center;
  -webkit-box-align: center;
  -ms-flex-align: center;
  align-items: center;
  -webkit-box-pack: center;
  -ms-flex-pack: center;
  -webkit-justify-content: center;
  justify-content: center;
  right: 0;
  bottom: 0;
  top: 0;
  left: 0;
  background-color: rgba(0, 0, 0, 0.5);
  -webkit-tap-highlight-color: transparent;
  z-index: -1;
}

.emotion-2 {
  height: 100%;
  outline: 0;
  display: -webkit-box;
  display: -webkit-flex;
  display: -ms-flexbox;
  display: flex;
  -webkit-box-pack: center;
  -ms-flex-pack: center;
  -webkit-justify-content: center;
  justify-content: center;
  -webkit-align-items: center;
  -webkit-box-align: center;
  -ms-flex-align: center;
  align-items: center;
}

@media print {
  .emotion-2 {
    height: auto;
  }
}

.emotion-3 {
  background-color: #fff;
  color: rgba(0, 0, 0, 0.87);
  -webkit-transition: box-shadow 300ms cubic-bezier(0.4, 0, 0.2, 1) 0ms;
  transition: box-shadow 300ms cubic-bezier(0.4, 0, 0.2, 1) 0ms;
  border-radius: 4px;
  box-shadow: var(--Paper-shadow);
  background-image: var(--Paper-overlay);
  margin: 32px;
  position: relative;
  overflow-y: auto;
  display: -webkit-box;
  display: -webkit-flex;
  display: -ms-flexbox;
  display: flex;
  -webkit-flex-direction: column;
  -ms-flex-direction: column;
  flex-direction: column;
  max-height: calc(100% - 64px);
  max-width: 900px;
  width: calc(100% - 64px);
}

@media print {
  .emotion-3 {
    overflow-y: visible;
    box-shadow: none;
  }
}

@media (max-width:963.95px) {
  .emotion-3.MuiDialog-paperScrollBody {
    max-width: calc(100% - 64px);
  }
}

.emotion-4 {
  margin: 0;
  font-family: "Roboto","Helvetica","Arial",sans-serif;
  font-weight: 500;
  font-size: 1.25rem;
  line-height: 1.6;
  letter-spacing: 0.0075em;
  padding: 16px 24px;
  -webkit-flex: 0 0 auto;
  -ms-flex: 0 0 auto;
  flex: 0 0 auto;
}

.emotion-5 {
  -webkit-flex: 1 1 auto;
  -ms-flex: 1 1 auto;
  flex: 1 1 auto;
  -webkit-overflow-scrolling: touch;
  overflow-y: auto;
  padding: 20px 24px;
}

.MuiDialogTitle-root+.emotion-5 {
  padding-top: 0;
}

.emotion-6 {
  -webkit-box-flex: 1;
  -webkit-flex-grow: 1;
  -ms-flex-positive: 1;
  flex-grow: 1;
  padding: 25px;
}

.emotion-7 {
  -webkit-user-select: none;
  -moz-user-select: none;
  -ms-user-select: none;
  user-select: none;
  width: 1em;
  height: 1em;
  display: inline-block;
  -webkit-flex-shrink: 0;
  -ms-flex-negative: 0;
  flex-shrink: 0;
  -webkit-transition: fill 200ms cubic-bezier(0.4, 0, 0.2, 1) 0ms;
  transition: fill 200ms cubic-bezier(0.4, 0, 0.2, 1) 0ms;
  fill: currentColor;
  font-size: 1.25rem;
  color: #7b7b7b;
}

.emotion-8 {
  max-width: 100%;
}

.emotion-11 {
  gap: 16px;
}

.emotion-12 {
  display: -webkit-inline-box;
  display: -webkit-inline-flex;
  display: -ms-inline-flexbox;
  display: inline-flex;
  -webkit-align-items: center;
  -webkit-box-align: center;
  -ms-flex-align: center;
  align-items: center;
  -webkit-box-pack: center;
  -ms-flex-pack: center;
  -webkit-justify-content: center;
  justify-content: center;
  position: relative;
  box-sizing: border-box;
  -webkit-tap-highlight-color: transparent;
  background-color: transparent;
  outline: 0;
  border: 0;
  margin: 0;
  border-radius: 0;
  padding: 0;
  cursor: pointer;
  -webkit-user-select: none;
  -moz-user-select: none;
  -ms-user-select: none;
  user-select: none;
  vertical-align: middle;
  -moz-appearance: none;
  -webkit-appearance: none;
  -webkit-text-decoration: none;
  text-decoration: none;
  color: inherit;
  max-width: 100%;
  font-family: "Roboto","Helvetica","Arial",sans-serif;
  font-size: 0.8125rem;
  display: -webkit-inline-box;
  display: -webkit-inline-flex;
  display: -ms-inline-flexbox;
  display: inline-flex;
  -webkit-align-items: center;
  -webkit-box-align: center;
  -ms-flex-align: center;
  align-items: center;
  -webkit-box-pack: center;
  -ms-flex-pack: center;
  -webkit-justify-content: center;
  justify-content: center;
  height: 32px;
  line-height: 1.5;
  color: rgba(0, 0, 0, 0.87);
  background-color: rgba(0, 0, 0, 0.08);
  border-radius: 16px;
  white-space: nowrap;
  -webkit-transition: background-color 300ms cubic-bezier(0.4, 0, 0.2, 1) 0ms,box-shadow 300ms cubic-bezier(0.4, 0, 0.2, 1) 0ms;
  transition: background-color 300ms cubic-bezier(0.4, 0, 0.2, 1) 0ms,box-shadow 300ms cubic-bezier(0.4, 0, 0.2, 1) 0ms;
  cursor: unset;
  outline: 0;
  -webkit-text-decoration: none;
  text-decoration: none;
  border: 0;
  padding: 0;
  vertical-align: middle;
  box-sizing: border-box;
  -webkit-user-select: none;
  -moz-user-select: none;
  -ms-user-select: none;
  user-select: none;
  -webkit-tap-highlight-color: transparent;
  cursor: pointer;
  background-color: #f7fafb;
  color: rgba(0, 0, 0, 0.38);
  text-transform: uppercase;
  background-color: #f7fafb;
  color: rgba(0, 0, 0, 0.38);
  text-transform: uppercase;
}

.emotion-12::-moz-focus-inner {
  border-style: none;
}

.emotion-12.Mui-disabled {
  pointer-events: none;
  cursor: default;
}

@media print {
  .emotion-12 {
    -webkit-print-color-adjust: exact;
    color-adjust: exact;
  }
}

.emotion-12.Mui-disabled {
  opacity: 0.38;
  pointer-events: none;
}

.emotion-12 .MuiChip-avatar {
  margin-left: 5px;
  margin-right: -6px;
  width: 24px;
  height: 24px;
  color: #616161;
  font-size: 0.75rem;
}

.emotion-12 .MuiChip-avatarColorPrimary {
  color: #fff;
  background-color: #1565c0;
}

.emotion-12 .MuiChip-avatarColorSecondary {
  color: #fff;
  background-color: #7b1fa2;
}

.emotion-12 .MuiChip-avatarSmall {
  margin-left: 4px;
  margin-right: -4px;
  width: 18px;
  height: 18px;
  font-size: 0.625rem;
}

.emotion-12 .MuiChip-icon {
  margin-left: 5px;
  margin-right: -6px;
}

.emotion-12 .MuiChip-deleteIcon {
  -webkit-tap-highlight-color: transparent;
  color: rgba(0, 0, 0, 0.26);
  font-size: 22px;
  cursor: pointer;
  margin: 0 5px 0 -6px;
}

.emotion-12 .MuiChip-deleteIcon:hover {
  color: rgba(0, 0, 0, 0.4);
}

.emotion-12 .MuiChip-icon {
  color: #616161;
}

.emotion-12:hover {
  background-color: rgba(0, 0, 0, 0.12);
}

.emotion-12.Mui-focusVisible {
  background-color: rgba(0, 0, 0, 0.2);
}

.emotion-12:active {
  box-shadow: 0px 2px 1px -1px rgba(0,0,0,0.2),0px 1px 1px 0px rgba(0,0,0,0.14),0px 1px 3px 0px rgba(0,0,0,0.12);
}

.emotion-12:hover {
  font-weight: bold;
}

.emotion-12:hover {
  font-weight: bold;
}

.emotion-13 {
  overflow: hidden;
  text-overflow: ellipsis;
  padding-left: 12px;
  padding-right: 12px;
  white-space: nowrap;
}

.emotion-14 {
  display: -webkit-inline-box;
  display: -webkit-inline-flex;
  display: -ms-inline-flexbox;
  display: inline-flex;
  -webkit-align-items: center;
  -webkit-box-align: center;
  -ms-flex-align: center;
  align-items: center;
  -webkit-box-pack: center;
  -ms-flex-pack: center;
  -webkit-justify-content: center;
  justify-content: center;
  position: relative;
  box-sizing: border-box;
  -webkit-tap-highlight-color: transparent;
  background-color: transparent;
  outline: 0;
  border: 0;
  margin: 0;
  border-radius: 0;
  padding: 0;
  cursor: pointer;
  -webkit-user-select: none;
  -moz-user-select: none;
  -ms-user-select: none;
  user-select: none;
  vertical-align: middle;
  -moz-appearance: none;
  -webkit-appearance: none;
  -webkit-text-decoration: none;
  text-decoration: none;
  color: inherit;
  max-width: 100%;
  font-family: "Roboto","Helvetica","Arial",sans-serif;
  font-size: 0.8125rem;
  display: -webkit-inline-box;
  display: -webkit-inline-flex;
  display: -ms-inline-flexbox;
  display: inline-flex;
  -webkit-align-items: center;
  -webkit-box-align: center;
  -ms-flex-align: center;
  align-items: center;
  -webkit-box-pack: center;
  -ms-flex-pack: center;
  -webkit-justify-content: center;
  justify-content: center;
  height: 32px;
  line-height: 1.5;
  color: rgba(0, 0, 0, 0.87);
  background-color: rgba(0, 0, 0, 0.08);
  border-radius: 16px;
  white-space: nowrap;
  -webkit-transition: background-color 300ms cubic-bezier(0.4, 0, 0.2, 1) 0ms,box-shadow 300ms cubic-bezier(0.4, 0, 0.2, 1) 0ms;
  transition: background-color 300ms cubic-bezier(0.4, 0, 0.2, 1) 0ms,box-shadow 300ms cubic-bezier(0.4, 0, 0.2, 1) 0ms;
  cursor: unset;
  outline: 0;
  -webkit-text-decoration: none;
  text-decoration: none;
  border: 0;
  padding: 0;
  vertical-align: middle;
  box-sizing: border-box;
  background-color: #1976d2;
  color: #fff;
  -webkit-user-select: none;
  -moz-user-select: none;
  -ms-user-select: none;
  user-select: none;
  -webkit-tap-highlight-color: transparent;
  cursor: pointer;
  background-color: transparent;
  border: 1px solid #bdbdbd;
  color: #1976d2;
  border: 1px solid rgba(25, 118, 210, 0.7);
  border-style: dashed;
}

.emotion-14::-moz-focus-inner {
  border-style: none;
}

.emotion-14.Mui-disabled {
  pointer-events: none;
  cursor: default;
}

@media print {
  .emotion-14 {
    -webkit-print-color-adjust: exact;
    color-adjust: exact;
  }
}

.emotion-14.Mui-disabled {
  opacity: 0.38;
  pointer-events: none;
}

.emotion-14 .MuiChip-avatar {
  margin-left: 5px;
  margin-right: -6px;
  width: 24px;
  height: 24px;
  color: #616161;
  font-size: 0.75rem;
}

.emotion-14 .MuiChip-avatarColorPrimary {
  color: #fff;
  background-color: #1565c0;
}

.emotion-14 .MuiChip-avatarColorSecondary {
  color: #fff;
  background-color: #7b1fa2;
}

.emotion-14 .MuiChip-avatarSmall {
  margin-left: 4px;
  margin-right: -4px;
  width: 18px;
  height: 18px;
  font-size: 0.625rem;
}

.emotion-14 .MuiChip-icon {
  margin-left: 5px;
  margin-right: -6px;
}

.emotion-14 .MuiChip-deleteIcon {
  -webkit-tap-highlight-color: transparent;
  color: rgba(0, 0, 0, 0.26);
  font-size: 22px;
  cursor: pointer;
  margin: 0 5px 0 -6px;
}

.emotion-14 .MuiChip-deleteIcon:hover {
  color: rgba(0, 0, 0, 0.4);
}

.emotion-14 .MuiChip-deleteIcon {
  color: rgba(255, 255, 255, 0.7);
}

.emotion-14 .MuiChip-deleteIcon:hover,
.emotion-14 .MuiChip-deleteIcon:active {
  color: #fff;
}

.emotion-14 .MuiChip-icon {
  color: #616161;
}

.emotion-14 .MuiChip-icon {
  color: inherit;
}

.emotion-14.Mui-focusVisible {
  background-color: rgba(0, 0, 0, 0.2);
}

.emotion-14.Mui-focusVisible {
  background: #1565c0;
}

.emotion-14:hover {
  background-color: rgba(0, 0, 0, 0.12);
}

.emotion-14.Mui-focusVisible {
  background-color: rgba(0, 0, 0, 0.2);
}

.emotion-14:active {
  box-shadow: 0px 2px 1px -1px rgba(0,0,0,0.2),0px 1px 1px 0px rgba(0,0,0,0.14),0px 1px 3px 0px rgba(0,0,0,0.12);
}

.emotion-14:hover,
.emotion-14.Mui-focusVisible {
  background-color: #1565c0;
}

.emotion-14.MuiChip-clickable:hover {
  background-color: rgba(0, 0, 0, 0.04);
}

.emotion-14.Mui-focusVisible {
  background-color: rgba(0, 0, 0, 0.12);
}

.emotion-14 .MuiChip-avatar {
  margin-left: 4px;
}

.emotion-14 .MuiChip-avatarSmall {
  margin-left: 2px;
}

.emotion-14 .MuiChip-icon {
  margin-left: 4px;
}

.emotion-14 .MuiChip-iconSmall {
  margin-left: 2px;
}

.emotion-14 .MuiChip-deleteIcon {
  margin-right: 5px;
}

.emotion-14 .MuiChip-deleteIconSmall {
  margin-right: 3px;
}

.emotion-14.MuiChip-clickable:hover {
  background-color: rgba(25, 118, 210, 0.04);
}

.emotion-14.Mui-focusVisible {
  background-color: rgba(25, 118, 210, 0.12);
}

.emotion-14 .MuiChip-deleteIcon {
  color: rgba(25, 118, 210, 0.7);
}

.emotion-14 .MuiChip-deleteIcon:hover,
.emotion-14 .MuiChip-deleteIcon:active {
  color: #1976d2;
}

.emotion-14 .MuiChip-deleteIcon {
  font-size: smaller;
}

.emotion-14.not-hovering {
  border-color: transparent;
  color: rgba(0, 0, 0, 0.38);
}

.emotion-14.not-hovering .MuiChip-deleteIcon {
  color: rgba(0, 0, 0, 0.38);
}

.emotion-14.not-hovering .MuiChip-label {
  padding-left: 0;
  visibility: collapse;
}

.emotion-15 {
  overflow: hidden;
  text-overflow: ellipsis;
  padding-left: 12px;
  padding-right: 12px;
  white-space: nowrap;
  padding-left: 11px;
  padding-right: 11px;
}

.emotion-16 {
  height: 0;
  overflow: hidden;
  -webkit-transition: height 300ms cubic-bezier(0.4, 0, 0.2, 1) 0ms;
  transition: height 300ms cubic-bezier(0.4, 0, 0.2, 1) 0ms;
  height: auto;
  width: 0;
  -webkit-transition: width 300ms cubic-bezier(0.4, 0, 0.2, 1) 0ms;
  transition: width 300ms cubic-bezier(0.4, 0, 0.2, 1) 0ms;
  visibility: hidden;
}

.emotion-17 {
  display: -webkit-box;
  display: -webkit-flex;
  display: -ms-flexbox;
  display: flex;
  width: 100%;
  width: auto;
  height: 100%;
}

.emotion-18 {
  width: 100%;
  width: auto;
  height: 100%;
}

.emotion-19 {
  -webkit-user-select: none;
  -moz-user-select: none;
  -ms-user-select: none;
  user-select: none;
  width: 1em;
  height: 1em;
  display: inline-block;
  -webkit-flex-shrink: 0;
  -ms-flex-negative: 0;
  flex-shrink: 0;
  -webkit-transition: fill 200ms cubic-bezier(0.4, 0, 0.2, 1) 0ms;
  transition: fill 200ms cubic-bezier(0.4, 0, 0.2, 1) 0ms;
  fill: currentColor;
  font-size: 1.25rem;
}

.emotion-20 {
  position: absolute;
  top: -6px;
  bottom: -4px;
  left: -7px;
  right: -6.5px;
  border: 1px dashed rgba(0, 0, 0, 0.38);
  border-radius: 50%;
}

.emotion-20.hovering {
  border-color: transparent;
}

.emotion-22 {
  display: -webkit-box;
  display: -webkit-flex;
  display: -ms-flexbox;
  display: flex;
  -webkit-align-items: center;
  -webkit-box-align: center;
  -ms-flex-align: center;
  align-items: center;
  padding: 8px;
  -webkit-box-pack: end;
  -ms-flex-pack: end;
  -webkit-justify-content: flex-end;
  justify-content: flex-end;
  -webkit-flex: 0 0 auto;
  -ms-flex: 0 0 auto;
  flex: 0 0 auto;
}

.emotion-22>:not(style)~:not(style) {
  margin-left: 8px;
}

.emotion-23 {
  display: -webkit-inline-box;
  display: -webkit-inline-flex;
  display: -ms-inline-flexbox;
  display: inline-flex;
  -webkit-align-items: center;
  -webkit-box-align: center;
  -ms-flex-align: center;
  align-items: center;
  -webkit-box-pack: center;
  -ms-flex-pack: center;
  -webkit-justify-content: center;
  justify-content: center;
  position: relative;
  box-sizing: border-box;
  -webkit-tap-highlight-color: transparent;
  background-color: transparent;
  outline: 0;
  border: 0;
  margin: 0;
  border-radius: 0;
  padding: 0;
  cursor: pointer;
  -webkit-user-select: none;
  -moz-user-select: none;
  -ms-user-select: none;
  user-select: none;
  vertical-align: middle;
  -moz-appearance: none;
  -webkit-appearance: none;
  -webkit-text-decoration: none;
  text-decoration: none;
  color: inherit;
  font-family: "Roboto","Helvetica","Arial",sans-serif;
  font-weight: 500;
  font-size: 0.875rem;
  line-height: 1.75;
  letter-spacing: 0.02857em;
  text-transform: uppercase;
  min-width: 64px;
  padding: 6px 16px;
  border: 0;
  border-radius: 4px;
  -webkit-transition: background-color 250ms cubic-bezier(0.4, 0, 0.2, 1) 0ms,box-shadow 250ms cubic-bezier(0.4, 0, 0.2, 1) 0ms,border-color 250ms cubic-bezier(0.4, 0, 0.2, 1) 0ms,color 250ms cubic-bezier(0.4, 0, 0.2, 1) 0ms;
  transition: background-color 250ms cubic-bezier(0.4, 0, 0.2, 1) 0ms,box-shadow 250ms cubic-bezier(0.4, 0, 0.2, 1) 0ms,border-color 250ms cubic-bezier(0.4, 0, 0.2, 1) 0ms,color 250ms cubic-bezier(0.4, 0, 0.2, 1) 0ms;
  padding: 6px 8px;
  color: var(--variant-textColor);
  background-color: var(--variant-textBg);
  --variant-textColor: #1976d2;
  --variant-outlinedColor: #1976d2;
  --variant-outlinedBorder: rgba(25, 118, 210, 0.5);
  --variant-containedColor: #fff;
  --variant-containedBg: #1976d2;
  -webkit-transition: background-color 250ms cubic-bezier(0.4, 0, 0.2, 1) 0ms,box-shadow 250ms cubic-bezier(0.4, 0, 0.2, 1) 0ms,border-color 250ms cubic-bezier(0.4, 0, 0.2, 1) 0ms;
  transition: background-color 250ms cubic-bezier(0.4, 0, 0.2, 1) 0ms,box-shadow 250ms cubic-bezier(0.4, 0, 0.2, 1) 0ms,border-color 250ms cubic-bezier(0.4, 0, 0.2, 1) 0ms;
}

.emotion-23::-moz-focus-inner {
  border-style: none;
}

.emotion-23.Mui-disabled {
  pointer-events: none;
  cursor: default;
}

@media print {
  .emotion-23 {
    -webkit-print-color-adjust: exact;
    color-adjust: exact;
  }
}

.emotion-23:hover {
  -webkit-text-decoration: none;
  text-decoration: none;
}

.emotion-23.Mui-disabled {
  color: rgba(0, 0, 0, 0.26);
}

@media (hover: hover) {
  .emotion-23:hover {
    --variant-containedBg: #1565c0;
    --variant-textBg: rgba(25, 118, 210, 0.04);
    --variant-outlinedBorder: #1976d2;
    --variant-outlinedBg: rgba(25, 118, 210, 0.04);
  }
}

.emotion-23.MuiButton-loading {
  color: transparent;
}

<div
  class="MuiDialog-root MuiModal-root emotion-0"
  role="presentation"
>
  <div
    aria-hidden="true"
    class="MuiBackdrop-root MuiModal-backdrop emotion-1"
    style="opacity: 1; transition: opacity 225ms cubic-bezier(0.4, 0, 0.2, 1) 0ms;"
  />
  <div
    data-testid="sentinelStart"
    tabindex="0"
  />
  <div
    class="MuiDialog-container MuiDialog-scrollPaper emotion-2"
    role="presentation"
    style="opacity: 1; transition: opacity 225ms cubic-bezier(0.4, 0, 0.2, 1) 0ms;"
    tabindex="-1"
  >
    <div
      aria-labelledby="«r1»"
      aria-modal="true"
      class="MuiPaper-root MuiPaper-elevation MuiPaper-rounded MuiPaper-elevation24 MuiDialog-paper MuiDialog-paperScrollPaper MuiDialog-paperWidthMd MuiDialog-paperFullWidth emotion-3"
      role="dialog"
      style="--Paper-shadow: 0px 11px 15px -7px rgba(0,0,0,0.2),0px 24px 38px 3px rgba(0,0,0,0.14),0px 9px 46px 8px rgba(0,0,0,0.12);"
    >
      <h2
        class="MuiTypography-root MuiTypography-h6 MuiDialogTitle-root emotion-4"
        id="«r1»"
      >
        Creating a group
      </h2>
      <div
        class="MuiDialogContent-root emotion-5"
      >
        <div
          class="flexbox column"
        >
          <div
            class="two-columns margin-bottom emotion-6"
          >
            <div
              class="margin-right-large"
            >
              <div
                class="flexbox center-aligned margin-bottom"
              >
                <svg
                  aria-hidden="true"
                  class="MuiSvgIcon-root MuiSvgIcon-fontSizeSmall emotion-7"
                  data-testid="LockOutlinedIcon"
                  focusable="false"
                  viewBox="0 0 24 24"
                >
                  <path
                    d="M18 8h-1V6c0-2.76-2.24-5-5-5S7 3.24 7 6v2H6c-1.1 0-2 .9-2 2v10c0 1.1.9 2 2 2h12c1.1 0 2-.9 2-2V10c0-1.1-.9-2-2-2M9 6c0-1.66 1.34-3 3-3s3 1.34 3 3v2H9zm9 14H6V10h12zm-6-3c1.1 0 2-.9 2-2s-.9-2-2-2-2 .9-2 2 .9 2 2 2"
                  />
                </svg>
                <div
                  class="bold margin-left-small"
                >
                  Static group
                </div>
              </div>
              <p
                class="help-content"
              >
                Select specific devices to add them to a static group. Filter to find devices in the 'All devices' UI, check the devices you want to add, and click the action button to assign them to a group.
              </p>
            </div>
            <img
              class="emotion-8"
              src="/src/assets/img/static-group-creation.gif"
            />
          </div>
          <div
            class="two-columns emotion-6 non-enterprise"
          >
            <div
              class="margin-right-large"
            >
              <div
                class="flexbox center-aligned margin-bottom"
              >
                <svg
                  aria-hidden="true"
                  class="MuiSvgIcon-root MuiSvgIcon-fontSizeSmall emotion-7"
                  data-testid="AutorenewIcon"
                  focusable="false"
                  viewBox="0 0 24 24"
                >
                  <path
                    d="M12 6v3l4-4-4-4v3c-4.42 0-8 3.58-8 8 0 1.57.46 3.03 1.24 4.26L6.7 14.8c-.45-.83-.7-1.79-.7-2.8 0-3.31 2.69-6 6-6m6.76 1.74L17.3 9.2c.44.84.7 1.79.7 2.8 0 3.31-2.69 6-6 6v-3l-4 4 4 4v-3c4.42 0 8-3.58 8-8 0-1.57-.46-3.03-1.24-4.26"
                  />
                </svg>
                <div
                  class="bold margin-left-small margin-right"
                >
                  Dynamic group
                </div>
                <div
                  class="flexbox center-aligned margin-left-small emotion-11"
                >
                  <div
                    class=""
                    data-mui-internal-clone-element="true"
                  >
                    <div
                      class="MuiButtonBase-root MuiChip-root MuiChip-filled MuiChip-sizeMedium MuiChip-colorDefault MuiChip-clickable MuiChip-clickableColorDefault MuiChip-filledDefault emotion-12"
                      role="button"
                      tabindex="0"
                    >
                      <span
                        class="MuiChip-label MuiChip-labelMedium emotion-13"
                      >
                        Enterprise
                      </span>
                    </div>
                  </div>
                  <div
                    class=""
                    data-mui-internal-clone-element="true"
                  >
                    <div
                      class="MuiButtonBase-root MuiChip-root MuiChip-outlined MuiChip-sizeMedium MuiChip-colorPrimary MuiChip-clickable MuiChip-clickableColorPrimary MuiChip-deletable MuiChip-deletableColorPrimary MuiChip-outlinedPrimary not-hovering emotion-14"
                      role="button"
                      tabindex="0"
                    >
                      <span
                        class="MuiChip-label MuiChip-labelMedium emotion-15"
                      >
                        <div
                          class="MuiCollapse-root MuiCollapse-horizontal MuiCollapse-hidden emotion-16"
                          style="min-width: 0px;"
                        >
                          <div
                            class="MuiCollapse-wrapper MuiCollapse-horizontal emotion-17"
                          >
                            <div
                              class="MuiCollapse-wrapperInner MuiCollapse-horizontal emotion-18"
                            >
                              Learn more
                            </div>
                          </div>
                        </div>
                      </span>
                      <div
                        class="relative MuiChip-deleteIcon MuiChip-deleteIconMedium MuiChip-deleteIconColorPrimary MuiChip-deleteIconOutlinedColorPrimary"
                      >
                        <svg
                          aria-hidden="true"
                          class="MuiSvgIcon-root MuiSvgIcon-fontSizeSmall emotion-19"
                          data-testid="DescriptionIcon"
                          focusable="false"
                          viewBox="0 0 24 24"
                        >
                          <path
                            d="M14 2H6c-1.1 0-1.99.9-1.99 2L4 20c0 1.1.89 2 1.99 2H18c1.1 0 2-.9 2-2V8zm2 16H8v-2h8zm0-4H8v-2h8zm-3-5V3.5L18.5 9z"
                          />
                        </svg>
                        <div
                          class="emotion-20 not-hovering"
                        />
                      </div>
                    </div>
                  </div>
                </div>
              </div>
              <p
                class="help-content"
              >
                You can set filters based on device attributes, and save them as a group. At any point in time, all devices that match the filters will be part of this group. This means that new devices will automatically join the group if they match the filters.
              </p>
            </div>
            <img
              class="emotion-8"
              src="/src/assets/img/dynamic-group-creation.gif"
            />
          </div>
        </div>
      </div>
      <div
        class="MuiDialogActions-root MuiDialogActions-spacing emotion-22"
      >
        <button
          class="MuiButtonBase-root MuiButton-root MuiButton-text MuiButton-textPrimary MuiButton-sizeMedium MuiButton-textSizeMedium MuiButton-colorPrimary MuiButton-root MuiButton-text MuiButton-textPrimary MuiButton-sizeMedium MuiButton-textSizeMedium MuiButton-colorPrimary emotion-23"
          tabindex="0"
          type="button"
        >
          Close
        </button>
      </div>
    </div>
  </div>
  <div
    data-testid="sentinelEnd"
    tabindex="0"
  />
</div>
`;
