// Vitest Snapshot v1, https://vitest.dev/guide/snapshot.html

exports[`LeftNav Component > renders correctly 1`] = `
.emotion-0 {
  background-color: #f7f7f7;
  border-right: 1px solid rgba(0, 0, 0, 0.12);
}

.emotion-0 .MuiList-root {
  padding-top: 0;
}

.emotion-1 {
  list-style: none;
  margin: 0;
  padding: 0;
  position: relative;
  padding-top: 8px;
  padding-bottom: 8px;
}

.emotion-2 {
  display: -webkit-box;
  display: -webkit-flex;
  display: -ms-flexbox;
  display: flex;
  -webkit-box-pack: start;
  -ms-flex-pack: start;
  -webkit-justify-content: flex-start;
  justify-content: flex-start;
  -webkit-align-items: center;
  -webkit-box-align: center;
  -ms-flex-align: center;
  align-items: center;
  position: relative;
  -webkit-text-decoration: none;
  text-decoration: none;
  width: 100%;
  box-sizing: border-box;
  text-align: left;
  padding-top: 8px;
  padding-bottom: 8px;
  padding-left: 16px;
  padding-right: 16px;
  padding-top: 11px;
  padding-bottom: 11px;
  padding: 28px;
  color: rgba(10, 10, 11, 0.78);
}

.emotion-2.active {
  background-color: #fff;
}

.emotion-2.leftNav.active {
  border-top: 1px solid #d4e9e7;
  border-bottom: 1px solid #d4e9e7;
}

.emotion-2.navLink,
.emotion-2.navLink .MuiListItemText-root {
  color: #969696;
}

.emotion-2.active {
  background-color: #fff;
  border-top: 1px solid rgba(0, 0, 0, 0.12);
  border-bottom: 1px solid rgba(0, 0, 0, 0.12);
}

.emotion-3 {
  -webkit-flex: 1 1 auto;
  -ms-flex: 1 1 auto;
  flex: 1 1 auto;
  min-width: 0;
  margin-top: 4px;
  margin-bottom: 4px;
  margin-top: 0;
  margin-bottom: 0;
  color: rgba(10, 10, 11, 0.78);
}

.MuiTypography-root:where(.emotion-3 .MuiListItemText-primary) {
  display: block;
}

.MuiTypography-root:where(.emotion-3 .MuiListItemText-secondary) {
  display: block;
}

.emotion-4 {
  margin: 0;
  line-height: 1.5;
  font-family: Lato,sans-serif;
  font-weight: 400;
  font-size: 0.9286rem;
}

.emotion-17 {
  list-style: none;
  margin: 0;
  padding: 0;
  position: relative;
  padding-top: 8px;
  padding-bottom: 8px;
  gap: 8px;
}

.emotion-18 {
  margin: 0;
  font-family: Lato,sans-serif;
  font-weight: 400;
  font-size: 0.8125rem;
  line-height: 1.43;
}

.emotion-20 {
  font-weight: inherit;
}

<div
  class="leftFixed leftNav flexbox column space-between emotion-0"
>
  <ul
    class="MuiList-root MuiList-padding emotion-1"
  >
    <a
      aria-current="page"
      class="MuiListItem-root MuiListItem-gutters MuiListItem-padding navLink leftNav padding-left-large emotion-2 active"
      data-discover="true"
      href="/"
    >
      <div
        class="MuiListItemText-root emotion-3"
      >
        <span
          class="MuiTypography-root MuiTypography-body1 MuiListItemText-primary emotion-4"
        >
          Dashboard
        </span>
      </div>
    </a>
    <a
      class="MuiListItem-root MuiListItem-gutters MuiListItem-padding navLink leftNav padding-left-large emotion-2"
      data-discover="true"
      href="/devices"
    >
      <div
        class="MuiListItemText-root emotion-3"
      >
        <span
          class="MuiTypography-root MuiTypography-body1 MuiListItemText-primary emotion-4"
        >
          Devices
        </span>
      </div>
    </a>
    <a
      class="MuiListItem-root MuiListItem-gutters MuiListItem-padding navLink leftNav padding-left-large emotion-2"
      data-discover="true"
      href="/releases"
    >
      <div
        class="MuiListItemText-root emotion-3"
      >
        <span
          class="MuiTypography-root MuiTypography-body1 MuiListItemText-primary emotion-4"
        >
          Releases
        </span>
      </div>
    </a>
    <a
      class="MuiListItem-root MuiListItem-gutters MuiListItem-padding navLink leftNav padding-left-large emotion-2"
      data-discover="true"
      href="/deployments"
    >
      <div
        class="MuiListItemText-root emotion-3"
      >
        <span
          class="MuiTypography-root MuiTypography-body1 MuiListItemText-primary emotion-4"
        >
          Deployments
        </span>
      </div>
    </a>
    <a
      class="MuiListItem-root MuiListItem-gutters MuiListItem-padding navLink leftNav padding-left-large emotion-2"
      data-discover="true"
      href="/auditlog"
    >
      <div
        class="MuiListItemText-root emotion-3"
      >
        <span
          class="MuiTypography-root MuiTypography-body1 MuiListItemText-primary emotion-4"
        >
          Audit log
        </span>
      </div>
    </a>
  </ul>
  <ul
    class="MuiList-root MuiList-padding flexbox column padding-left-large padding-bottom emotion-17"
  >
    <a
      class=""
      data-discover="true"
      href="/help"
    >
      <p
        class="MuiTypography-root MuiTypography-body2 emotion-18"
      >
        Help & support
      </p>
    </a>
    <div
      class="clickable slightly-smaller"
      data-mui-internal-clone-element="true"
    >
      Version: latest
    </div>
    <p
      class="MuiTypography-root MuiTypography-body2 emotion-18"
    >
      <a
        class="emotion-20"
        href="https://docs.mender.io/release-information/release-notes-changelog/hosted-mender"
        rel="noopener"
        target="_blank"
      >
        Release information
      </a>
    </p>
    <p
      class="MuiTypography-root MuiTypography-body2 emotion-18"
    >
      <a
        class="emotion-20"
        href="https://docs.mender.io/release-information/open-source-licenses"
        rel="noopener"
        target="_blank"
      >
        License information
      </a>
    </p>
  </ul>
</div>
`;
