// Vitest Snapshot v1, https://vitest.dev/guide/snapshot.html

exports[`DeviceNameInput Component > renders correctly 1`] = `
.emotion-0 {
  font-family: "Roboto","Helvetica","Arial",sans-serif;
  font-weight: 400;
  font-size: 1rem;
  line-height: 1.4375em;
  letter-spacing: 0.00938em;
  color: rgba(0, 0, 0, 0.87);
  box-sizing: border-box;
  position: relative;
  cursor: text;
  display: -webkit-inline-box;
  display: -webkit-inline-flex;
  display: -ms-inline-flexbox;
  display: inline-flex;
  -webkit-align-items: center;
  -webkit-box-align: center;
  -ms-flex-align: center;
  align-items: center;
  position: relative;
  border-radius: 4px;
  padding-right: 14px;
  color: rgba(0, 0, 0, 0.87);
  font-size: 0.8125rem;
}

.emotion-0.Mui-disabled {
  color: rgba(0, 0, 0, 0.38);
  cursor: default;
}

.emotion-0:hover .MuiOutlinedInput-notchedOutline {
  border-color: rgba(0, 0, 0, 0.87);
}

@media (hover: none) {
  .emotion-0:hover .MuiOutlinedInput-notchedOutline {
    border-color: rgba(0, 0, 0, 0.23);
  }
}

.emotion-0.Mui-focused .MuiOutlinedInput-notchedOutline {
  border-width: 2px;
}

.emotion-0.Mui-focused .MuiOutlinedInput-notchedOutline {
  border-color: #1976d2;
}

.emotion-0.Mui-error .MuiOutlinedInput-notchedOutline {
  border-color: #d32f2f;
}

.emotion-0.Mui-disabled .MuiOutlinedInput-notchedOutline {
  border-color: rgba(0, 0, 0, 0.26);
}

.emotion-1 {
  font: inherit;
  letter-spacing: inherit;
  color: currentColor;
  padding: 4px 0 5px;
  border: 0;
  box-sizing: content-box;
  background: none;
  height: 1.4375em;
  margin: 0;
  -webkit-tap-highlight-color: transparent;
  display: block;
  min-width: 0;
  width: 100%;
  -webkit-animation-name: mui-auto-fill-cancel;
  animation-name: mui-auto-fill-cancel;
  -webkit-animation-duration: 10ms;
  animation-duration: 10ms;
  padding-top: 1px;
  padding: 16.5px 14px;
  padding: 8.5px 14px;
  padding-right: 0;
}

.emotion-1::-webkit-input-placeholder {
  color: currentColor;
  opacity: 0.42;
  -webkit-transition: opacity 200ms cubic-bezier(0.4, 0, 0.2, 1) 0ms;
  transition: opacity 200ms cubic-bezier(0.4, 0, 0.2, 1) 0ms;
}

.emotion-1::-moz-placeholder {
  color: currentColor;
  opacity: 0.42;
  -webkit-transition: opacity 200ms cubic-bezier(0.4, 0, 0.2, 1) 0ms;
  transition: opacity 200ms cubic-bezier(0.4, 0, 0.2, 1) 0ms;
}

.emotion-1::-ms-input-placeholder {
  color: currentColor;
  opacity: 0.42;
  -webkit-transition: opacity 200ms cubic-bezier(0.4, 0, 0.2, 1) 0ms;
  transition: opacity 200ms cubic-bezier(0.4, 0, 0.2, 1) 0ms;
}

.emotion-1:focus {
  outline: 0;
}

.emotion-1:invalid {
  box-shadow: none;
}

.emotion-1::-webkit-search-decoration {
  -webkit-appearance: none;
}

label[data-shrink=false]+.MuiInputBase-formControl .emotion-1::-webkit-input-placeholder {
  opacity: 0!important;
}

label[data-shrink=false]+.MuiInputBase-formControl .emotion-1::-moz-placeholder {
  opacity: 0!important;
}

label[data-shrink=false]+.MuiInputBase-formControl .emotion-1::-ms-input-placeholder {
  opacity: 0!important;
}

label[data-shrink=false]+.MuiInputBase-formControl .emotion-1:focus::-webkit-input-placeholder {
  opacity: 0.42;
}

label[data-shrink=false]+.MuiInputBase-formControl .emotion-1:focus::-moz-placeholder {
  opacity: 0.42;
}

label[data-shrink=false]+.MuiInputBase-formControl .emotion-1:focus::-ms-input-placeholder {
  opacity: 0.42;
}

.emotion-1.Mui-disabled {
  opacity: 1;
  -webkit-text-fill-color: rgba(0, 0, 0, 0.38);
}

.emotion-1:-webkit-autofill {
  -webkit-animation-duration: 5000s;
  animation-duration: 5000s;
  -webkit-animation-name: mui-auto-fill;
  animation-name: mui-auto-fill;
}

.emotion-1:-webkit-autofill {
  border-radius: inherit;
}

.emotion-2 {
  display: -webkit-box;
  display: -webkit-flex;
  display: -ms-flexbox;
  display: flex;
  max-height: 2em;
  -webkit-align-items: center;
  -webkit-box-align: center;
  -ms-flex-align: center;
  align-items: center;
  white-space: nowrap;
  color: rgba(0, 0, 0, 0.54);
  margin-left: 8px;
}

.emotion-3 {
  display: -webkit-inline-box;
  display: -webkit-inline-flex;
  display: -ms-inline-flexbox;
  display: inline-flex;
  -webkit-align-items: center;
  -webkit-box-align: center;
  -ms-flex-align: center;
  align-items: center;
  -webkit-box-pack: center;
  -ms-flex-pack: center;
  -webkit-justify-content: center;
  justify-content: center;
  position: relative;
  box-sizing: border-box;
  -webkit-tap-highlight-color: transparent;
  background-color: transparent;
  outline: 0;
  border: 0;
  margin: 0;
  border-radius: 0;
  padding: 0;
  cursor: pointer;
  -webkit-user-select: none;
  -moz-user-select: none;
  -ms-user-select: none;
  user-select: none;
  vertical-align: middle;
  -moz-appearance: none;
  -webkit-appearance: none;
  -webkit-text-decoration: none;
  text-decoration: none;
  color: inherit;
  font-family: "Roboto","Helvetica","Arial",sans-serif;
  font-weight: 500;
  font-size: 0.875rem;
  line-height: 1.75;
  letter-spacing: 0.02857em;
  text-transform: uppercase;
  min-width: 64px;
  padding: 6px 16px;
  border: 0;
  border-radius: 4px;
  -webkit-transition: background-color 250ms cubic-bezier(0.4, 0, 0.2, 1) 0ms,box-shadow 250ms cubic-bezier(0.4, 0, 0.2, 1) 0ms,border-color 250ms cubic-bezier(0.4, 0, 0.2, 1) 0ms,color 250ms cubic-bezier(0.4, 0, 0.2, 1) 0ms;
  transition: background-color 250ms cubic-bezier(0.4, 0, 0.2, 1) 0ms,box-shadow 250ms cubic-bezier(0.4, 0, 0.2, 1) 0ms,border-color 250ms cubic-bezier(0.4, 0, 0.2, 1) 0ms,color 250ms cubic-bezier(0.4, 0, 0.2, 1) 0ms;
  padding: 6px 8px;
  color: var(--variant-textColor);
  background-color: var(--variant-textBg);
  --variant-textColor: #1976d2;
  --variant-outlinedColor: #1976d2;
  --variant-outlinedBorder: rgba(25, 118, 210, 0.5);
  --variant-containedColor: #fff;
  --variant-containedBg: #1976d2;
  padding: 4px 5px;
  font-size: 0.8125rem;
  -webkit-transition: background-color 250ms cubic-bezier(0.4, 0, 0.2, 1) 0ms,box-shadow 250ms cubic-bezier(0.4, 0, 0.2, 1) 0ms,border-color 250ms cubic-bezier(0.4, 0, 0.2, 1) 0ms;
  transition: background-color 250ms cubic-bezier(0.4, 0, 0.2, 1) 0ms,box-shadow 250ms cubic-bezier(0.4, 0, 0.2, 1) 0ms,border-color 250ms cubic-bezier(0.4, 0, 0.2, 1) 0ms;
}

.emotion-3::-moz-focus-inner {
  border-style: none;
}

.emotion-3.Mui-disabled {
  pointer-events: none;
  cursor: default;
}

@media print {
  .emotion-3 {
    -webkit-print-color-adjust: exact;
    color-adjust: exact;
  }
}

.emotion-3:hover {
  -webkit-text-decoration: none;
  text-decoration: none;
}

.emotion-3.Mui-disabled {
  color: rgba(0, 0, 0, 0.26);
}

@media (hover: hover) {
  .emotion-3:hover {
    --variant-containedBg: #1565c0;
    --variant-textBg: rgba(25, 118, 210, 0.04);
    --variant-outlinedBorder: #1976d2;
    --variant-outlinedBg: rgba(25, 118, 210, 0.04);
  }
}

.emotion-3.MuiButton-loading {
  color: transparent;
}

.emotion-4 {
  display: inherit;
  margin-right: 8px;
  margin-left: -4px;
  margin-left: -2px;
}

.emotion-4>*:nth-of-type(1) {
  font-size: 18px;
}

.emotion-5 {
  -webkit-user-select: none;
  -moz-user-select: none;
  -ms-user-select: none;
  user-select: none;
  width: 1em;
  height: 1em;
  display: inline-block;
  -webkit-flex-shrink: 0;
  -ms-flex-negative: 0;
  flex-shrink: 0;
  -webkit-transition: fill 200ms cubic-bezier(0.4, 0, 0.2, 1) 0ms;
  transition: fill 200ms cubic-bezier(0.4, 0, 0.2, 1) 0ms;
  fill: currentColor;
  font-size: 1.5rem;
}

.emotion-6 {
  text-align: left;
  position: absolute;
  bottom: 0;
  right: 0;
  top: -5px;
  left: 0;
  margin: 0;
  padding: 0 8px;
  pointer-events: none;
  border-radius: inherit;
  border-style: solid;
  border-width: 1px;
  overflow: hidden;
  min-width: 0%;
  border-color: rgba(0, 0, 0, 0.23);
}

.emotion-7 {
  float: unset;
  width: auto;
  overflow: hidden;
  padding: 0;
  line-height: 11px;
  -webkit-transition: width 150ms cubic-bezier(0.0, 0, 0.2, 1) 0ms;
  transition: width 150ms cubic-bezier(0.0, 0, 0.2, 1) 0ms;
}

<div
  class="MuiInputBase-root MuiOutlinedInput-root MuiInputBase-colorPrimary Mui-disabled MuiInputBase-sizeSmall MuiInputBase-adornedEnd emotion-0"
>
  <input
    class="MuiInputBase-input MuiOutlinedInput-input Mui-disabled MuiInputBase-inputSizeSmall MuiInputBase-inputAdornedEnd emotion-1"
    disabled=""
    id="a1-id-input"
    placeholder="a1..."
    type="text"
    value=""
  />
  <div
    class="MuiInputAdornment-root MuiInputAdornment-positionEnd emotion-2"
  >
    <button
      class="MuiButtonBase-root MuiButton-root MuiButton-text MuiButton-textPrimary MuiButton-sizeSmall MuiButton-textSizeSmall MuiButton-colorPrimary MuiButton-root MuiButton-text MuiButton-textPrimary MuiButton-sizeSmall MuiButton-textSizeSmall MuiButton-colorPrimary emotion-3"
      style="padding: 5px;"
      tabindex="0"
      type="button"
    >
      <span
        class="MuiButton-icon MuiButton-startIcon MuiButton-iconSizeSmall emotion-4"
      >
        <svg
          aria-hidden="true"
          class="MuiSvgIcon-root MuiSvgIcon-fontSizeMedium emotion-5"
          data-testid="EditIcon"
          focusable="false"
          viewBox="0 0 24 24"
        >
          <path
            d="M3 17.25V21h3.75L17.81 9.94l-3.75-3.75zM20.71 7.04c.39-.39.39-1.02 0-1.41l-2.34-2.34a.996.996 0 0 0-1.41 0l-1.83 1.83 3.75 3.75z"
          />
        </svg>
      </span>
      Edit
    </button>
  </div>
  <fieldset
    aria-hidden="true"
    class="MuiOutlinedInput-notchedOutline emotion-6"
  >
    <legend
      class="emotion-7"
    >
      <span
        aria-hidden="true"
        class="notranslate"
      >
        â€‹
      </span>
    </legend>
  </fieldset>
</div>
`;
