// Vitest Snapshot v1, https://vitest.dev/guide/snapshot.html

exports[`EnterpriseNotification Component > renders correctly 1`] = `
.emotion-0 {
  display: -webkit-inline-box;
  display: -webkit-inline-flex;
  display: -ms-inline-flexbox;
  display: inline-flex;
  -webkit-align-items: center;
  -webkit-box-align: center;
  -ms-flex-align: center;
  align-items: center;
  -webkit-box-pack: center;
  -ms-flex-pack: center;
  -webkit-justify-content: center;
  justify-content: center;
  position: relative;
  box-sizing: border-box;
  -webkit-tap-highlight-color: transparent;
  background-color: transparent;
  outline: 0;
  border: 0;
  margin: 0;
  border-radius: 0;
  padding: 0;
  cursor: pointer;
  -webkit-user-select: none;
  -moz-user-select: none;
  -ms-user-select: none;
  user-select: none;
  vertical-align: middle;
  -moz-appearance: none;
  -webkit-appearance: none;
  -webkit-text-decoration: none;
  text-decoration: none;
  color: inherit;
  max-width: 100%;
  font-family: "Roboto","Helvetica","Arial",sans-serif;
  font-size: 0.8125rem;
  display: -webkit-inline-box;
  display: -webkit-inline-flex;
  display: -ms-inline-flexbox;
  display: inline-flex;
  -webkit-align-items: center;
  -webkit-box-align: center;
  -ms-flex-align: center;
  align-items: center;
  -webkit-box-pack: center;
  -ms-flex-pack: center;
  -webkit-justify-content: center;
  justify-content: center;
  height: 32px;
  line-height: 1.5;
  color: rgba(0, 0, 0, 0.87);
  background-color: rgba(0, 0, 0, 0.08);
  border-radius: 16px;
  white-space: nowrap;
  -webkit-transition: background-color 300ms cubic-bezier(0.4, 0, 0.2, 1) 0ms,box-shadow 300ms cubic-bezier(0.4, 0, 0.2, 1) 0ms;
  transition: background-color 300ms cubic-bezier(0.4, 0, 0.2, 1) 0ms,box-shadow 300ms cubic-bezier(0.4, 0, 0.2, 1) 0ms;
  cursor: unset;
  outline: 0;
  -webkit-text-decoration: none;
  text-decoration: none;
  border: 0;
  padding: 0;
  vertical-align: middle;
  box-sizing: border-box;
  -webkit-user-select: none;
  -moz-user-select: none;
  -ms-user-select: none;
  user-select: none;
  -webkit-tap-highlight-color: transparent;
  cursor: pointer;
  background-color: #f7fafb;
  color: rgba(0, 0, 0, 0.38);
  text-transform: uppercase;
  background-color: #f7fafb;
  color: rgba(0, 0, 0, 0.38);
  text-transform: uppercase;
}

.emotion-0::-moz-focus-inner {
  border-style: none;
}

.emotion-0.Mui-disabled {
  pointer-events: none;
  cursor: default;
}

@media print {
  .emotion-0 {
    -webkit-print-color-adjust: exact;
    color-adjust: exact;
  }
}

.emotion-0.Mui-disabled {
  opacity: 0.38;
  pointer-events: none;
}

.emotion-0 .MuiChip-avatar {
  margin-left: 5px;
  margin-right: -6px;
  width: 24px;
  height: 24px;
  color: #616161;
  font-size: 0.75rem;
}

.emotion-0 .MuiChip-avatarColorPrimary {
  color: #fff;
  background-color: #1565c0;
}

.emotion-0 .MuiChip-avatarColorSecondary {
  color: #fff;
  background-color: #7b1fa2;
}

.emotion-0 .MuiChip-avatarSmall {
  margin-left: 4px;
  margin-right: -4px;
  width: 18px;
  height: 18px;
  font-size: 0.625rem;
}

.emotion-0 .MuiChip-icon {
  margin-left: 5px;
  margin-right: -6px;
}

.emotion-0 .MuiChip-deleteIcon {
  -webkit-tap-highlight-color: transparent;
  color: rgba(0, 0, 0, 0.26);
  font-size: 22px;
  cursor: pointer;
  margin: 0 5px 0 -6px;
}

.emotion-0 .MuiChip-deleteIcon:hover {
  color: rgba(0, 0, 0, 0.4);
}

.emotion-0 .MuiChip-icon {
  color: #616161;
}

.emotion-0:hover {
  background-color: rgba(0, 0, 0, 0.12);
}

.emotion-0.Mui-focusVisible {
  background-color: rgba(0, 0, 0, 0.2);
}

.emotion-0:active {
  box-shadow: 0px 2px 1px -1px rgba(0,0,0,0.2),0px 1px 1px 0px rgba(0,0,0,0.14),0px 1px 3px 0px rgba(0,0,0,0.12);
}

.emotion-0:hover {
  font-weight: bold;
}

.emotion-0:hover {
  font-weight: bold;
}

.emotion-1 {
  overflow: hidden;
  text-overflow: ellipsis;
  padding-left: 12px;
  padding-right: 12px;
  white-space: nowrap;
}

<div>
  <div
    class=""
    data-mui-internal-clone-element="true"
  >
    <div
      class="MuiButtonBase-root MuiChip-root MuiChip-filled MuiChip-sizeMedium MuiChip-colorDefault MuiChip-clickable MuiChip-clickableColorDefault MuiChip-filledDefault emotion-0"
      role="button"
      tabindex="0"
    >
      <span
        class="MuiChip-label MuiChip-labelMedium emotion-1"
      >
        Enterprise
      </span>
    </div>
  </div>
</div>
`;

exports[`EnterpriseNotification Component > works as expected 1`] = `
.emotion-0 {
  background-color: rgba(97, 97, 97, 0.92);
  border-radius: 4px;
  color: #fff;
  font-family: "Roboto","Helvetica","Arial",sans-serif;
  padding: 4px 8px;
  font-size: 0.6875rem;
  max-width: 300px;
  margin: 2px;
  word-wrap: break-word;
  font-weight: 500;
  position: relative;
  margin: 0;
  background-color: #fff;
  box-shadow: 0px 2px 1px -1px rgba(0,0,0,0.2),0px 1px 1px 0px rgba(0,0,0,0.14),0px 1px 3px 0px rgba(0,0,0,0.12);
  color: rgba(0, 0, 0, 0.87);
  padding: 16px;
  font-size: small;
  max-width: 600px;
  background-color: #f7fafb;
  max-width: 300px;
}

.MuiTooltip-popper[data-popper-placement*="left"] .emotion-0 {
  transform-origin: right center;
}

.MuiTooltip-popper[data-popper-placement*="right"] .emotion-0 {
  transform-origin: left center;
}

.MuiTooltip-popper[data-popper-placement*="top"] .emotion-0 {
  transform-origin: center bottom;
  margin-bottom: 14px;
}

.MuiTooltip-popper[data-popper-placement*="bottom"] .emotion-0 {
  transform-origin: center top;
  margin-top: 14px;
}

.MuiTooltip-popper[data-popper-placement*="left"] .emotion-0 {
  margin-right: 14px;
}

.MuiTooltip-popper[data-popper-placement*="right"] .emotion-0 {
  margin-left: 14px;
}

.emotion-0 info {
  max-width: 300px;
  background-color: #9e9e9e;
}

.emotion-1 {
  overflow: hidden;
  position: absolute;
  width: 1em;
  height: 0.71em;
  box-sizing: border-box;
  color: rgba(97, 97, 97, 0.9);
  color: #fff;
  color: #f7fafb;
}

.emotion-1::before {
  content: "";
  margin: auto;
  display: block;
  width: 100%;
  height: 100%;
  background-color: currentColor;
  -webkit-transform: rotate(45deg);
  -moz-transform: rotate(45deg);
  -ms-transform: rotate(45deg);
  transform: rotate(45deg);
}

<div
  class="MuiTooltip-tooltip MuiTooltip-tooltipArrow MuiTooltip-tooltipPlacementBottom emotion-0"
  style="opacity: 1; transform: scale(1, 1); transition: opacity 200ms cubic-bezier(0.4, 0, 0.2, 1) 0ms,transform 133ms cubic-bezier(0.4, 0, 0.2, 1) 0ms;"
>
  <div>
    Upgrade to the 
    <b>
      Enterprise
    </b>
     plan 
    to gain access to 
    gain access to this feature
    .
    <div
      class="flexbox space-between margin-top-small"
    >
      <a
        data-discover="true"
        href="/subscription"
      >
        Upgrade now
      </a>
      <span
        class="link"
      >
        Close
      </span>
    </div>
  </div>
  <span
    class="MuiTooltip-arrow emotion-1"
    style="position: absolute; left: 0px; transform: translate(4px, 0px);"
  />
</div>
`;
