// Vitest Snapshot v1, https://vitest.dev/guide/snapshot.html

exports[`ExpandableAttribute Component > renders correctly 1`] = `
.emotion-0 {
  display: -webkit-box;
  display: -webkit-flex;
  display: -ms-flexbox;
  display: flex;
  -webkit-box-pack: start;
  -ms-flex-pack: start;
  -webkit-justify-content: flex-start;
  justify-content: flex-start;
  -webkit-align-items: center;
  -webkit-box-align: center;
  -ms-flex-align: center;
  align-items: center;
  position: relative;
  -webkit-text-decoration: none;
  text-decoration: none;
  width: 100%;
  box-sizing: border-box;
  text-align: left;
  padding-top: 8px;
  padding-bottom: 8px;
  padding-left: 16px;
  padding-right: 16px;
  border-bottom: 1px solid rgba(0, 0, 0, 0.12);
  -webkit-background-clip: padding-box;
  background-clip: padding-box;
}

.emotion-1 {
  -webkit-flex: 1 1 auto;
  -ms-flex: 1 1 auto;
  flex: 1 1 auto;
  min-width: 0;
  margin-top: 4px;
  margin-bottom: 4px;
}

.MuiTypography-root:where(.emotion-1 .MuiListItemText-primary) {
  display: block;
}

.MuiTypography-root:where(.emotion-1 .MuiListItemText-secondary) {
  display: block;
}

.emotion-2 {
  margin: 0;
  font-family: "Roboto","Helvetica","Arial",sans-serif;
  font-weight: 400;
  font-size: 0.875rem;
  line-height: 1.43;
  letter-spacing: 0.01071em;
  color: rgba(0, 0, 0, 0.6);
}

<div
  class=""
>
  <li
    class="MuiListItem-root attributes MuiListItem-gutters MuiListItem-padding MuiListItem-divider emotion-0"
  >
    <div
      class="MuiListItemText-root emotion-1"
    >
      <div
        class="MuiTypography-root MuiTypography-body2 MuiListItemText-secondary emotion-2"
      >
        <span
          class="inventory-text"
        />
         
      </div>
    </div>
  </li>
</div>
`;
