// Vitest Snapshot v1, https://vitest.dev/guide/snapshot.html

exports[`LeftNav Component > renders correctly 1`] = `
.emotion-0 {
  list-style: none;
  margin: 0;
  padding: 0;
  position: relative;
  padding-top: 8px;
  padding-bottom: 8px;
}

.emotion-1 {
  box-sizing: border-box;
  line-height: 48px;
  list-style: none;
  color: rgba(0, 0, 0, 0.6);
  font-family: "Roboto","Helvetica","Arial",sans-serif;
  font-weight: 500;
  font-size: 0.875rem;
  padding-left: 16px;
  padding-right: 16px;
}

.emotion-2 {
  display: -webkit-box;
  display: -webkit-flex;
  display: -ms-flexbox;
  display: flex;
  -webkit-box-pack: start;
  -ms-flex-pack: start;
  -webkit-justify-content: flex-start;
  justify-content: flex-start;
  -webkit-align-items: center;
  -webkit-box-align: center;
  -ms-flex-align: center;
  align-items: center;
  position: relative;
  -webkit-text-decoration: none;
  text-decoration: none;
  width: 100%;
  box-sizing: border-box;
  text-align: left;
  padding-top: 8px;
  padding-bottom: 8px;
  padding-left: 16px;
  padding-right: 16px;
}

.emotion-2.navLink .MuiListItemText-root {
  color: #212121;
}

.emotion-2.navLink.active .MuiListItemText-root {
  color: rgba(0, 0, 0, 0.87);
}

.emotion-2.active {
  background: #bdbdbd;
}

.emotion-3 {
  -webkit-flex: 1 1 auto;
  -ms-flex: 1 1 auto;
  flex: 1 1 auto;
  min-width: 0;
  margin-top: 4px;
  margin-bottom: 4px;
}

.MuiTypography-root:where(.emotion-3 .MuiListItemText-primary) {
  display: block;
}

.MuiTypography-root:where(.emotion-3 .MuiListItemText-secondary) {
  display: block;
}

.emotion-3 .MuiListItemText-primary {
  font-size: 0.8rem;
}

.emotion-3 .MuiListItemText-primary:hover {
  color: #1976d2;
}

.emotion-4 {
  margin: 0;
  font-family: "Roboto","Helvetica","Arial",sans-serif;
  font-weight: 400;
  font-size: 1rem;
  line-height: 1.5;
  letter-spacing: 0.00938em;
}

.emotion-5 {
  min-width: 56px;
  color: rgba(0, 0, 0, 0.54);
  -webkit-flex-shrink: 0;
  -ms-flex-negative: 0;
  flex-shrink: 0;
  display: -webkit-inline-box;
  display: -webkit-inline-flex;
  display: -ms-inline-flexbox;
  display: inline-flex;
}

<ul
  class="MuiList-root MuiList-padding leftFixed emotion-0"
>
  <li
    class="MuiListSubheader-root MuiListSubheader-gutters emotion-1"
  >
    test
  </li>
  <a
    class="MuiListItem-root MuiListItem-gutters MuiListItem-padding navLink test-list emotion-2"
    data-discover="true"
    href="/far/away"
    style="background: red;"
  >
    <div
      class="MuiListItemText-root emotion-3"
    >
      <span
        class="MuiTypography-root MuiTypography-body1 MuiListItemText-primary emotion-4"
      >
        test1
      </span>
    </div>
    <div
      class="MuiListItemIcon-root emotion-5"
    >
      <div>
        HEYA!
      </div>
    </div>
  </a>
  <a
    class="MuiListItem-root MuiListItem-gutters MuiListItem-padding navLink test-list emotion-2"
    data-discover="true"
    href="/further/away"
  >
    <div
      class="MuiListItemText-root emotion-3"
    >
      <span
        class="MuiTypography-root MuiTypography-body1 MuiListItemText-primary emotion-4"
      >
        test1
      </span>
    </div>
  </a>
</ul>
`;
