// Vitest Snapshot v1, https://vitest.dev/guide/snapshot.html

exports[`Artifact Component > renders correctly 1`] = `
.emotion-0 {
  background-color: #fff;
  color: rgba(0, 0, 0, 0.87);
  -webkit-transition: box-shadow 300ms cubic-bezier(0.4, 0, 0.2, 1) 0ms;
  transition: box-shadow 300ms cubic-bezier(0.4, 0, 0.2, 1) 0ms;
  box-shadow: var(--Paper-shadow);
  background-image: var(--Paper-overlay);
  position: relative;
  -webkit-transition: margin 150ms cubic-bezier(0.4, 0, 0.2, 1) 0ms;
  transition: margin 150ms cubic-bezier(0.4, 0, 0.2, 1) 0ms;
  overflow-anchor: none;
  border: 1px solid;
  border-color: #9e9e9e;
  width: 100%;
}

.emotion-0::before {
  position: absolute;
  left: 0;
  top: -1px;
  right: 0;
  height: 1px;
  content: "";
  opacity: 1;
  background-color: rgba(0, 0, 0, 0.12);
  -webkit-transition: opacity 150ms cubic-bezier(0.4, 0, 0.2, 1) 0ms,background-color 150ms cubic-bezier(0.4, 0, 0.2, 1) 0ms;
  transition: opacity 150ms cubic-bezier(0.4, 0, 0.2, 1) 0ms,background-color 150ms cubic-bezier(0.4, 0, 0.2, 1) 0ms;
}

.emotion-0:first-of-type::before {
  display: none;
}

.emotion-0.Mui-expanded::before {
  opacity: 0;
}

.emotion-0.Mui-expanded:first-of-type {
  margin-top: 0;
}

.emotion-0.Mui-expanded:last-of-type {
  margin-bottom: 0;
}

.emotion-0.Mui-expanded+.emotion-0.Mui-expanded::before {
  display: none;
}

.emotion-0.Mui-disabled {
  background-color: rgba(0, 0, 0, 0.12);
}

.emotion-0.Mui-expanded {
  margin: 16px 0;
}

.emotion-1 {
  all: unset;
}

.emotion-2 {
  display: -webkit-inline-box;
  display: -webkit-inline-flex;
  display: -ms-inline-flexbox;
  display: inline-flex;
  -webkit-align-items: center;
  -webkit-box-align: center;
  -ms-flex-align: center;
  align-items: center;
  -webkit-box-pack: center;
  -ms-flex-pack: center;
  -webkit-justify-content: center;
  justify-content: center;
  position: relative;
  box-sizing: border-box;
  -webkit-tap-highlight-color: transparent;
  background-color: transparent;
  outline: 0;
  border: 0;
  margin: 0;
  border-radius: 0;
  padding: 0;
  cursor: pointer;
  -webkit-user-select: none;
  -moz-user-select: none;
  -ms-user-select: none;
  user-select: none;
  vertical-align: middle;
  -moz-appearance: none;
  -webkit-appearance: none;
  -webkit-text-decoration: none;
  text-decoration: none;
  color: inherit;
  display: -webkit-box;
  display: -webkit-flex;
  display: -ms-flexbox;
  display: flex;
  width: 100%;
  min-height: 48px;
  padding: 0px 16px;
  -webkit-transition: min-height 150ms cubic-bezier(0.4, 0, 0.2, 1) 0ms,background-color 150ms cubic-bezier(0.4, 0, 0.2, 1) 0ms;
  transition: min-height 150ms cubic-bezier(0.4, 0, 0.2, 1) 0ms,background-color 150ms cubic-bezier(0.4, 0, 0.2, 1) 0ms;
}

.emotion-2::-moz-focus-inner {
  border-style: none;
}

.emotion-2.Mui-disabled {
  pointer-events: none;
  cursor: default;
}

@media print {
  .emotion-2 {
    -webkit-print-color-adjust: exact;
    color-adjust: exact;
  }
}

.emotion-2.Mui-focusVisible {
  background-color: rgba(0, 0, 0, 0.12);
}

.emotion-2.Mui-disabled {
  opacity: 0.38;
}

.emotion-2:hover:not(.Mui-disabled) {
  cursor: pointer;
}

.emotion-2.Mui-expanded {
  min-height: 64px;
}

.emotion-3 {
  display: -webkit-box;
  display: -webkit-flex;
  display: -ms-flexbox;
  display: flex;
  text-align: start;
  -webkit-box-flex: 1;
  -webkit-flex-grow: 1;
  -ms-flex-positive: 1;
  flex-grow: 1;
  margin: 12px 0;
  -webkit-transition: margin 150ms cubic-bezier(0.4, 0, 0.2, 1) 0ms;
  transition: margin 150ms cubic-bezier(0.4, 0, 0.2, 1) 0ms;
}

.emotion-3.Mui-expanded {
  margin: 20px 0;
}

.emotion-4 {
  -webkit-user-select: none;
  -moz-user-select: none;
  -ms-user-select: none;
  user-select: none;
  width: 1em;
  height: 1em;
  display: inline-block;
  -webkit-flex-shrink: 0;
  -ms-flex-negative: 0;
  flex-shrink: 0;
  -webkit-transition: fill 200ms cubic-bezier(0.4, 0, 0.2, 1) 0ms;
  transition: fill 200ms cubic-bezier(0.4, 0, 0.2, 1) 0ms;
  fill: currentColor;
  font-size: 2.1875rem;
}

.emotion-5 {
  height: 0;
  overflow: hidden;
  -webkit-transition: height 300ms cubic-bezier(0.4, 0, 0.2, 1) 0ms;
  transition: height 300ms cubic-bezier(0.4, 0, 0.2, 1) 0ms;
  visibility: hidden;
}

.emotion-6 {
  display: -webkit-box;
  display: -webkit-flex;
  display: -ms-flexbox;
  display: flex;
  width: 100%;
}

.emotion-7 {
  width: 100%;
}

.emotion-9 {
  padding: 8px 16px 16px;
}

.emotion-10 {
  list-style: none;
  margin: 0;
  padding: 0;
  position: relative;
  padding-top: 8px;
  padding-bottom: 8px;
}

.emotion-11 {
  display: -webkit-box;
  display: -webkit-flex;
  display: -ms-flexbox;
  display: flex;
  -webkit-box-pack: start;
  -ms-flex-pack: start;
  -webkit-justify-content: flex-start;
  justify-content: flex-start;
  -webkit-align-items: center;
  -webkit-box-align: center;
  -ms-flex-align: center;
  align-items: center;
  position: relative;
  -webkit-text-decoration: none;
  text-decoration: none;
  width: 100%;
  box-sizing: border-box;
  text-align: left;
  padding-top: 8px;
  padding-bottom: 8px;
  padding-left: 16px;
  padding-right: 16px;
  color: rgba(0, 0, 0, 0.87);
  font-size: 13px;
  margin-right: 2vw;
  min-width: 200px;
  padding: 0;
  width: initial;
}

.emotion-11 bordered {
  border-bottom: 1px solid;
  border-bottom-color: #9e9e9e;
}

.emotion-12 {
  -webkit-flex: 1 1 auto;
  -ms-flex: 1 1 auto;
  flex: 1 1 auto;
  min-width: 0;
  margin-top: 4px;
  margin-bottom: 4px;
  margin-top: 6px;
  margin-bottom: 6px;
}

.MuiTypography-root:where(.emotion-12 .MuiListItemText-primary) {
  display: block;
}

.MuiTypography-root:where(.emotion-12 .MuiListItemText-secondary) {
  display: block;
}

.emotion-13 {
  margin: 0;
  font-family: "Roboto","Helvetica","Arial",sans-serif;
  font-weight: 400;
  font-size: 1rem;
  line-height: 1.5;
  letter-spacing: 0.00938em;
}

.emotion-14 {
  margin: 0;
  font-family: "Roboto","Helvetica","Arial",sans-serif;
  font-weight: 400;
  font-size: 0.875rem;
  line-height: 1.43;
  letter-spacing: 0.01071em;
  color: rgba(0, 0, 0, 0.6);
}

.emotion-16 {
  display: -webkit-box;
  display: -webkit-flex;
  display: -ms-flexbox;
  display: flex;
  -webkit-box-pack: start;
  -ms-flex-pack: start;
  -webkit-justify-content: flex-start;
  justify-content: flex-start;
  -webkit-align-items: center;
  -webkit-box-align: center;
  -ms-flex-align: center;
  align-items: center;
  position: relative;
  -webkit-text-decoration: none;
  text-decoration: none;
  width: 100%;
  box-sizing: border-box;
  text-align: left;
  padding-top: 8px;
  padding-bottom: 8px;
  padding-top: 4px;
  padding-bottom: 4px;
  border-bottom: 1px solid rgba(0, 0, 0, 0.12);
  -webkit-background-clip: padding-box;
  background-clip: padding-box;
}

.emotion-17 {
  -webkit-flex: 1 1 auto;
  -ms-flex: 1 1 auto;
  flex: 1 1 auto;
  min-width: 0;
  margin-top: 4px;
  margin-bottom: 4px;
}

.MuiTypography-root:where(.emotion-17 .MuiListItemText-primary) {
  display: block;
}

.MuiTypography-root:where(.emotion-17 .MuiListItemText-secondary) {
  display: block;
}

.emotion-18 {
  margin: 0;
  font-family: "Roboto","Helvetica","Arial",sans-serif;
  font-weight: 400;
  font-size: 0.875rem;
  line-height: 1.43;
  letter-spacing: 0.01071em;
}

.emotion-20 {
  display: block;
  white-space: pre-wrap;
}

.emotion-21 {
  display: -webkit-inline-box;
  display: -webkit-inline-flex;
  display: -ms-inline-flexbox;
  display: inline-flex;
  -webkit-align-items: center;
  -webkit-box-align: center;
  -ms-flex-align: center;
  align-items: center;
  -webkit-box-pack: center;
  -ms-flex-pack: center;
  -webkit-justify-content: center;
  justify-content: center;
  position: relative;
  box-sizing: border-box;
  -webkit-tap-highlight-color: transparent;
  background-color: transparent;
  outline: 0;
  border: 0;
  margin: 0;
  border-radius: 0;
  padding: 0;
  cursor: pointer;
  -webkit-user-select: none;
  -moz-user-select: none;
  -ms-user-select: none;
  user-select: none;
  vertical-align: middle;
  -moz-appearance: none;
  -webkit-appearance: none;
  -webkit-text-decoration: none;
  text-decoration: none;
  color: inherit;
  font-family: "Roboto","Helvetica","Arial",sans-serif;
  font-weight: 500;
  font-size: 0.875rem;
  line-height: 1.75;
  letter-spacing: 0.02857em;
  text-transform: uppercase;
  min-width: 64px;
  padding: 6px 16px;
  border: 0;
  border-radius: 4px;
  -webkit-transition: background-color 250ms cubic-bezier(0.4, 0, 0.2, 1) 0ms,box-shadow 250ms cubic-bezier(0.4, 0, 0.2, 1) 0ms,border-color 250ms cubic-bezier(0.4, 0, 0.2, 1) 0ms,color 250ms cubic-bezier(0.4, 0, 0.2, 1) 0ms;
  transition: background-color 250ms cubic-bezier(0.4, 0, 0.2, 1) 0ms,box-shadow 250ms cubic-bezier(0.4, 0, 0.2, 1) 0ms,border-color 250ms cubic-bezier(0.4, 0, 0.2, 1) 0ms,color 250ms cubic-bezier(0.4, 0, 0.2, 1) 0ms;
  padding: 6px 8px;
  color: var(--variant-textColor);
  background-color: var(--variant-textBg);
  --variant-textColor: #1976d2;
  --variant-outlinedColor: #1976d2;
  --variant-outlinedBorder: rgba(25, 118, 210, 0.5);
  --variant-containedColor: #fff;
  --variant-containedBg: #1976d2;
  padding: 4px 5px;
  font-size: 0.8125rem;
  -webkit-transition: background-color 250ms cubic-bezier(0.4, 0, 0.2, 1) 0ms,box-shadow 250ms cubic-bezier(0.4, 0, 0.2, 1) 0ms,border-color 250ms cubic-bezier(0.4, 0, 0.2, 1) 0ms;
  transition: background-color 250ms cubic-bezier(0.4, 0, 0.2, 1) 0ms,box-shadow 250ms cubic-bezier(0.4, 0, 0.2, 1) 0ms,border-color 250ms cubic-bezier(0.4, 0, 0.2, 1) 0ms;
}

.emotion-21::-moz-focus-inner {
  border-style: none;
}

.emotion-21.Mui-disabled {
  pointer-events: none;
  cursor: default;
}

@media print {
  .emotion-21 {
    -webkit-print-color-adjust: exact;
    color-adjust: exact;
  }
}

.emotion-21:hover {
  -webkit-text-decoration: none;
  text-decoration: none;
}

.emotion-21.Mui-disabled {
  color: rgba(0, 0, 0, 0.26);
}

@media (hover: hover) {
  .emotion-21:hover {
    --variant-containedBg: #1565c0;
    --variant-textBg: rgba(25, 118, 210, 0.04);
    --variant-outlinedBorder: #1976d2;
    --variant-outlinedBg: rgba(25, 118, 210, 0.04);
  }
}

.emotion-21.MuiButton-loading {
  color: transparent;
}

.emotion-22 {
  display: inherit;
  margin-right: 8px;
  margin-left: -4px;
  margin-left: -2px;
}

.emotion-22>*:nth-of-type(1) {
  font-size: 18px;
}

.emotion-23 {
  -webkit-user-select: none;
  -moz-user-select: none;
  -ms-user-select: none;
  user-select: none;
  width: 1em;
  height: 1em;
  display: inline-block;
  -webkit-flex-shrink: 0;
  -ms-flex-negative: 0;
  flex-shrink: 0;
  -webkit-transition: fill 200ms cubic-bezier(0.4, 0, 0.2, 1) 0ms;
  transition: fill 200ms cubic-bezier(0.4, 0, 0.2, 1) 0ms;
  fill: currentColor;
  font-size: 1.5rem;
}

.emotion-30 {
  display: -webkit-box;
  display: -webkit-flex;
  display: -ms-flexbox;
  display: flex;
  -webkit-box-pack: start;
  -ms-flex-pack: start;
  -webkit-justify-content: flex-start;
  justify-content: flex-start;
  -webkit-align-items: center;
  -webkit-box-align: center;
  -ms-flex-align: center;
  align-items: center;
  position: relative;
  -webkit-text-decoration: none;
  text-decoration: none;
  width: 100%;
  box-sizing: border-box;
  text-align: left;
  padding-top: 8px;
  padding-bottom: 8px;
  padding-left: 16px;
  padding-right: 16px;
  border-bottom: 1px solid rgba(0, 0, 0, 0.12);
  -webkit-background-clip: padding-box;
  background-clip: padding-box;
}

.emotion-42 {
  background-color: #fff;
  color: rgba(0, 0, 0, 0.87);
  -webkit-transition: box-shadow 300ms cubic-bezier(0.4, 0, 0.2, 1) 0ms;
  transition: box-shadow 300ms cubic-bezier(0.4, 0, 0.2, 1) 0ms;
  box-shadow: var(--Paper-shadow);
  background-image: var(--Paper-overlay);
  position: relative;
  -webkit-transition: margin 150ms cubic-bezier(0.4, 0, 0.2, 1) 0ms;
  transition: margin 150ms cubic-bezier(0.4, 0, 0.2, 1) 0ms;
  overflow-anchor: none;
  background: #9e9e9e;
  border-top: none;
  padding: 0 15px;
  margin-bottom: 30px;
}

.emotion-42::before {
  position: absolute;
  left: 0;
  top: -1px;
  right: 0;
  height: 1px;
  content: "";
  opacity: 1;
  background-color: rgba(0, 0, 0, 0.12);
  -webkit-transition: opacity 150ms cubic-bezier(0.4, 0, 0.2, 1) 0ms,background-color 150ms cubic-bezier(0.4, 0, 0.2, 1) 0ms;
  transition: opacity 150ms cubic-bezier(0.4, 0, 0.2, 1) 0ms,background-color 150ms cubic-bezier(0.4, 0, 0.2, 1) 0ms;
}

.emotion-42:first-of-type::before {
  display: none;
}

.emotion-42.Mui-expanded::before {
  opacity: 0;
}

.emotion-42.Mui-expanded:first-of-type {
  margin-top: 0;
}

.emotion-42.Mui-expanded:last-of-type {
  margin-bottom: 0;
}

.emotion-42.Mui-expanded+.emotion-42.Mui-expanded::before {
  display: none;
}

.emotion-42.Mui-disabled {
  background-color: rgba(0, 0, 0, 0.12);
}

.emotion-42.Mui-expanded {
  margin: 16px 0;
}

.emotion-42.Mui-expanded {
  background: #9e9e9e;
  margin-bottom: 30px;
}

.emotion-44 {
  display: -webkit-inline-box;
  display: -webkit-inline-flex;
  display: -ms-inline-flexbox;
  display: inline-flex;
  -webkit-align-items: center;
  -webkit-box-align: center;
  -ms-flex-align: center;
  align-items: center;
  -webkit-box-pack: center;
  -ms-flex-pack: center;
  -webkit-justify-content: center;
  justify-content: center;
  position: relative;
  box-sizing: border-box;
  -webkit-tap-highlight-color: transparent;
  background-color: transparent;
  outline: 0;
  border: 0;
  margin: 0;
  border-radius: 0;
  padding: 0;
  cursor: pointer;
  -webkit-user-select: none;
  -moz-user-select: none;
  -ms-user-select: none;
  user-select: none;
  vertical-align: middle;
  -moz-appearance: none;
  -webkit-appearance: none;
  -webkit-text-decoration: none;
  text-decoration: none;
  color: inherit;
  display: -webkit-box;
  display: -webkit-flex;
  display: -ms-flexbox;
  display: flex;
  width: 100%;
  min-height: 48px;
  padding: 0px 16px;
  -webkit-transition: min-height 150ms cubic-bezier(0.4, 0, 0.2, 1) 0ms,background-color 150ms cubic-bezier(0.4, 0, 0.2, 1) 0ms;
  transition: min-height 150ms cubic-bezier(0.4, 0, 0.2, 1) 0ms,background-color 150ms cubic-bezier(0.4, 0, 0.2, 1) 0ms;
  background: #9e9e9e;
  padding: 0;
}

.emotion-44::-moz-focus-inner {
  border-style: none;
}

.emotion-44.Mui-disabled {
  pointer-events: none;
  cursor: default;
}

@media print {
  .emotion-44 {
    -webkit-print-color-adjust: exact;
    color-adjust: exact;
  }
}

.emotion-44.Mui-focusVisible {
  background-color: rgba(0, 0, 0, 0.12);
}

.emotion-44.Mui-disabled {
  opacity: 0.38;
}

.emotion-44:hover:not(.Mui-disabled) {
  cursor: pointer;
}

.emotion-44.Mui-expanded {
  min-height: 64px;
}

.emotion-51 {
  padding: 8px 16px 16px;
  background: #9e9e9e;
  padding: 0;
}

.emotion-62 {
  display: -webkit-inline-box;
  display: -webkit-inline-flex;
  display: -ms-inline-flexbox;
  display: inline-flex;
  -webkit-align-items: center;
  -webkit-box-align: center;
  -ms-flex-align: center;
  align-items: center;
  -webkit-box-pack: center;
  -ms-flex-pack: center;
  -webkit-justify-content: center;
  justify-content: center;
  position: relative;
  box-sizing: border-box;
  -webkit-tap-highlight-color: transparent;
  background-color: transparent;
  outline: 0;
  border: 0;
  margin: 0;
  border-radius: 0;
  padding: 0;
  cursor: pointer;
  -webkit-user-select: none;
  -moz-user-select: none;
  -ms-user-select: none;
  user-select: none;
  vertical-align: middle;
  -moz-appearance: none;
  -webkit-appearance: none;
  -webkit-text-decoration: none;
  text-decoration: none;
  color: inherit;
  font-family: "Roboto","Helvetica","Arial",sans-serif;
  font-weight: 500;
  font-size: 0.875rem;
  line-height: 1.75;
  letter-spacing: 0.02857em;
  text-transform: uppercase;
  min-width: 64px;
  padding: 6px 16px;
  border: 0;
  border-radius: 4px;
  -webkit-transition: background-color 250ms cubic-bezier(0.4, 0, 0.2, 1) 0ms,box-shadow 250ms cubic-bezier(0.4, 0, 0.2, 1) 0ms,border-color 250ms cubic-bezier(0.4, 0, 0.2, 1) 0ms,color 250ms cubic-bezier(0.4, 0, 0.2, 1) 0ms;
  transition: background-color 250ms cubic-bezier(0.4, 0, 0.2, 1) 0ms,box-shadow 250ms cubic-bezier(0.4, 0, 0.2, 1) 0ms,border-color 250ms cubic-bezier(0.4, 0, 0.2, 1) 0ms,color 250ms cubic-bezier(0.4, 0, 0.2, 1) 0ms;
  padding: 6px 8px;
  color: var(--variant-textColor);
  background-color: var(--variant-textBg);
  --variant-textColor: #1976d2;
  --variant-outlinedColor: #1976d2;
  --variant-outlinedBorder: rgba(25, 118, 210, 0.5);
  --variant-containedColor: #fff;
  --variant-containedBg: #1976d2;
  -webkit-transition: background-color 250ms cubic-bezier(0.4, 0, 0.2, 1) 0ms,box-shadow 250ms cubic-bezier(0.4, 0, 0.2, 1) 0ms,border-color 250ms cubic-bezier(0.4, 0, 0.2, 1) 0ms;
  transition: background-color 250ms cubic-bezier(0.4, 0, 0.2, 1) 0ms,box-shadow 250ms cubic-bezier(0.4, 0, 0.2, 1) 0ms,border-color 250ms cubic-bezier(0.4, 0, 0.2, 1) 0ms;
}

.emotion-62::-moz-focus-inner {
  border-style: none;
}

.emotion-62.Mui-disabled {
  pointer-events: none;
  cursor: default;
}

@media print {
  .emotion-62 {
    -webkit-print-color-adjust: exact;
    color-adjust: exact;
  }
}

.emotion-62:hover {
  -webkit-text-decoration: none;
  text-decoration: none;
}

.emotion-62.Mui-disabled {
  color: rgba(0, 0, 0, 0.26);
}

@media (hover: hover) {
  .emotion-62:hover {
    --variant-containedBg: #1565c0;
    --variant-textBg: rgba(25, 118, 210, 0.04);
    --variant-outlinedBorder: #1976d2;
    --variant-outlinedBg: rgba(25, 118, 210, 0.04);
  }
}

.emotion-62.MuiButton-loading {
  color: transparent;
}

.emotion-63 {
  display: inherit;
  margin-right: 8px;
  margin-left: -4px;
}

.emotion-63>*:nth-of-type(1) {
  font-size: 20px;
}

<div
  class="release-repo-item flexbox"
>
  <div
    class="muted"
  >
    1
  </div>
  <div
    class="MuiPaper-root MuiPaper-elevation MuiPaper-elevation1 MuiAccordion-root MuiAccordion-gutters emotion-0"
    style="--Paper-shadow: 0px 2px 1px -1px rgba(0,0,0,0.2),0px 1px 1px 0px rgba(0,0,0,0.14),0px 1px 3px 0px rgba(0,0,0,0.12);"
  >
    <h3
      class="MuiAccordion-heading emotion-1"
    >
      <button
        aria-expanded="false"
        class="MuiButtonBase-root MuiAccordionSummary-root MuiAccordionSummary-gutters emotion-2"
        style="padding: 0px 12px;"
        tabindex="0"
        type="button"
      >
        <span
          class="MuiAccordionSummary-content repo-item MuiAccordionSummary-contentGutters emotion-3"
        >
          <div
            aria-label="test-type"
            class="text-overflow"
            data-mui-internal-clone-element="true"
          >
            test-type
          </div>
          <div
            style="max-width: 100vw;"
          />
          <div>
            0 Bytes
          </div>
          <span
            aria-label="Tue Jan 01 2019 00:00:00 GMT+0000"
            class=""
            data-mui-internal-clone-element="true"
          >
            <time
              datetime="2019-01-01T00:00:00+00:00"
            >
              2019-01-01 00:00
            </time>
          </span>
          <svg
            aria-hidden="true"
            class="MuiSvgIcon-root MuiSvgIcon-fontSizeLarge expandButton emotion-4"
            data-testid="ArrowDropDownIcon"
            focusable="false"
            viewBox="0 0 24 24"
          >
            <path
              d="m7 10 5 5 5-5z"
            />
          </svg>
        </span>
      </button>
    </h3>
    <div
      class="MuiCollapse-root MuiCollapse-vertical MuiCollapse-hidden emotion-5"
      style="min-height: 0px;"
    >
      <div
        class="MuiCollapse-wrapper MuiCollapse-vertical emotion-6"
      >
        <div
          class="MuiCollapse-wrapperInner MuiCollapse-vertical emotion-7"
        >
          <div
            class="MuiAccordion-region emotion-8"
            role="region"
          >
            <div
              class="MuiAccordionDetails-root emotion-9"
            >
              <div
                class="muted"
              >
                <ul
                  class="MuiList-root MuiList-padding list-horizontal-flex emotion-10"
                >
                  <li
                    class="MuiListItem-root attributes MuiListItem-gutters MuiListItem-padding emotion-11"
                  >
                    <div
                      class="MuiListItemText-root MuiListItemText-multiline emotion-12"
                      style="margin-bottom: -3px; min-width: 600px;"
                    >
                      <span
                        class="MuiTypography-root MuiTypography-body1 MuiListItemText-primary emotion-13"
                        style="margin-bottom: 3px;"
                      >
                        Description
                      </span>
                      <div
                        class="MuiTypography-root MuiTypography-body2 MuiListItemText-secondary emotion-14"
                      >
                        <div
                          class="flexbox"
                          style="align-items: end;"
                        >
                          <div
                            class="full-width margin-right emotion-15"
                          >
                            <div
                              class="MuiListItem-root attributes MuiListItem-dense MuiListItem-padding MuiListItem-divider emotion-16"
                            >
                              <div
                                class="MuiListItemText-root MuiListItemText-dense emotion-17"
                              >
                                <span
                                  class="MuiTypography-root MuiTypography-body2 MuiListItemText-primary emotion-18"
                                />
                                <div
                                  class="MuiTypography-root MuiTypography-body2 MuiListItemText-secondary emotion-14"
                                  title=""
                                >
                                  <span
                                    class="emotion-20"
                                  />
                                   
                                </div>
                              </div>
                            </div>
                          </div>
                          <button
                            class="MuiButtonBase-root MuiButton-root MuiButton-text MuiButton-textPrimary MuiButton-sizeSmall MuiButton-textSizeSmall MuiButton-colorPrimary MuiButton-root MuiButton-text MuiButton-textPrimary MuiButton-sizeSmall MuiButton-textSizeSmall MuiButton-colorPrimary emotion-21"
                            style="padding: 5px;"
                            tabindex="0"
                            type="button"
                          >
                            <span
                              class="MuiButton-icon MuiButton-startIcon MuiButton-iconSizeSmall emotion-22"
                            >
                              <svg
                                aria-hidden="true"
                                class="MuiSvgIcon-root MuiSvgIcon-fontSizeMedium emotion-23"
                                data-testid="EditIcon"
                                focusable="false"
                                viewBox="0 0 24 24"
                              >
                                <path
                                  d="M3 17.25V21h3.75L17.81 9.94l-3.75-3.75zM20.71 7.04c.39-.39.39-1.02 0-1.41l-2.34-2.34a.996.996 0 0 0-1.41 0l-1.83 1.83 3.75 3.75z"
                                />
                              </svg>
                            </span>
                            Edit
                          </button>
                        </div>
                      </div>
                    </div>
                  </li>
                  <li
                    class="MuiListItem-root attributes MuiListItem-gutters MuiListItem-padding undefined emotion-11"
                  >
                    <div
                      class="MuiListItemText-root MuiListItemText-multiline emotion-12"
                    >
                      <span
                        class="MuiTypography-root MuiTypography-body1 MuiListItemText-primary emotion-13"
                      >
                        Signed
                      </span>
                      <p
                        class="MuiTypography-root MuiTypography-body2 MuiListItemText-secondary emotion-14"
                      >
                        <svg
                          aria-hidden="true"
                          class="MuiSvgIcon-root MuiSvgIcon-fontSizeMedium red emotion-23"
                          data-testid="CancelOutlinedIcon"
                          focusable="false"
                          viewBox="0 0 24 24"
                        >
                          <path
                            d="M12 2C6.47 2 2 6.47 2 12s4.47 10 10 10 10-4.47 10-10S17.53 2 12 2m0 18c-4.41 0-8-3.59-8-8s3.59-8 8-8 8 3.59 8 8-3.59 8-8 8m3.59-13L12 10.59 8.41 7 7 8.41 10.59 12 7 15.59 8.41 17 12 13.41 15.59 17 17 15.59 13.41 12 17 8.41z"
                          />
                        </svg>
                      </p>
                    </div>
                  </li>
                </ul>
                <p
                  class="margin-bottom-none"
                >
                  Software versioning information
                </p>
                <ul
                  class="MuiList-root MuiList-padding list-horizontal-flex emotion-10"
                  style="padding-top: 0px;"
                >
                  <div
                    class=""
                  >
                    <li
                      class="MuiListItem-root attributes MuiListItem-gutters MuiListItem-padding MuiListItem-divider emotion-30"
                    >
                      <div
                        class="MuiListItemText-root MuiListItemText-multiline emotion-12"
                      >
                        <span
                          class="MuiTypography-root MuiTypography-body1 MuiListItemText-primary emotion-13"
                        >
                          Software filesystem
                        </span>
                        <div
                          class="MuiTypography-root MuiTypography-body2 MuiListItemText-secondary emotion-14"
                          title="data-partition"
                        >
                          <span
                            class="inventory-text"
                          >
                            data-partition
                          </span>
                           
                        </div>
                      </div>
                    </li>
                  </div>
                  <div
                    class=""
                  >
                    <li
                      class="MuiListItem-root attributes MuiListItem-gutters MuiListItem-padding MuiListItem-divider emotion-30"
                    >
                      <div
                        class="MuiListItemText-root MuiListItemText-multiline emotion-12"
                      >
                        <span
                          class="MuiTypography-root MuiTypography-body1 MuiListItemText-primary emotion-13"
                        >
                          Software name
                        </span>
                        <div
                          class="MuiTypography-root MuiTypography-body2 MuiListItemText-secondary emotion-14"
                          title="myapp"
                        >
                          <span
                            class="inventory-text"
                          >
                            myapp
                          </span>
                           
                        </div>
                      </div>
                    </li>
                  </div>
                  <div
                    class=""
                  >
                    <li
                      class="MuiListItem-root attributes MuiListItem-gutters MuiListItem-padding MuiListItem-divider emotion-30"
                    >
                      <div
                        class="MuiListItemText-root MuiListItemText-multiline emotion-12"
                      >
                        <span
                          class="MuiTypography-root MuiTypography-body1 MuiListItemText-primary emotion-13"
                        >
                          Software version
                        </span>
                        <div
                          class="MuiTypography-root MuiTypography-body2 MuiListItemText-secondary emotion-14"
                          title="v2020.10"
                        >
                          <span
                            class="inventory-text"
                          >
                            v2020.10
                          </span>
                           
                        </div>
                      </div>
                    </li>
                  </div>
                </ul>
                <div
                  class="MuiPaper-root MuiPaper-elevation MuiPaper-elevation1 MuiAccordion-root MuiAccordion-gutters emotion-42"
                  style="--Paper-shadow: 0px 2px 1px -1px rgba(0,0,0,0.2),0px 1px 1px 0px rgba(0,0,0,0.14),0px 1px 3px 0px rgba(0,0,0,0.12);"
                >
                  <h3
                    class="MuiAccordion-heading emotion-1"
                  >
                    <button
                      aria-expanded="false"
                      class="MuiButtonBase-root MuiAccordionSummary-root MuiAccordionSummary-gutters emotion-44"
                      tabindex="0"
                      type="button"
                    >
                      <span
                        class="MuiAccordionSummary-content MuiAccordionSummary-contentGutters emotion-3"
                      >
                        <p>
                          Artifact contents
                        </p>
                        <div
                          style="margin-left: auto;"
                        >
                          <svg
                            aria-hidden="true"
                            class="MuiSvgIcon-root MuiSvgIcon-fontSizeMedium emotion-23"
                            data-testid="AddIcon"
                            focusable="false"
                            viewBox="0 0 24 24"
                          >
                            <path
                              d="M19 13h-6v6h-2v-6H5v-2h6V5h2v6h6z"
                            />
                          </svg>
                        </div>
                      </span>
                    </button>
                  </h3>
                  <div
                    class="MuiCollapse-root MuiCollapse-vertical MuiCollapse-hidden emotion-5"
                    style="min-height: 0px;"
                  >
                    <div
                      class="MuiCollapse-wrapper MuiCollapse-vertical emotion-6"
                    >
                      <div
                        class="MuiCollapse-wrapperInner MuiCollapse-vertical emotion-7"
                      >
                        <div
                          class="MuiAccordion-region emotion-8"
                          role="region"
                        >
                          <div
                            class="MuiAccordionDetails-root emotion-51"
                          />
                        </div>
                      </div>
                    </div>
                  </div>
                </div>
                <div
                  class="MuiPaper-root MuiPaper-elevation MuiPaper-elevation1 MuiAccordion-root MuiAccordion-gutters emotion-42"
                  style="--Paper-shadow: 0px 2px 1px -1px rgba(0,0,0,0.2),0px 1px 1px 0px rgba(0,0,0,0.14),0px 1px 3px 0px rgba(0,0,0,0.12);"
                >
                  <h3
                    class="MuiAccordion-heading emotion-1"
                  >
                    <button
                      aria-expanded="false"
                      class="MuiButtonBase-root MuiAccordionSummary-root MuiAccordionSummary-gutters emotion-44"
                      tabindex="0"
                      type="button"
                    >
                      <span
                        class="MuiAccordionSummary-content MuiAccordionSummary-contentGutters emotion-3"
                      >
                        <p>
                          Provides and Depends
                        </p>
                        <div
                          style="margin-left: auto;"
                        >
                          <svg
                            aria-hidden="true"
                            class="MuiSvgIcon-root MuiSvgIcon-fontSizeMedium emotion-23"
                            data-testid="AddIcon"
                            focusable="false"
                            viewBox="0 0 24 24"
                          >
                            <path
                              d="M19 13h-6v6h-2v-6H5v-2h6V5h2v6h6z"
                            />
                          </svg>
                        </div>
                      </span>
                    </button>
                  </h3>
                  <div
                    class="MuiCollapse-root MuiCollapse-vertical MuiCollapse-hidden emotion-5"
                    style="min-height: 0px;"
                  >
                    <div
                      class="MuiCollapse-wrapper MuiCollapse-vertical emotion-6"
                    >
                      <div
                        class="MuiCollapse-wrapperInner MuiCollapse-vertical emotion-7"
                      >
                        <div
                          class="MuiAccordion-region emotion-8"
                          role="region"
                        >
                          <div
                            class="MuiAccordionDetails-root emotion-51"
                          />
                        </div>
                      </div>
                    </div>
                  </div>
                </div>
                <div
                  class="two-columns margin-top-small"
                  style="max-width: fit-content;"
                >
                  <button
                    class="MuiButtonBase-root MuiButton-root MuiButton-text MuiButton-textPrimary MuiButton-sizeMedium MuiButton-textSizeMedium MuiButton-colorPrimary Mui-disabled MuiButton-root MuiButton-text MuiButton-textPrimary MuiButton-sizeMedium MuiButton-textSizeMedium MuiButton-colorPrimary emotion-62"
                    disabled=""
                    download=""
                    tabindex="-1"
                    target="_blank"
                    type="button"
                  >
                    <span
                      class="MuiButton-icon MuiButton-startIcon MuiButton-iconSizeMedium emotion-63"
                    >
                      <svg
                        aria-hidden="true"
                        class="MuiSvgIcon-root MuiSvgIcon-fontSizeMedium emotion-23"
                        data-testid="ExitToAppIcon"
                        focusable="false"
                        style="transform: rotateZ(90deg);"
                        viewBox="0 0 24 24"
                      >
                        <path
                          d="M10.09 15.59 11.5 17l5-5-5-5-1.41 1.41L12.67 11H3v2h9.67zM19 3H5c-1.11 0-2 .9-2 2v4h2V5h14v14H5v-4H3v4c0 1.1.89 2 2 2h14c1.1 0 2-.9 2-2V5c0-1.1-.9-2-2-2"
                        />
                      </svg>
                    </span>
                    Download Artifact
                  </button>
                  <button
                    class="MuiButtonBase-root MuiButton-root MuiButton-text MuiButton-textPrimary MuiButton-sizeMedium MuiButton-textSizeMedium MuiButton-colorPrimary MuiButton-root MuiButton-text MuiButton-textPrimary MuiButton-sizeMedium MuiButton-textSizeMedium MuiButton-colorPrimary emotion-62"
                    tabindex="0"
                    type="button"
                  >
                    <span
                      class="MuiButton-icon MuiButton-startIcon MuiButton-iconSizeMedium emotion-63"
                    >
                      <svg
                        aria-hidden="true"
                        class="MuiSvgIcon-root MuiSvgIcon-fontSizeMedium red auth emotion-23"
                        data-testid="CancelIcon"
                        focusable="false"
                        viewBox="0 0 24 24"
                      >
                        <path
                          d="M12 2C6.47 2 2 6.47 2 12s4.47 10 10 10 10-4.47 10-10S17.53 2 12 2m5 13.59L15.59 17 12 13.41 8.41 17 7 15.59 10.59 12 7 8.41 8.41 7 12 10.59 15.59 7 17 8.41 13.41 12z"
                        />
                      </svg>
                    </span>
                    Remove this Artifact?
                  </button>
                </div>
              </div>
            </div>
          </div>
        </div>
      </div>
    </div>
  </div>
</div>
`;
