// Vitest Snapshot v1, https://vitest.dev/guide/snapshot.html

exports[`ArtifactPayload Component > renders correctly 1`] = `
.emotion-0 {
  list-style: none;
  margin: 0;
  padding: 0;
  position: relative;
  padding-top: 8px;
  padding-bottom: 8px;
}

.emotion-1 {
  display: -webkit-box;
  display: -webkit-flex;
  display: -ms-flexbox;
  display: flex;
  -webkit-box-pack: start;
  -ms-flex-pack: start;
  -webkit-justify-content: flex-start;
  justify-content: flex-start;
  -webkit-align-items: center;
  -webkit-box-align: center;
  -ms-flex-align: center;
  align-items: center;
  position: relative;
  -webkit-text-decoration: none;
  text-decoration: none;
  width: 100%;
  box-sizing: border-box;
  text-align: left;
  padding-top: 8px;
  padding-bottom: 8px;
  padding-left: 16px;
  padding-right: 16px;
  border-bottom: 1px solid rgba(0, 0, 0, 0.12);
  -webkit-background-clip: padding-box;
  background-clip: padding-box;
}

.emotion-2 {
  -webkit-flex: 1 1 auto;
  -ms-flex: 1 1 auto;
  flex: 1 1 auto;
  min-width: 0;
  margin-top: 4px;
  margin-bottom: 4px;
  margin-top: 6px;
  margin-bottom: 6px;
}

.MuiTypography-root:where(.emotion-2 .MuiListItemText-primary) {
  display: block;
}

.MuiTypography-root:where(.emotion-2 .MuiListItemText-secondary) {
  display: block;
}

.emotion-3 {
  margin: 0;
  font-family: "Roboto","Helvetica","Arial",sans-serif;
  font-weight: 400;
  font-size: 1rem;
  line-height: 1.5;
  letter-spacing: 0.00938em;
}

.emotion-4 {
  margin: 0;
  font-family: "Roboto","Helvetica","Arial",sans-serif;
  font-weight: 400;
  font-size: 0.875rem;
  line-height: 1.43;
  letter-spacing: 0.01071em;
  color: rgba(0, 0, 0, 0.6);
}

<div>
  <p
    class="margin-bottom-none"
  >
    test
  </p>
  <ul
    class="MuiList-root MuiList-padding list-horizontal-flex emotion-0"
    style="padding-top: 0px;"
  >
    <div
      class=""
    >
      <li
        class="MuiListItem-root attributes MuiListItem-gutters MuiListItem-padding MuiListItem-divider emotion-1"
      >
        <div
          class="MuiListItemText-root MuiListItemText-multiline emotion-2"
        >
          <span
            class="MuiTypography-root MuiTypography-body1 MuiListItemText-primary emotion-3"
          >
            primary text
          </span>
          <div
            class="MuiTypography-root MuiTypography-body2 MuiListItemText-secondary emotion-4"
            title="secondary text"
          >
            <span
              class="inventory-text"
            >
              secondary text
            </span>
             
          </div>
        </div>
      </li>
    </div>
  </ul>
</div>
`;
