// Vitest Snapshot v1, https://vitest.dev/guide/snapshot.html

exports[`ArtifactPayload Component > renders correctly 1`] = `
.emotion-0 {
  background: #9e9e9e;
  margin: 0;
  padding: 10px;
  position: absolute;
  top: -20px;
}

.emotion-1 {
  list-style: none;
  margin: 0;
  padding: 0;
  position: relative;
  padding-top: 8px;
  padding-bottom: 8px;
  display: -webkit-box;
  display: -webkit-flex;
  display: -ms-flexbox;
  display: flex;
  -webkit-flex-direction: row;
  -ms-flex-direction: row;
  flex-direction: row;
}

.emotion-2 {
  display: -webkit-box;
  display: -webkit-flex;
  display: -ms-flexbox;
  display: flex;
  -webkit-box-pack: start;
  -ms-flex-pack: start;
  -webkit-justify-content: flex-start;
  justify-content: flex-start;
  -webkit-align-items: center;
  -webkit-box-align: center;
  -ms-flex-align: center;
  align-items: center;
  position: relative;
  -webkit-text-decoration: none;
  text-decoration: none;
  width: 100%;
  box-sizing: border-box;
  text-align: left;
  padding-top: 8px;
  padding-bottom: 8px;
  padding-left: 16px;
  padding-right: 16px;
  padding-bottom: 11px;
  border-bottom: 1px solid #757575;
  margin-right: 2vw;
}

.emotion-3 {
  -webkit-flex: 1 1 auto;
  -ms-flex: 1 1 auto;
  flex: 1 1 auto;
  min-width: 0;
  margin-top: 4px;
  margin-bottom: 4px;
  margin-top: 6px;
  margin-bottom: 6px;
}

.MuiTypography-root:where(.emotion-3 .MuiListItemText-primary) {
  display: block;
}

.MuiTypography-root:where(.emotion-3 .MuiListItemText-secondary) {
  display: block;
}

.emotion-4 {
  margin: 0;
  font-family: "Roboto","Helvetica","Arial",sans-serif;
  font-weight: 400;
  font-size: 1rem;
  line-height: 1.5;
  letter-spacing: 0.00938em;
}

.emotion-5 {
  margin: 0;
  font-family: "Roboto","Helvetica","Arial",sans-serif;
  font-weight: 400;
  font-size: 0.875rem;
  line-height: 1.43;
  letter-spacing: 0.01071em;
  color: rgba(0, 0, 0, 0.6);
}

<div
  class="file-details"
>
  <h4
    class="emotion-0"
  >
    Payload 
  </h4>
  <ul
    class="MuiList-root MuiList-padding emotion-1"
  >
    <li
      class="MuiListItem-root attributes MuiListItem-gutters MuiListItem-padding emotion-2"
      disabled=""
    >
      <div
        class="MuiListItemText-root MuiListItemText-multiline emotion-3"
      >
        <span
          class="MuiTypography-root MuiTypography-body1 MuiListItemText-primary emotion-4"
        >
          Type
        </span>
        <p
          class="MuiTypography-root MuiTypography-body2 MuiListItemText-secondary emotion-5"
        >
          test
        </p>
      </div>
    </li>
    <li
      class="MuiListItem-root attributes MuiListItem-gutters MuiListItem-padding emotion-2"
      disabled=""
    >
      <div
        class="MuiListItemText-root MuiListItemText-multiline emotion-3"
      >
        <span
          class="MuiTypography-root MuiTypography-body1 MuiListItemText-primary emotion-4"
        >
          Total Size (uncompressed)
        </span>
        <p
          class="MuiTypography-root MuiTypography-body2 MuiListItemText-secondary emotion-5"
        >
          0 Bytes
        </p>
      </div>
    </li>
  </ul>
  <div
    class="file-meta"
  >
    <h4>
      Files
    </h4>
    <p>
      There are no files in this Artifact
    </p>
  </div>
</div>
`;
