// Vitest Snapshot v1, https://vitest.dev/guide/snapshot.html

exports[`MyOrganization Component > renders correctly 1`] = `
.emotion-0 {
  margin: 0;
  font-family: Lato,sans-serif;
  font-weight: 500;
  font-size: 1.1607rem;
  line-height: 1.6;
}

.emotion-1 {
  gap: 16px;
}

.emotion-2 {
  gap: 8px;
}

.emotion-4>* {
  max-width: 500px;
}

.emotion-5 {
  margin: 0;
  font-family: Lato,sans-serif;
  font-weight: 400;
  font-size: 0.9286rem;
  line-height: 1.75;
}

.emotion-6 {
  -webkit-align-items: baseline;
  -webkit-box-align: baseline;
  -ms-flex-align: baseline;
  align-items: baseline;
  display: grid;
  grid-template-columns: 500px 1fr;
  grid-column-gap: 16px;
  max-width: initial;
}

.emotion-7 {
  margin: 0;
  font-family: Lato,sans-serif;
  font-weight: 400;
  font-size: 0.8125rem;
  line-height: 1.43;
}

.emotion-8 {
  display: -webkit-inline-box;
  display: -webkit-inline-flex;
  display: -ms-inline-flexbox;
  display: inline-flex;
  -webkit-align-items: center;
  -webkit-box-align: center;
  -ms-flex-align: center;
  align-items: center;
  -webkit-box-pack: center;
  -ms-flex-pack: center;
  -webkit-justify-content: center;
  justify-content: center;
  position: relative;
  box-sizing: border-box;
  -webkit-tap-highlight-color: transparent;
  background-color: transparent;
  outline: 0;
  border: 0;
  margin: 0;
  border-radius: 0;
  padding: 0;
  cursor: pointer;
  -webkit-user-select: none;
  -moz-user-select: none;
  -ms-user-select: none;
  user-select: none;
  vertical-align: middle;
  -moz-appearance: none;
  -webkit-appearance: none;
  -webkit-text-decoration: none;
  text-decoration: none;
  color: inherit;
  font-family: Lato,sans-serif;
  font-weight: 500;
  font-size: 0.8125rem;
  line-height: 1.75;
  text-transform: uppercase;
  min-width: 64px;
  padding: 6px 16px;
  border: 0;
  border-radius: 4px;
  -webkit-transition: background-color 250ms cubic-bezier(0.4, 0, 0.2, 1) 0ms,box-shadow 250ms cubic-bezier(0.4, 0, 0.2, 1) 0ms,border-color 250ms cubic-bezier(0.4, 0, 0.2, 1) 0ms,color 250ms cubic-bezier(0.4, 0, 0.2, 1) 0ms;
  transition: background-color 250ms cubic-bezier(0.4, 0, 0.2, 1) 0ms,box-shadow 250ms cubic-bezier(0.4, 0, 0.2, 1) 0ms,border-color 250ms cubic-bezier(0.4, 0, 0.2, 1) 0ms,color 250ms cubic-bezier(0.4, 0, 0.2, 1) 0ms;
  padding: 6px 8px;
  color: var(--variant-textColor);
  background-color: var(--variant-textBg);
  --variant-textColor: #337a87;
  --variant-outlinedColor: #337a87;
  --variant-outlinedBorder: rgba(51, 122, 135, 0.5);
  --variant-containedColor: #fff;
  --variant-containedBg: #337a87;
  -webkit-transition: background-color 250ms cubic-bezier(0.4, 0, 0.2, 1) 0ms,box-shadow 250ms cubic-bezier(0.4, 0, 0.2, 1) 0ms,border-color 250ms cubic-bezier(0.4, 0, 0.2, 1) 0ms;
  transition: background-color 250ms cubic-bezier(0.4, 0, 0.2, 1) 0ms,box-shadow 250ms cubic-bezier(0.4, 0, 0.2, 1) 0ms,border-color 250ms cubic-bezier(0.4, 0, 0.2, 1) 0ms;
  border-radius: 2px;
  font-size: 14px;
  font-weight: bold;
  padding: 10px 15px;
}

.emotion-8::-moz-focus-inner {
  border-style: none;
}

.emotion-8.Mui-disabled {
  pointer-events: none;
  cursor: default;
}

@media print {
  .emotion-8 {
    -webkit-print-color-adjust: exact;
    color-adjust: exact;
  }
}

.emotion-8:hover {
  -webkit-text-decoration: none;
  text-decoration: none;
}

.emotion-8.Mui-disabled {
  color: rgba(0, 0, 0, 0.26);
}

@media (hover: hover) {
  .emotion-8:hover {
    --variant-containedBg: rgb(35, 85, 94);
    --variant-textBg: rgba(51, 122, 135, 0.04);
    --variant-outlinedBorder: #337a87;
    --variant-outlinedBg: rgba(51, 122, 135, 0.04);
  }
}

.emotion-8.MuiButton-loading {
  color: transparent;
}

.emotion-8:hover {
  colors: #337a87;
}

.emotion-8.MuiButton-text {
  color: rgba(10, 10, 11, 0.78);
}

.emotion-9 {
  display: inherit;
  margin-right: 8px;
  margin-left: -4px;
}

.emotion-9>*:nth-of-type(1) {
  font-size: 20px;
}

.emotion-10 {
  -webkit-user-select: none;
  -moz-user-select: none;
  -ms-user-select: none;
  user-select: none;
  width: 1em;
  height: 1em;
  display: inline-block;
  -webkit-flex-shrink: 0;
  -ms-flex-negative: 0;
  flex-shrink: 0;
  -webkit-transition: fill 200ms cubic-bezier(0.4, 0, 0.2, 1) 0ms;
  transition: fill 200ms cubic-bezier(0.4, 0, 0.2, 1) 0ms;
  fill: currentColor;
  font-size: 1.3929rem;
}

.emotion-10 iconButton {
  margin-right: 8px;
}

.emotion-26 {
  word-wrap: break-word;
}

.emotion-31 {
  display: -webkit-inline-box;
  display: -webkit-inline-flex;
  display: -ms-inline-flexbox;
  display: inline-flex;
  -webkit-align-items: center;
  -webkit-box-align: center;
  -ms-flex-align: center;
  align-items: center;
  cursor: pointer;
  vertical-align: middle;
  -webkit-tap-highlight-color: transparent;
  margin-left: -11px;
  margin-right: 16px;
  -webkit-flex-direction: row-reverse;
  -ms-flex-direction: row-reverse;
  flex-direction: row-reverse;
  margin-right: -11px;
  margin-left: 16px;
  margin-top: 18px;
}

.emotion-31.Mui-disabled {
  cursor: default;
}

.emotion-31 .MuiFormControlLabel-label.Mui-disabled {
  color: rgba(0, 0, 0, 0.38);
}

.emotion-32 {
  display: -webkit-inline-box;
  display: -webkit-inline-flex;
  display: -ms-inline-flexbox;
  display: inline-flex;
  width: 58px;
  height: 38px;
  overflow: hidden;
  padding: 12px;
  box-sizing: border-box;
  position: relative;
  -webkit-flex-shrink: 0;
  -ms-flex-negative: 0;
  flex-shrink: 0;
  z-index: 0;
  vertical-align: middle;
}

@media print {
  .emotion-32 {
    -webkit-print-color-adjust: exact;
    color-adjust: exact;
  }
}

.emotion-33 {
  display: -webkit-inline-box;
  display: -webkit-inline-flex;
  display: -ms-inline-flexbox;
  display: inline-flex;
  -webkit-align-items: center;
  -webkit-box-align: center;
  -ms-flex-align: center;
  align-items: center;
  -webkit-box-pack: center;
  -ms-flex-pack: center;
  -webkit-justify-content: center;
  justify-content: center;
  position: relative;
  box-sizing: border-box;
  -webkit-tap-highlight-color: transparent;
  background-color: transparent;
  outline: 0;
  border: 0;
  margin: 0;
  border-radius: 0;
  padding: 0;
  cursor: pointer;
  -webkit-user-select: none;
  -moz-user-select: none;
  -ms-user-select: none;
  user-select: none;
  vertical-align: middle;
  -moz-appearance: none;
  -webkit-appearance: none;
  -webkit-text-decoration: none;
  text-decoration: none;
  color: inherit;
  padding: 9px;
  border-radius: 50%;
  position: absolute;
  top: 0;
  left: 0;
  z-index: 1;
  color: #fff;
  -webkit-transition: left 150ms cubic-bezier(0.4, 0, 0.2, 1) 0ms,-webkit-transform 150ms cubic-bezier(0.4, 0, 0.2, 1) 0ms;
  transition: left 150ms cubic-bezier(0.4, 0, 0.2, 1) 0ms,transform 150ms cubic-bezier(0.4, 0, 0.2, 1) 0ms;
}

.emotion-33::-moz-focus-inner {
  border-style: none;
}

.emotion-33.Mui-disabled {
  pointer-events: none;
  cursor: default;
}

@media print {
  .emotion-33 {
    -webkit-print-color-adjust: exact;
    color-adjust: exact;
  }
}

.emotion-33.Mui-checked {
  -webkit-transform: translateX(20px);
  -moz-transform: translateX(20px);
  -ms-transform: translateX(20px);
  transform: translateX(20px);
}

.emotion-33.Mui-disabled {
  color: #d8ebe9;
}

.emotion-33.Mui-checked+.MuiSwitch-track {
  opacity: 0.5;
}

.emotion-33.Mui-disabled+.MuiSwitch-track {
  opacity: 0.12;
}

.emotion-33 .MuiSwitch-input {
  left: -100%;
  width: 300%;
}

.emotion-33:hover {
  background-color: rgba(0, 0, 0, 0.04);
}

@media (hover: none) {
  .emotion-33:hover {
    background-color: transparent;
  }
}

.emotion-33.Mui-checked {
  color: #337a87;
}

.emotion-33.Mui-checked:hover {
  background-color: rgba(51, 122, 135, 0.04);
}

@media (hover: none) {
  .emotion-33.Mui-checked:hover {
    background-color: transparent;
  }
}

.emotion-33.Mui-checked.Mui-disabled {
  color: rgb(177, 204, 209);
}

.emotion-33.Mui-checked+.MuiSwitch-track {
  background-color: #337a87;
}

.emotion-34 {
  cursor: inherit;
  position: absolute;
  opacity: 0;
  width: 100%;
  height: 100%;
  top: 0;
  left: 0;
  margin: 0;
  padding: 0;
  z-index: 1;
}

.emotion-35 {
  box-shadow: 0px 2px 1px -1px rgba(0,0,0,0.2),0px 1px 1px 0px rgba(0,0,0,0.14),0px 1px 3px 0px rgba(0,0,0,0.12);
  background-color: currentColor;
  width: 20px;
  height: 20px;
  border-radius: 50%;
}

.emotion-36 {
  height: 100%;
  width: 100%;
  border-radius: 7px;
  z-index: -1;
  -webkit-transition: opacity 150ms cubic-bezier(0.4, 0, 0.2, 1) 0ms,background-color 150ms cubic-bezier(0.4, 0, 0.2, 1) 0ms;
  transition: opacity 150ms cubic-bezier(0.4, 0, 0.2, 1) 0ms,background-color 150ms cubic-bezier(0.4, 0, 0.2, 1) 0ms;
  background-color: #000;
  opacity: 0.38;
}

.emotion-37 {
  margin: 0;
  line-height: 1.5;
  font-family: Lato,sans-serif;
  font-weight: 400;
  font-size: 0.9286rem;
}

<body>
  <div>
    <div
      style="max-width: 750px;"
    >
      <h6
        class="MuiTypography-root MuiTypography-h6 emotion-0"
      >
        My organization
      </h6>
      <div
        class="flexbox column emotion-1"
      >
        <div
          class="flexbox column settings-item-base emotion-2 margin-top-small "
        >
          <div
            class="flexbox column settings-item-content emotion-2 emotion-4 "
          >
            <h6
              class="MuiTypography-root MuiTypography-subtitle1 emotion-5"
            >
              Organization ID
            </h6>
            <div
              class="settings-item-main-content emotion-6 "
            >
              <div
                class="MuiTypography-root MuiTypography-body2 emotion-7"
              >
                1
              </div>
              <div>
                <button
                  class="MuiButtonBase-root MuiButton-root MuiButton-text MuiButton-textPrimary MuiButton-sizeMedium MuiButton-textSizeMedium MuiButton-colorPrimary MuiButton-root MuiButton-text MuiButton-textPrimary MuiButton-sizeMedium MuiButton-textSizeMedium MuiButton-colorPrimary emotion-8"
                  tabindex="0"
                  type="button"
                >
                  <span
                    class="MuiButton-icon MuiButton-startIcon MuiButton-iconSizeMedium emotion-9"
                  >
                    <svg
                      aria-hidden="true"
                      class="MuiSvgIcon-root MuiSvgIcon-fontSizeMedium emotion-10"
                      data-testid="FileCopyIcon"
                      focusable="false"
                      viewBox="0 0 24 24"
                    >
                      <path
                        d="M16 1H4c-1.1 0-2 .9-2 2v14h2V3h12zm-1 4 6 6v10c0 1.1-.9 2-2 2H7.99C6.89 23 6 22.1 6 21l.01-14c0-1.1.89-2 1.99-2zm-1 7h5.5L14 6.5z"
                      />
                    </svg>
                  </span>
                  Copy to clipboard
                </button>
              </div>
            </div>
          </div>
        </div>
        <div
          class="flexbox column settings-item-base emotion-2 margin-top-small "
        >
          <div
            class="flexbox column settings-item-content emotion-2 emotion-4 "
          >
            <h6
              class="MuiTypography-root MuiTypography-subtitle1 emotion-5"
            >
              Organization name
            </h6>
            <div
              class="settings-item-main-content emotion-6 "
            >
              <div
                class="MuiTypography-root MuiTypography-body2 emotion-7"
              >
                test
              </div>
              <div>
                <button
                  class="MuiButtonBase-root MuiButton-root MuiButton-text MuiButton-textPrimary MuiButton-sizeMedium MuiButton-textSizeMedium MuiButton-colorPrimary MuiButton-root MuiButton-text MuiButton-textPrimary MuiButton-sizeMedium MuiButton-textSizeMedium MuiButton-colorPrimary emotion-8"
                  tabindex="0"
                  type="button"
                >
                  <span
                    class="MuiButton-icon MuiButton-startIcon MuiButton-iconSizeMedium emotion-9"
                  >
                    <svg
                      aria-hidden="true"
                      class="MuiSvgIcon-root MuiSvgIcon-fontSizeMedium emotion-10"
                      data-testid="FileCopyIcon"
                      focusable="false"
                      viewBox="0 0 24 24"
                    >
                      <path
                        d="M16 1H4c-1.1 0-2 .9-2 2v14h2V3h12zm-1 4 6 6v10c0 1.1-.9 2-2 2H7.99C6.89 23 6 22.1 6 21l.01-14c0-1.1.89-2 1.99-2zm-1 7h5.5L14 6.5z"
                      />
                    </svg>
                  </span>
                  Copy to clipboard
                </button>
              </div>
            </div>
          </div>
        </div>
        <div
          class="flexbox column settings-item-base emotion-2 margin-top-small "
        >
          <div
            class="flexbox column settings-item-content emotion-2 emotion-4 "
          >
            <h6
              class="MuiTypography-root MuiTypography-subtitle1 emotion-5"
            >
              Organization token
            </h6>
            <p
              class="MuiTypography-root MuiTypography-body2 emotion-7"
            >
              The token is unique for your organization and ensures that only devices that you own are able to connect to your account.
            </p>
            <div
              class="settings-item-main-content emotion-6 emotion-26"
            >
              <div
                class="MuiTypography-root MuiTypography-body2 emotion-7"
              >
                <div
                  class="tenant-token-text"
                >
                  eyJhbGci...
                </div>
                <div
                  class="clickable link-color margin-top-x-small margin-left-x-small"
                >
                  <b>
                    Show more
                  </b>
                </div>
              </div>
              <div>
                <button
                  class="MuiButtonBase-root MuiButton-root MuiButton-text MuiButton-textPrimary MuiButton-sizeMedium MuiButton-textSizeMedium MuiButton-colorPrimary MuiButton-root MuiButton-text MuiButton-textPrimary MuiButton-sizeMedium MuiButton-textSizeMedium MuiButton-colorPrimary emotion-8"
                  tabindex="0"
                  type="button"
                >
                  <span
                    class="MuiButton-icon MuiButton-startIcon MuiButton-iconSizeMedium emotion-9"
                  >
                    <svg
                      aria-hidden="true"
                      class="MuiSvgIcon-root MuiSvgIcon-fontSizeMedium emotion-10"
                      data-testid="FileCopyIcon"
                      focusable="false"
                      viewBox="0 0 24 24"
                    >
                      <path
                        d="M16 1H4c-1.1 0-2 .9-2 2v14h2V3h12zm-1 4 6 6v10c0 1.1-.9 2-2 2H7.99C6.89 23 6 22.1 6 21l.01-14c0-1.1.89-2 1.99-2zm-1 7h5.5L14 6.5z"
                      />
                    </svg>
                  </span>
                  Copy to clipboard
                </button>
              </div>
            </div>
          </div>
        </div>
        <div>
          <label
            class="MuiFormControlLabel-root MuiFormControlLabel-labelPlacementStart margin-bottom-small margin-left-none emotion-31"
          >
            <span
              class="MuiSwitch-root MuiSwitch-sizeMedium margin-left-small emotion-32"
            >
              <span
                class="MuiButtonBase-root MuiSwitch-switchBase MuiSwitch-colorPrimary PrivateSwitchBase-root MuiSwitch-switchBase MuiSwitch-colorPrimary emotion-33"
              >
                <input
                  class="PrivateSwitchBase-input MuiSwitch-input emotion-34"
                  type="checkbox"
                />
                <span
                  class="MuiSwitch-thumb emotion-35"
                />
              </span>
              <span
                class="MuiSwitch-track emotion-36"
              />
            </span>
            <span
              class="MuiTypography-root MuiTypography-body1 MuiFormControlLabel-label emotion-37"
            >
              Enable Single Sign-On
            </span>
          </label>
        </div>
      </div>
      <div
        class="flexbox center-aligned"
      />
    </div>
  </div>
</body>
`;

exports[`smaller components > renders CancelSubscription correctly 1`] = `
.emotion-0 {
  margin: 0;
  font-family: Lato,sans-serif;
  font-weight: 500;
  font-size: 1.1607rem;
  line-height: 1.6;
  color: #ab1000;
}

.emotion-1 {
  margin: 0;
  font-family: Lato,sans-serif;
  font-weight: 400;
  font-size: 0.8125rem;
  line-height: 1.43;
}

.emotion-2 {
  display: -webkit-inline-box;
  display: -webkit-inline-flex;
  display: -ms-inline-flexbox;
  display: inline-flex;
  -webkit-align-items: center;
  -webkit-box-align: center;
  -ms-flex-align: center;
  align-items: center;
  -webkit-box-pack: center;
  -ms-flex-pack: center;
  -webkit-justify-content: center;
  justify-content: center;
  position: relative;
  box-sizing: border-box;
  -webkit-tap-highlight-color: transparent;
  background-color: transparent;
  outline: 0;
  border: 0;
  margin: 0;
  border-radius: 0;
  padding: 0;
  cursor: pointer;
  -webkit-user-select: none;
  -moz-user-select: none;
  -ms-user-select: none;
  user-select: none;
  vertical-align: middle;
  -moz-appearance: none;
  -webkit-appearance: none;
  -webkit-text-decoration: none;
  text-decoration: none;
  color: inherit;
  font-family: Lato,sans-serif;
  font-weight: 500;
  font-size: 0.8125rem;
  line-height: 1.75;
  text-transform: uppercase;
  min-width: 64px;
  padding: 6px 16px;
  border: 0;
  border-radius: 4px;
  -webkit-transition: background-color 250ms cubic-bezier(0.4, 0, 0.2, 1) 0ms,box-shadow 250ms cubic-bezier(0.4, 0, 0.2, 1) 0ms,border-color 250ms cubic-bezier(0.4, 0, 0.2, 1) 0ms,color 250ms cubic-bezier(0.4, 0, 0.2, 1) 0ms;
  transition: background-color 250ms cubic-bezier(0.4, 0, 0.2, 1) 0ms,box-shadow 250ms cubic-bezier(0.4, 0, 0.2, 1) 0ms,border-color 250ms cubic-bezier(0.4, 0, 0.2, 1) 0ms,color 250ms cubic-bezier(0.4, 0, 0.2, 1) 0ms;
  padding: 5px 15px;
  border: 1px solid currentColor;
  border-color: var(--variant-outlinedBorder, currentColor);
  background-color: var(--variant-outlinedBg);
  color: var(--variant-outlinedColor);
  --variant-textColor: #ab1000;
  --variant-outlinedColor: #ab1000;
  --variant-outlinedBorder: rgba(171, 16, 0, 0.5);
  --variant-containedColor: #fff;
  --variant-containedBg: #ab1000;
  -webkit-transition: background-color 250ms cubic-bezier(0.4, 0, 0.2, 1) 0ms,box-shadow 250ms cubic-bezier(0.4, 0, 0.2, 1) 0ms,border-color 250ms cubic-bezier(0.4, 0, 0.2, 1) 0ms;
  transition: background-color 250ms cubic-bezier(0.4, 0, 0.2, 1) 0ms,box-shadow 250ms cubic-bezier(0.4, 0, 0.2, 1) 0ms,border-color 250ms cubic-bezier(0.4, 0, 0.2, 1) 0ms;
  border-radius: 2px;
  font-size: 14px;
  font-weight: bold;
}

.emotion-2::-moz-focus-inner {
  border-style: none;
}

.emotion-2.Mui-disabled {
  pointer-events: none;
  cursor: default;
}

@media print {
  .emotion-2 {
    -webkit-print-color-adjust: exact;
    color-adjust: exact;
  }
}

.emotion-2:hover {
  -webkit-text-decoration: none;
  text-decoration: none;
}

.emotion-2.Mui-disabled {
  color: rgba(0, 0, 0, 0.26);
}

.emotion-2.Mui-disabled {
  border: 1px solid rgba(0, 0, 0, 0.12);
}

@media (hover: hover) {
  .emotion-2:hover {
    --variant-containedBg: #770b00;
    --variant-textBg: rgba(171, 16, 0, 0.04);
    --variant-outlinedBorder: #ab1000;
    --variant-outlinedBg: rgba(171, 16, 0, 0.04);
  }
}

.emotion-2.MuiButton-loading {
  color: transparent;
}

.emotion-2:hover {
  colors: #337a87;
}

.emotion-2.MuiButton-text {
  color: rgba(10, 10, 11, 0.78);
}

<div
  class="margin-top-large flexbox column"
  style="gap: 8px;"
>
  <h6
    class="MuiTypography-root MuiTypography-h6 emotion-0"
  >
    Delete account
  </h6>
  <p
    class="MuiTypography-root MuiTypography-body2 emotion-1"
  >
    Once you delete your account, it cannot be undone. Please be certain.
  </p>
  <div>
    <button
      class="MuiButtonBase-root MuiButton-root MuiButton-outlined MuiButton-outlinedError MuiButton-sizeMedium MuiButton-outlinedSizeMedium MuiButton-colorError MuiButton-root MuiButton-outlined MuiButton-outlinedError MuiButton-sizeMedium MuiButton-outlinedSizeMedium MuiButton-colorError emotion-2"
      tabindex="0"
      type="button"
    >
      Cancel 
      trial
       and deactivate account
    </button>
  </div>
</div>
`;

exports[`smaller components > renders CancelSubscriptionAlert correctly 1`] = `
.emotion-0 {
  background-color: #fff;
  color: rgba(10, 10, 11, 0.78);
  -webkit-transition: box-shadow 300ms cubic-bezier(0.4, 0, 0.2, 1) 0ms;
  transition: box-shadow 300ms cubic-bezier(0.4, 0, 0.2, 1) 0ms;
  border-radius: 4px;
  box-shadow: var(--Paper-shadow);
  background-image: var(--Paper-overlay);
  font-family: Lato,sans-serif;
  font-weight: 400;
  font-size: 0.8125rem;
  line-height: 1.43;
  background-color: transparent;
  display: -webkit-box;
  display: -webkit-flex;
  display: -ms-flexbox;
  display: flex;
  padding: 6px 16px;
  color: rgba(37, 6, 26, 0.075);
  background-color: rgba(238, 231, 236, 0.075);
}

.emotion-0 .MuiAlert-icon {
  color: #ab1000;
}

.emotion-1 {
  margin-right: 12px;
  padding: 7px 0;
  display: -webkit-box;
  display: -webkit-flex;
  display: -ms-flexbox;
  display: flex;
  font-size: 22px;
  opacity: 0.9;
}

.emotion-2 {
  -webkit-user-select: none;
  -moz-user-select: none;
  -ms-user-select: none;
  user-select: none;
  width: 1em;
  height: 1em;
  display: inline-block;
  -webkit-flex-shrink: 0;
  -ms-flex-negative: 0;
  flex-shrink: 0;
  -webkit-transition: fill 200ms cubic-bezier(0.4, 0, 0.2, 1) 0ms;
  transition: fill 200ms cubic-bezier(0.4, 0, 0.2, 1) 0ms;
  fill: currentColor;
  font-size: inherit;
}

.emotion-2 iconButton {
  margin-right: 8px;
}

.emotion-3 {
  padding: 8px 0;
  min-width: 0;
  overflow: auto;
}

<div
  class="MuiPaper-root MuiPaper-elevation MuiPaper-rounded MuiPaper-elevation0 MuiAlert-root MuiAlert-colorError MuiAlert-standardError MuiAlert-standard margin-top-large emotion-0"
  role="alert"
  style="--Paper-shadow: none;"
>
  <div
    class="MuiAlert-icon emotion-1"
  >
    <svg
      aria-hidden="true"
      class="MuiSvgIcon-root MuiSvgIcon-fontSizeInherit emotion-2"
      data-testid="ErrorOutlineIcon"
      focusable="false"
      viewBox="0 0 24 24"
    >
      <path
        d="M11 15h2v2h-2zm0-8h2v6h-2zm.99-5C6.47 2 2 6.48 2 12s4.47 10 9.99 10C17.52 22 22 17.52 22 12S17.52 2 11.99 2zM12 20c-4.42 0-8-3.58-8-8s3.58-8 8-8 8 3.58 8 8-3.58 8-8 8z"
      />
    </svg>
  </div>
  <div
    class="MuiAlert-message emotion-3"
  >
    <p>
      We've started the process to cancel your plan and deactivate your account.
    </p>
    <p>
      We'll send you an email confirming your deactivation. If you have any question at all, contact us at our
       
      <strong>
        <a
          href="https://support.northern.tech"
          rel="noopener noreferrer"
          target="_blank"
        >
          support portal
        </a>
        .
      </strong>
    </p>
  </div>
</div>
`;

exports[`smaller components > renders DeviceLimitExpansionNotification correctly 1`] = `
.emotion-0 {
  -webkit-user-select: none;
  -moz-user-select: none;
  -ms-user-select: none;
  user-select: none;
  width: 1em;
  height: 1em;
  display: inline-block;
  -webkit-flex-shrink: 0;
  -ms-flex-negative: 0;
  flex-shrink: 0;
  -webkit-transition: fill 200ms cubic-bezier(0.4, 0, 0.2, 1) 0ms;
  transition: fill 200ms cubic-bezier(0.4, 0, 0.2, 1) 0ms;
  fill: currentColor;
  font-size: 1.1607rem;
}

.emotion-0 iconButton {
  margin-right: 8px;
}

<div
  class="flexbox centered"
>
  <svg
    aria-hidden="true"
    class="MuiSvgIcon-root MuiSvgIcon-fontSizeSmall muted margin-right-small emotion-0"
    data-testid="ErrorIcon"
    focusable="false"
    viewBox="0 0 24 24"
  >
    <path
      d="M12 2C6.48 2 2 6.48 2 12s4.48 10 10 10 10-4.48 10-10S17.52 2 12 2m1 15h-2v-2h2zm0-4h-2V7h2z"
    />
  </svg>
  <div
    class="muted"
    style="margin-right: 4px;"
  >
    To increase your device limit,
     
  </div>
  <a
    data-discover="true"
    href="/subscription"
  >
    upgrade to a paid plan
  </a>
  <div
    class="muted"
  >
    .
  </div>
</div>
`;

exports[`smaller components > renders PlanDescriptor correctly 1`] = `You're currently on the `;
