// Vitest Snapshot v1, https://vitest.dev/guide/snapshot.html

exports[`GlobalSettings Component > renders correctly 1`] = `
.emotion-0 {
  margin: 0;
  font-family: "Roboto","Helvetica","Arial",sans-serif;
  font-weight: 500;
  font-size: 1.25rem;
  line-height: 1.6;
  letter-spacing: 0.0075em;
}

.emotion-1 {
  margin: 0;
  font-family: "Roboto","Helvetica","Arial",sans-serif;
  font-weight: 400;
  font-size: 0.875rem;
  line-height: 1.43;
  letter-spacing: 0.01071em;
}

.emotion-2 {
  display: -webkit-box;
  display: -webkit-flex;
  display: -ms-flexbox;
  display: flex;
  -webkit-flex-direction: column;
  -ms-flex-direction: column;
  flex-direction: column;
  gap: 32px;
}

.emotion-3 {
  display: -webkit-inline-box;
  display: -webkit-inline-flex;
  display: -ms-inline-flexbox;
  display: inline-flex;
  -webkit-flex-direction: column;
  -ms-flex-direction: column;
  flex-direction: column;
  position: relative;
  min-width: 0;
  padding: 0;
  margin: 0;
  border: 0;
  vertical-align: top;
}

.emotion-4 {
  color: rgba(0, 0, 0, 0.6);
  font-family: "Roboto","Helvetica","Arial",sans-serif;
  font-weight: 400;
  font-size: 1rem;
  line-height: 1.4375em;
  letter-spacing: 0.00938em;
  padding: 0;
  position: relative;
  display: block;
  transform-origin: top left;
  white-space: nowrap;
  overflow: hidden;
  text-overflow: ellipsis;
  max-width: 100%;
  position: absolute;
  left: 0;
  top: 0;
  -webkit-transform: translate(0, 20px) scale(1);
  -moz-transform: translate(0, 20px) scale(1);
  -ms-transform: translate(0, 20px) scale(1);
  transform: translate(0, 20px) scale(1);
  -webkit-transform: translate(0, -1.5px) scale(0.75);
  -moz-transform: translate(0, -1.5px) scale(0.75);
  -ms-transform: translate(0, -1.5px) scale(0.75);
  transform: translate(0, -1.5px) scale(0.75);
  transform-origin: top left;
  max-width: 133%;
  -webkit-transition: color 200ms cubic-bezier(0.0, 0, 0.2, 1) 0ms,-webkit-transform 200ms cubic-bezier(0.0, 0, 0.2, 1) 0ms,max-width 200ms cubic-bezier(0.0, 0, 0.2, 1) 0ms;
  transition: color 200ms cubic-bezier(0.0, 0, 0.2, 1) 0ms,transform 200ms cubic-bezier(0.0, 0, 0.2, 1) 0ms,max-width 200ms cubic-bezier(0.0, 0, 0.2, 1) 0ms;
  z-index: 1;
  pointer-events: none;
  -webkit-transform: translate(14px, 16px) scale(1);
  -moz-transform: translate(14px, 16px) scale(1);
  -ms-transform: translate(14px, 16px) scale(1);
  transform: translate(14px, 16px) scale(1);
  max-width: calc(100% - 24px);
  -webkit-user-select: none;
  -moz-user-select: none;
  -ms-user-select: none;
  user-select: none;
  pointer-events: auto;
  max-width: calc(133% - 32px);
  -webkit-transform: translate(14px, -9px) scale(0.75);
  -moz-transform: translate(14px, -9px) scale(0.75);
  -ms-transform: translate(14px, -9px) scale(0.75);
  transform: translate(14px, -9px) scale(0.75);
}

.emotion-4.Mui-focused {
  color: #1976d2;
}

.emotion-4.Mui-disabled {
  color: rgba(0, 0, 0, 0.38);
}

.emotion-4.Mui-error {
  color: #d32f2f;
}

.emotion-5 {
  font-family: "Roboto","Helvetica","Arial",sans-serif;
  font-weight: 400;
  font-size: 1rem;
  line-height: 1.4375em;
  letter-spacing: 0.00938em;
  color: rgba(0, 0, 0, 0.87);
  box-sizing: border-box;
  position: relative;
  cursor: text;
  display: -webkit-inline-box;
  display: -webkit-inline-flex;
  display: -ms-inline-flexbox;
  display: inline-flex;
  -webkit-align-items: center;
  -webkit-box-align: center;
  -ms-flex-align: center;
  align-items: center;
  position: relative;
  border-radius: 4px;
}

.emotion-5.Mui-disabled {
  color: rgba(0, 0, 0, 0.38);
  cursor: default;
}

.emotion-5:hover .MuiOutlinedInput-notchedOutline {
  border-color: rgba(0, 0, 0, 0.87);
}

@media (hover: none) {
  .emotion-5:hover .MuiOutlinedInput-notchedOutline {
    border-color: rgba(0, 0, 0, 0.23);
  }
}

.emotion-5.Mui-focused .MuiOutlinedInput-notchedOutline {
  border-width: 2px;
}

.emotion-5.Mui-focused .MuiOutlinedInput-notchedOutline {
  border-color: #1976d2;
}

.emotion-5.Mui-error .MuiOutlinedInput-notchedOutline {
  border-color: #d32f2f;
}

.emotion-5.Mui-disabled .MuiOutlinedInput-notchedOutline {
  border-color: rgba(0, 0, 0, 0.26);
}

.emotion-6 {
  -moz-appearance: none;
  -webkit-appearance: none;
  -webkit-user-select: none;
  -moz-user-select: none;
  -ms-user-select: none;
  user-select: none;
  border-radius: 0;
  cursor: pointer;
  border-radius: 4px;
  font: inherit;
  letter-spacing: inherit;
  color: currentColor;
  padding: 4px 0 5px;
  border: 0;
  box-sizing: content-box;
  background: none;
  height: 1.4375em;
  margin: 0;
  -webkit-tap-highlight-color: transparent;
  display: block;
  min-width: 0;
  width: 100%;
  -webkit-animation-name: mui-auto-fill-cancel;
  animation-name: mui-auto-fill-cancel;
  -webkit-animation-duration: 10ms;
  animation-duration: 10ms;
  padding: 16.5px 14px;
}

.emotion-6:focus {
  border-radius: 0;
}

.emotion-6.Mui-disabled {
  cursor: default;
}

.emotion-6[multiple] {
  height: auto;
}

.emotion-6:not([multiple]) option,
.emotion-6:not([multiple]) optgroup {
  background-color: #fff;
}

.emotion-6:focus {
  border-radius: 4px;
}

.emotion-6.emotion-6.emotion-6 {
  padding-right: 32px;
}

.emotion-6.MuiSelect-select {
  height: auto;
  min-height: 1.4375em;
  text-overflow: ellipsis;
  white-space: nowrap;
  overflow: hidden;
}

.emotion-6::-webkit-input-placeholder {
  color: currentColor;
  opacity: 0.42;
  -webkit-transition: opacity 200ms cubic-bezier(0.4, 0, 0.2, 1) 0ms;
  transition: opacity 200ms cubic-bezier(0.4, 0, 0.2, 1) 0ms;
}

.emotion-6::-moz-placeholder {
  color: currentColor;
  opacity: 0.42;
  -webkit-transition: opacity 200ms cubic-bezier(0.4, 0, 0.2, 1) 0ms;
  transition: opacity 200ms cubic-bezier(0.4, 0, 0.2, 1) 0ms;
}

.emotion-6::-ms-input-placeholder {
  color: currentColor;
  opacity: 0.42;
  -webkit-transition: opacity 200ms cubic-bezier(0.4, 0, 0.2, 1) 0ms;
  transition: opacity 200ms cubic-bezier(0.4, 0, 0.2, 1) 0ms;
}

.emotion-6:focus {
  outline: 0;
}

.emotion-6:invalid {
  box-shadow: none;
}

.emotion-6::-webkit-search-decoration {
  -webkit-appearance: none;
}

label[data-shrink=false]+.MuiInputBase-formControl .emotion-6::-webkit-input-placeholder {
  opacity: 0!important;
}

label[data-shrink=false]+.MuiInputBase-formControl .emotion-6::-moz-placeholder {
  opacity: 0!important;
}

label[data-shrink=false]+.MuiInputBase-formControl .emotion-6::-ms-input-placeholder {
  opacity: 0!important;
}

label[data-shrink=false]+.MuiInputBase-formControl .emotion-6:focus::-webkit-input-placeholder {
  opacity: 0.42;
}

label[data-shrink=false]+.MuiInputBase-formControl .emotion-6:focus::-moz-placeholder {
  opacity: 0.42;
}

label[data-shrink=false]+.MuiInputBase-formControl .emotion-6:focus::-ms-input-placeholder {
  opacity: 0.42;
}

.emotion-6.Mui-disabled {
  opacity: 1;
  -webkit-text-fill-color: rgba(0, 0, 0, 0.38);
}

.emotion-6:-webkit-autofill {
  -webkit-animation-duration: 5000s;
  animation-duration: 5000s;
  -webkit-animation-name: mui-auto-fill;
  animation-name: mui-auto-fill;
}

.emotion-6:-webkit-autofill {
  border-radius: inherit;
}

.emotion-7 {
  bottom: 0;
  left: 0;
  position: absolute;
  opacity: 0;
  pointer-events: none;
  width: 100%;
  box-sizing: border-box;
}

.emotion-8 {
  -webkit-user-select: none;
  -moz-user-select: none;
  -ms-user-select: none;
  user-select: none;
  width: 1em;
  height: 1em;
  display: inline-block;
  -webkit-flex-shrink: 0;
  -ms-flex-negative: 0;
  flex-shrink: 0;
  -webkit-transition: fill 200ms cubic-bezier(0.4, 0, 0.2, 1) 0ms;
  transition: fill 200ms cubic-bezier(0.4, 0, 0.2, 1) 0ms;
  fill: currentColor;
  font-size: 1.5rem;
  position: absolute;
  right: 0;
  top: calc(50% - .5em);
  pointer-events: none;
  color: rgba(0, 0, 0, 0.54);
  right: 7px;
}

.emotion-8.Mui-disabled {
  color: rgba(0, 0, 0, 0.26);
}

.emotion-9 {
  text-align: left;
  position: absolute;
  bottom: 0;
  right: 0;
  top: -5px;
  left: 0;
  margin: 0;
  padding: 0 8px;
  pointer-events: none;
  border-radius: inherit;
  border-style: solid;
  border-width: 1px;
  overflow: hidden;
  min-width: 0%;
  border-color: rgba(0, 0, 0, 0.23);
}

.emotion-10 {
  float: unset;
  width: auto;
  overflow: hidden;
  display: block;
  padding: 0;
  height: 11px;
  font-size: 0.75em;
  visibility: hidden;
  max-width: 0.01px;
  -webkit-transition: max-width 50ms cubic-bezier(0.0, 0, 0.2, 1) 0ms;
  transition: max-width 50ms cubic-bezier(0.0, 0, 0.2, 1) 0ms;
  white-space: nowrap;
  max-width: 100%;
  -webkit-transition: max-width 100ms cubic-bezier(0.0, 0, 0.2, 1) 50ms;
  transition: max-width 100ms cubic-bezier(0.0, 0, 0.2, 1) 50ms;
}

.emotion-10>span {
  padding-left: 5px;
  padding-right: 5px;
  display: inline-block;
  opacity: 0;
  visibility: visible;
}

.emotion-11 {
  color: rgba(0, 0, 0, 0.6);
  font-family: "Roboto","Helvetica","Arial",sans-serif;
  font-weight: 400;
  font-size: 0.75rem;
  line-height: 1.66;
  letter-spacing: 0.03333em;
  text-align: left;
  margin-top: 3px;
  margin-right: 0;
  margin-bottom: 0;
  margin-left: 0;
  margin-left: 14px;
  margin-right: 14px;
}

.emotion-11.Mui-disabled {
  color: rgba(0, 0, 0, 0.38);
}

.emotion-11.Mui-error {
  color: #d32f2f;
}

.emotion-13 {
  display: -webkit-inline-box;
  display: -webkit-inline-flex;
  display: -ms-inline-flexbox;
  display: inline-flex;
  -webkit-align-items: center;
  -webkit-box-align: center;
  -ms-flex-align: center;
  align-items: center;
  cursor: pointer;
  vertical-align: middle;
  -webkit-tap-highlight-color: transparent;
  margin-left: -11px;
  margin-right: 16px;
  -webkit-flex-direction: row-reverse;
  -ms-flex-direction: row-reverse;
  flex-direction: row-reverse;
  margin-right: -11px;
  margin-left: 16px;
}

.emotion-13.Mui-disabled {
  cursor: default;
}

.emotion-13 .MuiFormControlLabel-label.Mui-disabled {
  color: rgba(0, 0, 0, 0.38);
}

.emotion-14 {
  display: -webkit-inline-box;
  display: -webkit-inline-flex;
  display: -ms-inline-flexbox;
  display: inline-flex;
  width: 58px;
  height: 38px;
  overflow: hidden;
  padding: 12px;
  box-sizing: border-box;
  position: relative;
  -webkit-flex-shrink: 0;
  -ms-flex-negative: 0;
  flex-shrink: 0;
  z-index: 0;
  vertical-align: middle;
}

@media print {
  .emotion-14 {
    -webkit-print-color-adjust: exact;
    color-adjust: exact;
  }
}

.emotion-15 {
  display: -webkit-inline-box;
  display: -webkit-inline-flex;
  display: -ms-inline-flexbox;
  display: inline-flex;
  -webkit-align-items: center;
  -webkit-box-align: center;
  -ms-flex-align: center;
  align-items: center;
  -webkit-box-pack: center;
  -ms-flex-pack: center;
  -webkit-justify-content: center;
  justify-content: center;
  position: relative;
  box-sizing: border-box;
  -webkit-tap-highlight-color: transparent;
  background-color: transparent;
  outline: 0;
  border: 0;
  margin: 0;
  border-radius: 0;
  padding: 0;
  cursor: pointer;
  -webkit-user-select: none;
  -moz-user-select: none;
  -ms-user-select: none;
  user-select: none;
  vertical-align: middle;
  -moz-appearance: none;
  -webkit-appearance: none;
  -webkit-text-decoration: none;
  text-decoration: none;
  color: inherit;
  padding: 9px;
  border-radius: 50%;
  position: absolute;
  top: 0;
  left: 0;
  z-index: 1;
  color: #fff;
  -webkit-transition: left 150ms cubic-bezier(0.4, 0, 0.2, 1) 0ms,-webkit-transform 150ms cubic-bezier(0.4, 0, 0.2, 1) 0ms;
  transition: left 150ms cubic-bezier(0.4, 0, 0.2, 1) 0ms,transform 150ms cubic-bezier(0.4, 0, 0.2, 1) 0ms;
}

.emotion-15::-moz-focus-inner {
  border-style: none;
}

.emotion-15.Mui-disabled {
  pointer-events: none;
  cursor: default;
}

@media print {
  .emotion-15 {
    -webkit-print-color-adjust: exact;
    color-adjust: exact;
  }
}

.emotion-15.Mui-checked {
  -webkit-transform: translateX(20px);
  -moz-transform: translateX(20px);
  -ms-transform: translateX(20px);
  transform: translateX(20px);
}

.emotion-15.Mui-disabled {
  color: #f5f5f5;
}

.emotion-15.Mui-checked+.MuiSwitch-track {
  opacity: 0.5;
}

.emotion-15.Mui-disabled+.MuiSwitch-track {
  opacity: 0.12;
}

.emotion-15 .MuiSwitch-input {
  left: -100%;
  width: 300%;
}

.emotion-15:hover {
  background-color: rgba(0, 0, 0, 0.04);
}

@media (hover: none) {
  .emotion-15:hover {
    background-color: transparent;
  }
}

.emotion-15.Mui-checked {
  color: #1976d2;
}

.emotion-15.Mui-checked:hover {
  background-color: rgba(25, 118, 210, 0.04);
}

@media (hover: none) {
  .emotion-15.Mui-checked:hover {
    background-color: transparent;
  }
}

.emotion-15.Mui-checked.Mui-disabled {
  color: rgb(167, 202, 237);
}

.emotion-15.Mui-checked+.MuiSwitch-track {
  background-color: #1976d2;
}

.emotion-16 {
  cursor: inherit;
  position: absolute;
  opacity: 0;
  width: 100%;
  height: 100%;
  top: 0;
  left: 0;
  margin: 0;
  padding: 0;
  z-index: 1;
}

.emotion-17 {
  box-shadow: 0px 2px 1px -1px rgba(0,0,0,0.2),0px 1px 1px 0px rgba(0,0,0,0.14),0px 1px 3px 0px rgba(0,0,0,0.12);
  background-color: currentColor;
  width: 20px;
  height: 20px;
  border-radius: 50%;
}

.emotion-18 {
  height: 100%;
  width: 100%;
  border-radius: 7px;
  z-index: -1;
  -webkit-transition: opacity 150ms cubic-bezier(0.4, 0, 0.2, 1) 0ms,background-color 150ms cubic-bezier(0.4, 0, 0.2, 1) 0ms;
  transition: opacity 150ms cubic-bezier(0.4, 0, 0.2, 1) 0ms,background-color 150ms cubic-bezier(0.4, 0, 0.2, 1) 0ms;
  background-color: #000;
  opacity: 0.38;
}

.emotion-19 {
  margin: 0;
  font-family: "Roboto","Helvetica","Arial",sans-serif;
  font-weight: 400;
  font-size: 1rem;
  line-height: 1.5;
  letter-spacing: 0.00938em;
}

.emotion-21 {
  margin: 0;
  font-family: "Roboto","Helvetica","Arial",sans-serif;
  font-weight: 400;
  font-size: 1rem;
  line-height: 1.75;
  letter-spacing: 0.00938em;
}

.emotion-22 {
  display: -webkit-inline-box;
  display: -webkit-inline-flex;
  display: -ms-inline-flexbox;
  display: inline-flex;
  -webkit-align-items: center;
  -webkit-box-align: center;
  -ms-flex-align: center;
  align-items: center;
  -webkit-box-pack: center;
  -ms-flex-pack: center;
  -webkit-justify-content: center;
  justify-content: center;
  position: relative;
  box-sizing: border-box;
  -webkit-tap-highlight-color: transparent;
  background-color: transparent;
  outline: 0;
  border: 0;
  margin: 0;
  border-radius: 0;
  padding: 0;
  cursor: pointer;
  -webkit-user-select: none;
  -moz-user-select: none;
  -ms-user-select: none;
  user-select: none;
  vertical-align: middle;
  -moz-appearance: none;
  -webkit-appearance: none;
  -webkit-text-decoration: none;
  text-decoration: none;
  color: inherit;
  font-family: "Roboto","Helvetica","Arial",sans-serif;
  font-weight: 500;
  font-size: 0.875rem;
  line-height: 1.75;
  letter-spacing: 0.02857em;
  text-transform: uppercase;
  min-width: 64px;
  padding: 6px 16px;
  border: 0;
  border-radius: 4px;
  -webkit-transition: background-color 250ms cubic-bezier(0.4, 0, 0.2, 1) 0ms,box-shadow 250ms cubic-bezier(0.4, 0, 0.2, 1) 0ms,border-color 250ms cubic-bezier(0.4, 0, 0.2, 1) 0ms,color 250ms cubic-bezier(0.4, 0, 0.2, 1) 0ms;
  transition: background-color 250ms cubic-bezier(0.4, 0, 0.2, 1) 0ms,box-shadow 250ms cubic-bezier(0.4, 0, 0.2, 1) 0ms,border-color 250ms cubic-bezier(0.4, 0, 0.2, 1) 0ms,color 250ms cubic-bezier(0.4, 0, 0.2, 1) 0ms;
  padding: 6px 8px;
  color: var(--variant-textColor);
  background-color: var(--variant-textBg);
  --variant-textColor: #1976d2;
  --variant-outlinedColor: #1976d2;
  --variant-outlinedBorder: rgba(25, 118, 210, 0.5);
  --variant-containedColor: #fff;
  --variant-containedBg: #1976d2;
  -webkit-transition: background-color 250ms cubic-bezier(0.4, 0, 0.2, 1) 0ms,box-shadow 250ms cubic-bezier(0.4, 0, 0.2, 1) 0ms,border-color 250ms cubic-bezier(0.4, 0, 0.2, 1) 0ms;
  transition: background-color 250ms cubic-bezier(0.4, 0, 0.2, 1) 0ms,box-shadow 250ms cubic-bezier(0.4, 0, 0.2, 1) 0ms,border-color 250ms cubic-bezier(0.4, 0, 0.2, 1) 0ms;
}

.emotion-22::-moz-focus-inner {
  border-style: none;
}

.emotion-22.Mui-disabled {
  pointer-events: none;
  cursor: default;
}

@media print {
  .emotion-22 {
    -webkit-print-color-adjust: exact;
    color-adjust: exact;
  }
}

.emotion-22:hover {
  -webkit-text-decoration: none;
  text-decoration: none;
}

.emotion-22.Mui-disabled {
  color: rgba(0, 0, 0, 0.26);
}

@media (hover: hover) {
  .emotion-22:hover {
    --variant-containedBg: #1565c0;
    --variant-textBg: rgba(25, 118, 210, 0.04);
    --variant-outlinedBorder: #1976d2;
    --variant-outlinedBg: rgba(25, 118, 210, 0.04);
  }
}

.emotion-22.MuiButton-loading {
  color: transparent;
}

.emotion-23 {
  display: inherit;
  margin-right: -4px;
  margin-left: 8px;
}

.emotion-23>*:nth-of-type(1) {
  font-size: 20px;
}

.emotion-24 {
  -webkit-user-select: none;
  -moz-user-select: none;
  -ms-user-select: none;
  user-select: none;
  width: 1em;
  height: 1em;
  display: inline-block;
  -webkit-flex-shrink: 0;
  -ms-flex-negative: 0;
  flex-shrink: 0;
  -webkit-transition: fill 200ms cubic-bezier(0.4, 0, 0.2, 1) 0ms;
  transition: fill 200ms cubic-bezier(0.4, 0, 0.2, 1) 0ms;
  fill: currentColor;
  font-size: 1.5rem;
}

.emotion-27 {
  display: -webkit-inline-box;
  display: -webkit-inline-flex;
  display: -ms-inline-flexbox;
  display: inline-flex;
  -webkit-align-items: center;
  -webkit-box-align: center;
  -ms-flex-align: center;
  align-items: center;
  cursor: pointer;
  vertical-align: middle;
  -webkit-tap-highlight-color: transparent;
  margin-left: -11px;
  margin-right: 16px;
  -webkit-column-gap: 16px;
  column-gap: 16px;
  display: grid;
  grid-template-columns: 100px 100px;
  margin-left: 0;
}

.emotion-27.Mui-disabled {
  cursor: default;
}

.emotion-27 .MuiFormControlLabel-label.Mui-disabled {
  color: rgba(0, 0, 0, 0.38);
}

.emotion-27 .MuiTextField-root {
  min-width: auto;
}

.emotion-28 {
  display: -webkit-inline-box;
  display: -webkit-inline-flex;
  display: -ms-inline-flexbox;
  display: inline-flex;
  -webkit-flex-direction: column;
  -ms-flex-direction: column;
  flex-direction: column;
  position: relative;
  min-width: 0;
  padding: 0;
  margin: 0;
  border: 0;
  vertical-align: top;
}

.emotion-29 {
  font-family: "Roboto","Helvetica","Arial",sans-serif;
  font-weight: 400;
  font-size: 1rem;
  line-height: 1.4375em;
  letter-spacing: 0.00938em;
  color: rgba(0, 0, 0, 0.87);
  box-sizing: border-box;
  position: relative;
  cursor: text;
  display: -webkit-inline-box;
  display: -webkit-inline-flex;
  display: -ms-inline-flexbox;
  display: inline-flex;
  -webkit-align-items: center;
  -webkit-box-align: center;
  -ms-flex-align: center;
  align-items: center;
  position: relative;
  border-radius: 4px;
}

.emotion-29.Mui-disabled {
  color: rgba(0, 0, 0, 0.38);
  cursor: default;
}

.emotion-29:hover .MuiOutlinedInput-notchedOutline {
  border-color: rgba(0, 0, 0, 0.87);
}

@media (hover: none) {
  .emotion-29:hover .MuiOutlinedInput-notchedOutline {
    border-color: rgba(0, 0, 0, 0.23);
  }
}

.emotion-29.Mui-focused .MuiOutlinedInput-notchedOutline {
  border-width: 2px;
}

.emotion-29.Mui-focused .MuiOutlinedInput-notchedOutline {
  border-color: #1976d2;
}

.emotion-29.Mui-error .MuiOutlinedInput-notchedOutline {
  border-color: #d32f2f;
}

.emotion-29.Mui-disabled .MuiOutlinedInput-notchedOutline {
  border-color: rgba(0, 0, 0, 0.26);
}

.emotion-30 {
  font: inherit;
  letter-spacing: inherit;
  color: currentColor;
  padding: 4px 0 5px;
  border: 0;
  box-sizing: content-box;
  background: none;
  height: 1.4375em;
  margin: 0;
  -webkit-tap-highlight-color: transparent;
  display: block;
  min-width: 0;
  width: 100%;
  -webkit-animation-name: mui-auto-fill-cancel;
  animation-name: mui-auto-fill-cancel;
  -webkit-animation-duration: 10ms;
  animation-duration: 10ms;
  padding: 16.5px 14px;
}

.emotion-30::-webkit-input-placeholder {
  color: currentColor;
  opacity: 0.42;
  -webkit-transition: opacity 200ms cubic-bezier(0.4, 0, 0.2, 1) 0ms;
  transition: opacity 200ms cubic-bezier(0.4, 0, 0.2, 1) 0ms;
}

.emotion-30::-moz-placeholder {
  color: currentColor;
  opacity: 0.42;
  -webkit-transition: opacity 200ms cubic-bezier(0.4, 0, 0.2, 1) 0ms;
  transition: opacity 200ms cubic-bezier(0.4, 0, 0.2, 1) 0ms;
}

.emotion-30::-ms-input-placeholder {
  color: currentColor;
  opacity: 0.42;
  -webkit-transition: opacity 200ms cubic-bezier(0.4, 0, 0.2, 1) 0ms;
  transition: opacity 200ms cubic-bezier(0.4, 0, 0.2, 1) 0ms;
}

.emotion-30:focus {
  outline: 0;
}

.emotion-30:invalid {
  box-shadow: none;
}

.emotion-30::-webkit-search-decoration {
  -webkit-appearance: none;
}

label[data-shrink=false]+.MuiInputBase-formControl .emotion-30::-webkit-input-placeholder {
  opacity: 0!important;
}

label[data-shrink=false]+.MuiInputBase-formControl .emotion-30::-moz-placeholder {
  opacity: 0!important;
}

label[data-shrink=false]+.MuiInputBase-formControl .emotion-30::-ms-input-placeholder {
  opacity: 0!important;
}

label[data-shrink=false]+.MuiInputBase-formControl .emotion-30:focus::-webkit-input-placeholder {
  opacity: 0.42;
}

label[data-shrink=false]+.MuiInputBase-formControl .emotion-30:focus::-moz-placeholder {
  opacity: 0.42;
}

label[data-shrink=false]+.MuiInputBase-formControl .emotion-30:focus::-ms-input-placeholder {
  opacity: 0.42;
}

.emotion-30.Mui-disabled {
  opacity: 1;
  -webkit-text-fill-color: rgba(0, 0, 0, 0.38);
}

.emotion-30:-webkit-autofill {
  -webkit-animation-duration: 5000s;
  animation-duration: 5000s;
  -webkit-animation-name: mui-auto-fill;
  animation-name: mui-auto-fill;
}

.emotion-30:-webkit-autofill {
  border-radius: inherit;
}

.emotion-32 {
  float: unset;
  width: auto;
  overflow: hidden;
  padding: 0;
  line-height: 11px;
  -webkit-transition: width 150ms cubic-bezier(0.0, 0, 0.2, 1) 0ms;
  transition: width 150ms cubic-bezier(0.0, 0, 0.2, 1) 0ms;
}

.emotion-34 {
  color: rgba(0, 0, 0, 0.6);
  font-family: "Roboto","Helvetica","Arial",sans-serif;
  font-weight: 400;
  font-size: 0.75rem;
  line-height: 1.66;
  letter-spacing: 0.03333em;
  text-align: left;
  margin-top: 3px;
  margin-right: 0;
  margin-bottom: 0;
  margin-left: 0;
}

.emotion-34.Mui-disabled {
  color: rgba(0, 0, 0, 0.38);
}

.emotion-34.Mui-error {
  color: #d32f2f;
}

.emotion-43 {
  -webkit-user-select: none;
  -moz-user-select: none;
  -ms-user-select: none;
  user-select: none;
  width: 1em;
  height: 1em;
  display: inline-block;
  -webkit-flex-shrink: 0;
  -ms-flex-negative: 0;
  flex-shrink: 0;
  -webkit-transition: fill 200ms cubic-bezier(0.4, 0, 0.2, 1) 0ms;
  transition: fill 200ms cubic-bezier(0.4, 0, 0.2, 1) 0ms;
  fill: currentColor;
  font-size: 1.25rem;
}

.emotion-46 {
  display: -webkit-inline-box;
  display: -webkit-inline-flex;
  display: -ms-inline-flexbox;
  display: inline-flex;
  -webkit-align-items: center;
  -webkit-box-align: center;
  -ms-flex-align: center;
  align-items: center;
  cursor: pointer;
  vertical-align: middle;
  -webkit-tap-highlight-color: transparent;
  margin-left: -11px;
  margin-right: 16px;
}

.emotion-46.Mui-disabled {
  cursor: default;
}

.emotion-46 .MuiFormControlLabel-label.Mui-disabled {
  color: rgba(0, 0, 0, 0.38);
}

.emotion-47 {
  display: -webkit-inline-box;
  display: -webkit-inline-flex;
  display: -ms-inline-flexbox;
  display: inline-flex;
  -webkit-align-items: center;
  -webkit-box-align: center;
  -ms-flex-align: center;
  align-items: center;
  -webkit-box-pack: center;
  -ms-flex-pack: center;
  -webkit-justify-content: center;
  justify-content: center;
  position: relative;
  box-sizing: border-box;
  -webkit-tap-highlight-color: transparent;
  background-color: transparent;
  outline: 0;
  border: 0;
  margin: 0;
  border-radius: 0;
  padding: 0;
  cursor: pointer;
  -webkit-user-select: none;
  -moz-user-select: none;
  -ms-user-select: none;
  user-select: none;
  vertical-align: middle;
  -moz-appearance: none;
  -webkit-appearance: none;
  -webkit-text-decoration: none;
  text-decoration: none;
  color: inherit;
  padding: 9px;
  border-radius: 50%;
  color: rgba(0, 0, 0, 0.6);
}

.emotion-47::-moz-focus-inner {
  border-style: none;
}

.emotion-47.Mui-disabled {
  pointer-events: none;
  cursor: default;
}

@media print {
  .emotion-47 {
    -webkit-print-color-adjust: exact;
    color-adjust: exact;
  }
}

.emotion-47:hover {
  background-color: rgba(25, 118, 210, 0.04);
}

.emotion-47.Mui-checked,
.emotion-47.MuiCheckbox-indeterminate {
  color: #1976d2;
}

.emotion-47.Mui-disabled {
  color: rgba(0, 0, 0, 0.26);
}

@media (hover: none) {
  .emotion-47:hover {
    background-color: transparent;
  }
}

<div
  class="margin-top-small"
  style="max-width: 750px;"
>
  <h6
    class="MuiTypography-root MuiTypography-h6 emotion-0"
  >
    Global settings
  </h6>
  <p
    class="MuiTypography-root MuiTypography-body2 margin-top-x-small margin-bottom-large emotion-1"
  >
    Global settings are applied organization-wide. Modifying these settings will affect all users.
  </p>
  <div
    class="emotion-2"
  >
    <div
      class="flexbox space-between"
      style="align-items: start; max-width: 750px;"
    >
      <div
        class="flexbox column"
      >
        <div
          class="MuiFormControl-root margin-top-none emotion-3"
        >
          <label
            class="MuiFormLabel-root MuiInputLabel-root MuiInputLabel-formControl MuiInputLabel-animated MuiInputLabel-shrink MuiInputLabel-outlined MuiFormLabel-colorPrimary MuiFormLabel-filled MuiInputLabel-root MuiInputLabel-formControl MuiInputLabel-animated MuiInputLabel-shrink MuiInputLabel-outlined emotion-4"
            data-shrink="true"
            id="device-id"
          >
            Device identity attribute
          </label>
          <div
            class="MuiInputBase-root MuiOutlinedInput-root MuiInputBase-colorPrimary MuiInputBase-formControl MuiSelect-root emotion-5"
          >
            <div
              aria-expanded="false"
              aria-haspopup="listbox"
              aria-labelledby="device-id"
              class="MuiSelect-select MuiSelect-outlined MuiInputBase-input MuiOutlinedInput-input emotion-6"
              role="combobox"
              tabindex="0"
            >
              Device ID
            </div>
            <input
              aria-hidden="true"
              aria-invalid="false"
              class="MuiSelect-nativeInput emotion-7"
              tabindex="-1"
              value="id"
            />
            <svg
              aria-hidden="true"
              class="MuiSvgIcon-root MuiSvgIcon-fontSizeMedium MuiSelect-icon MuiSelect-iconOutlined emotion-8"
              data-testid="ArrowDropDownIcon"
              focusable="false"
              viewBox="0 0 24 24"
            >
              <path
                d="M7 10l5 5 5-5z"
              />
            </svg>
            <fieldset
              aria-hidden="true"
              class="MuiOutlinedInput-notchedOutline emotion-9"
            >
              <legend
                class="emotion-10"
              >
                <span>
                  Device identity attribute
                </span>
              </legend>
            </fieldset>
          </div>
          <div
            class="MuiFormHelperText-root MuiFormHelperText-sizeMedium MuiFormHelperText-contained MuiFormHelperText-filled info margin-left-none emotion-11"
          >
            <div>
              Choose a device identity attribute to use to identify your devices throughout the UI.
            </div>
            <div
              class="margin-top-x-small "
            >
              <a
                class=""
                href="https://docs.mender.io/client-installation/identity"
                rel="noopener"
                target="_blank"
              >
                Learn how to add custom identity attributes
              </a>
               to your devices.
            </div>
          </div>
        </div>
      </div>
    </div>
    <div
      class="flexbox column"
    >
      <div
        class="MuiFormControl-root emotion-3"
      >
        <label
          class="MuiFormControlLabel-root MuiFormControlLabel-labelPlacementStart align-self-start margin-left-none margin-top-none emotion-13"
        >
          <span
            class="MuiSwitch-root MuiSwitch-sizeMedium margin-left-small emotion-14"
          >
            <span
              class="MuiButtonBase-root MuiSwitch-switchBase MuiSwitch-colorPrimary PrivateSwitchBase-root MuiSwitch-switchBase MuiSwitch-colorPrimary emotion-15"
            >
              <input
                class="PrivateSwitchBase-input MuiSwitch-input emotion-16"
                role="switch"
                type="checkbox"
              />
              <span
                class="MuiSwitch-thumb emotion-17"
              />
            </span>
            <span
              class="MuiSwitch-track emotion-18"
            />
          </span>
          <span
            class="MuiTypography-root MuiTypography-body1 MuiFormControlLabel-label capitalized-start emotion-19"
          >
            Deployments confirmation
          </span>
        </label>
      </div>
      <p
        class="MuiTypography-root MuiTypography-body2 margin-top-x-small emotion-1"
      >
        Always require confirmation on deployment creation
      </p>
    </div>
    <div>
      <div
        class="flexbox center-aligned"
      >
        <h6
          class="MuiTypography-root MuiTypography-subtitle1 emotion-21"
        >
          Delta Artifacts generation
        </h6>
      </div>
      <button
        class="MuiButtonBase-root MuiButton-root MuiButton-text MuiButton-textPrimary MuiButton-sizeMedium MuiButton-textSizeMedium MuiButton-colorPrimary MuiButton-root MuiButton-text MuiButton-textPrimary MuiButton-sizeMedium MuiButton-textSizeMedium MuiButton-colorPrimary margin-top-x-small emotion-22"
        tabindex="0"
        type="button"
      >
        Edit configuration
        <span
          class="MuiButton-icon MuiButton-endIcon MuiButton-iconSizeMedium emotion-23"
        >
          <svg
            aria-hidden="true"
            class="MuiSvgIcon-root MuiSvgIcon-fontSizeMedium emotion-24"
            data-testid="EditIcon"
            focusable="false"
            viewBox="0 0 24 24"
          >
            <path
              d="M3 17.25V21h3.75L17.81 9.94l-3.75-3.75zM20.71 7.04c.39-.39.39-1.02 0-1.41l-2.34-2.34a.996.996 0 0 0-1.41 0l-1.83 1.83 3.75 3.75z"
            />
          </svg>
        </span>
      </button>
    </div>
    <div>
      <h6
        class="MuiTypography-root MuiTypography-subtitle1 margin-bottom-small emotion-21"
      >
        Offline threshold
      </h6>
      <div
        class="MuiFormControl-root emotion-3"
      >
        <label
          class="MuiFormControlLabel-root MuiFormControlLabel-labelPlacementEnd emotion-27"
        >
          <div
            class="MuiFormControl-root MuiTextField-root emotion-28"
          >
            <div
              class="MuiInputBase-root MuiOutlinedInput-root MuiInputBase-colorPrimary MuiInputBase-formControl emotion-29"
            >
              <input
                aria-invalid="false"
                class="MuiInputBase-input MuiOutlinedInput-input emotion-30"
                id="«r3»"
                max="1000"
                min="1"
                type="number"
                value="1"
              />
              <fieldset
                aria-hidden="true"
                class="MuiOutlinedInput-notchedOutline emotion-9"
              >
                <legend
                  class="emotion-32"
                >
                  <span
                    aria-hidden="true"
                    class="notranslate"
                  >
                    ​
                  </span>
                </legend>
              </fieldset>
            </div>
          </div>
          <span
            class="MuiTypography-root MuiTypography-body1 MuiFormControlLabel-label emotion-19"
          >
            <div
              class="capitalized-start"
            >
              days
            </div>
          </span>
        </label>
        <p
          class="MuiFormHelperText-root MuiFormHelperText-sizeMedium emotion-34"
        >
          Choose how long a device can go without reporting to the server before it is considered “offline”.
        </p>
      </div>
    </div>
    <div>
      <div
        class="flexbox column"
      >
        <div
          class="MuiFormControl-root emotion-3"
        >
          <label
            class="MuiFormControlLabel-root MuiFormControlLabel-labelPlacementStart align-self-start margin-left-none margin-top-none emotion-13"
          >
            <span
              class="MuiSwitch-root MuiSwitch-sizeMedium margin-left-small emotion-14"
            >
              <span
                class="MuiButtonBase-root MuiSwitch-switchBase MuiSwitch-colorPrimary PrivateSwitchBase-root MuiSwitch-switchBase MuiSwitch-colorPrimary emotion-15"
              >
                <input
                  class="PrivateSwitchBase-input MuiSwitch-input emotion-16"
                  role="switch"
                  type="checkbox"
                />
                <span
                  class="MuiSwitch-thumb emotion-17"
                />
              </span>
              <span
                class="MuiSwitch-track emotion-18"
              />
            </span>
            <span
              class="MuiTypography-root MuiTypography-body1 MuiFormControlLabel-label capitalized-start emotion-19"
            >
              <div
                class="flexbox center-aligned"
              >
                <svg
                  aria-hidden="true"
                  class="MuiSvgIcon-root MuiSvgIcon-fontSizeSmall margin-right-x-small emotion-43"
                  data-testid="AutoAwesomeOutlinedIcon"
                  focusable="false"
                  viewBox="0 0 24 24"
                >
                  <path
                    d="m19 9 1.25-2.75L23 5l-2.75-1.25L19 1l-1.25 2.75L15 5l2.75 1.25zm0 6-1.25 2.75L15 19l2.75 1.25L19 23l1.25-2.75L23 19l-2.75-1.25zm-7.5-5.5L9 4 6.5 9.5 1 12l5.5 2.5L9 20l2.5-5.5L17 12zm-1.51 3.49L9 15.17l-.99-2.18L5.83 12l2.18-.99L9 8.83l.99 2.18 2.18.99z"
                  />
                </svg>
                <h6
                  class="MuiTypography-root MuiTypography-subtitle1 emotion-21"
                >
                  AI features (experimental)
                </h6>
              </div>
            </span>
          </label>
        </div>
        <p
          class="MuiTypography-root MuiTypography-body2 margin-top-x-small emotion-1"
        >
          Enable AI features for all users. We'll try to remove any sensitive details, such as URLs and timestamps, before sending your data for AI analysis. AI features are rate limited to 50 requests per day. 
        </p>
      </div>
      <label
        class="MuiFormControlLabel-root Mui-disabled MuiFormControlLabel-labelPlacementEnd emotion-46"
      >
        <span
          aria-disabled="true"
          class="MuiButtonBase-root MuiCheckbox-root MuiCheckbox-colorPrimary MuiCheckbox-sizeMedium Mui-disabled PrivateSwitchBase-root MuiCheckbox-root MuiCheckbox-colorPrimary MuiCheckbox-sizeMedium Mui-disabled MuiCheckbox-root MuiCheckbox-colorPrimary MuiCheckbox-sizeMedium emotion-47"
          tabindex="-1"
        >
          <input
            class="PrivateSwitchBase-input emotion-16"
            data-indeterminate="false"
            disabled=""
            type="checkbox"
          />
          <svg
            aria-hidden="true"
            class="MuiSvgIcon-root MuiSvgIcon-fontSizeMedium emotion-24"
            data-testid="CheckBoxOutlineBlankIcon"
            focusable="false"
            viewBox="0 0 24 24"
          >
            <path
              d="M19 5v14H5V5h14m0-2H5c-1.1 0-2 .9-2 2v14c0 1.1.9 2 2 2h14c1.1 0 2-.9 2-2V5c0-1.1-.9-2-2-2z"
            />
          </svg>
        </span>
        <span
          class="MuiTypography-root MuiTypography-body1 MuiFormControlLabel-label Mui-disabled emotion-19"
        >
          Allow us to use data for training
        </span>
      </label>
      <p
        class="MuiTypography-root MuiTypography-body2 emotion-1"
      >
        This allows us to enhance the responses you get, collect your feedback, and refine the AI model.
      </p>
    </div>
  </div>
</div>
`;
