// Vitest Snapshot v1, https://vitest.dev/guide/snapshot.html

exports[`ProgressChart Component > renders correctly 1`] = `
.emotion-0 {
  background-color: #bdbdbd;
  padding: 10px 20px;
  border-radius: 4px;
  -webkit-box-pack: center;
  -ms-flex-pack: center;
  -webkit-justify-content: center;
  justify-content: center;
  min-height: 70px;
}

.emotion-0 .chart-container {
  min-height: 70px;
}

.emotion-0 .progress-chart {
  min-height: 45px;
}

.emotion-0 .compact .progress-step,
.emotion-0 .detailed .progress-step {
  min-height: 45px;
}

.emotion-0 .progress-step,
.emotion-0 .detailed .progress-step-total {
  position: absolute;
  border-right-style: none;
}

.emotion-0 .progress-step-total .progress-bar {
  background-color: #fafafa;
}

.emotion-0 .progress-step-number {
  -webkit-align-self: flex-start;
  -ms-flex-item-align: flex-start;
  align-self: flex-start;
  margin-top: -4px;
}

.emotion-0.minimal {
  padding: initial;
}

.emotion-0.no-background {
  background: none;
}

.emotion-0.stepped-progress .progress-step-total {
  margin-left: -0.25%;
  width: 100.5%;
}

.emotion-0.stepped-progress .progress-step-total .progress-bar {
  background-color: #fff;
  border: 1px solid #424242;
  border-radius: 2px;
  height: 12px;
}

.emotion-0.stepped-progress .detailed .progress-step {
  min-height: 20px;
}

.emotion-1 {
  display: grid;
  grid-template-columns: 2fr 1fr;
  grid-column-gap: 16px;
}

.emotion-1 .progress-chart.detailed {
  min-height: 20px;
  -webkit-align-items: center;
  -webkit-box-align: center;
  -ms-flex-align: center;
  align-items: center;
}

<div>
  <div
    class="relative emotion-0  "
  >
    <div
      class="emotion-1"
    >
      <div
        class="progress-chart relative detailed"
      >
        <div
          class="progress-step"
          style="left: 0%; width: 100%;"
        >
          <div
            style="display: contents;"
          >
            <div
              class="progress-bar green"
              style="width: 0%;"
            />
            <div
              class="progress-bar warning"
              style="left: 0%; width: 0%;"
            />
          </div>
        </div>
        <div
          class="progress-step relative flexbox progress-step-total"
        >
          <div
            class="progress-bar"
          />
        </div>
      </div>
      <div
        class="flexbox center-aligned muted"
        style="justify-content: flex-end;"
      >
        0 failures
      </div>
    </div>
    <div
      class="flexbox space-between muted"
    >
      <div>
        Devices in progress
      </div>
      <div>
        Current phase: 1 of 1
      </div>
    </div>
  </div>
</div>
`;

exports[`ProgressChart Component > renders correctly for phases 1`] = `
.emotion-0 {
  background-color: #bdbdbd;
  padding: 10px 20px;
  border-radius: 4px;
  -webkit-box-pack: center;
  -ms-flex-pack: center;
  -webkit-justify-content: center;
  justify-content: center;
  min-height: 70px;
}

.emotion-0 .chart-container {
  min-height: 70px;
}

.emotion-0 .progress-chart {
  min-height: 45px;
}

.emotion-0 .compact .progress-step,
.emotion-0 .detailed .progress-step {
  min-height: 45px;
}

.emotion-0 .progress-step,
.emotion-0 .detailed .progress-step-total {
  position: absolute;
  border-right-style: none;
}

.emotion-0 .progress-step-total .progress-bar {
  background-color: #fafafa;
}

.emotion-0 .progress-step-number {
  -webkit-align-self: flex-start;
  -ms-flex-item-align: flex-start;
  align-self: flex-start;
  margin-top: -4px;
}

.emotion-0.minimal {
  padding: initial;
}

.emotion-0.no-background {
  background: none;
}

.emotion-0.stepped-progress .progress-step-total {
  margin-left: -0.25%;
  width: 100.5%;
}

.emotion-0.stepped-progress .progress-step-total .progress-bar {
  background-color: #fff;
  border: 1px solid #424242;
  border-radius: 2px;
  height: 12px;
}

.emotion-0.stepped-progress .detailed .progress-step {
  min-height: 20px;
}

.emotion-1 {
  display: grid;
  grid-template-columns: 2fr 1fr;
  grid-column-gap: 16px;
}

.emotion-1 .progress-chart.detailed {
  min-height: 20px;
  -webkit-align-items: center;
  -webkit-box-align: center;
  -ms-flex-align: center;
  align-items: center;
}

<div>
  <div
    class="relative emotion-0  "
  >
    <div
      class="emotion-1"
    >
      <div
        class="progress-chart relative detailed"
      >
        <div
          class="progress-step"
          style="left: 0%; width: 2%;"
        >
          <div
            style="display: contents;"
          >
            <div
              class="progress-bar green"
              style="width: 0%;"
            />
            <div
              class="progress-bar warning"
              style="left: 0%; width: 0%;"
            />
          </div>
        </div>
        <div
          class="progress-step"
          style="left: 2%; width: 3%;"
        >
          <div
            style="display: contents;"
          >
            <div
              class="progress-bar green"
              style="width: 0%;"
            />
            <div
              class="progress-bar warning"
              style="left: 0%; width: 0%;"
            />
          </div>
        </div>
        <div
          class="progress-step"
          style="left: 5%; width: 5%;"
        >
          <div
            style="display: contents;"
          >
            <div
              class="progress-bar green"
              style="width: 0%;"
            />
            <div
              class="progress-bar warning"
              style="left: 0%; width: 0%;"
            />
          </div>
        </div>
        <div
          class="progress-step"
          style="left: 10%; width: 5%;"
        >
          <div
            style="display: contents;"
          >
            <div
              class="progress-bar green"
              style="width: 0%;"
            />
            <div
              class="progress-bar warning"
              style="left: 0%; width: 0%;"
            />
          </div>
        </div>
        <div
          class="progress-step"
          style="left: 15%; width: 85%;"
        >
          <div
            style="display: contents;"
          >
            <div
              class="progress-bar green"
              style="width: 0%;"
            />
            <div
              class="progress-bar warning"
              style="left: 0%; width: 0%;"
            />
          </div>
        </div>
        <div
          class="progress-step relative flexbox progress-step-total"
        >
          <div
            class="progress-bar"
          />
        </div>
      </div>
      <div
        class="flexbox center-aligned muted"
        style="justify-content: flex-end;"
      >
        0 failures
      </div>
    </div>
    <div
      class="flexbox space-between muted"
    >
      <div>
        Devices in progress
      </div>
      <div>
        <span>
          Time until next phase: 
        </span>
        <span
          class=""
          data-mui-internal-clone-element="true"
        >
          21 days 22 h 45 m 09 s
        </span>
      </div>
    </div>
  </div>
</div>
`;
