// Vitest Snapshot v1, https://vitest.dev/guide/snapshot.html

exports[`TimeframePicker Component > renders correctly 1`] = `
.emotion-0 {
  display: -webkit-inline-box;
  display: -webkit-inline-flex;
  display: -ms-inline-flexbox;
  display: inline-flex;
  -webkit-flex-direction: column;
  -ms-flex-direction: column;
  flex-direction: column;
  position: relative;
  min-width: 0;
  padding: 0;
  margin: 0;
  border: 0;
  vertical-align: top;
  min-width: 240px;
  max-width: 100%;
}

.emotion-1 {
  color: rgba(0, 0, 0, 0.54);
  line-height: 1.4375em;
  font-family: Lato,sans-serif;
  font-weight: 400;
  font-size: 0.9286rem;
  padding: 0;
  position: relative;
  color: rgba(0, 0, 0, 0.54);
  display: block;
  transform-origin: top left;
  white-space: nowrap;
  overflow: hidden;
  text-overflow: ellipsis;
  max-width: 100%;
  position: absolute;
  left: 0;
  top: 0;
  -webkit-transform: translate(0, 20px) scale(1);
  -moz-transform: translate(0, 20px) scale(1);
  -ms-transform: translate(0, 20px) scale(1);
  transform: translate(0, 20px) scale(1);
  -webkit-transition: color 200ms cubic-bezier(0.0, 0, 0.2, 1) 0ms,-webkit-transform 200ms cubic-bezier(0.0, 0, 0.2, 1) 0ms,max-width 200ms cubic-bezier(0.0, 0, 0.2, 1) 0ms;
  transition: color 200ms cubic-bezier(0.0, 0, 0.2, 1) 0ms,transform 200ms cubic-bezier(0.0, 0, 0.2, 1) 0ms,max-width 200ms cubic-bezier(0.0, 0, 0.2, 1) 0ms;
  z-index: 1;
  pointer-events: none;
  -webkit-transform: translate(14px, 16px) scale(1);
  -moz-transform: translate(14px, 16px) scale(1);
  -ms-transform: translate(14px, 16px) scale(1);
  transform: translate(14px, 16px) scale(1);
  max-width: calc(100% - 24px);
}

.emotion-1.Mui-focused {
  color: #337a87;
}

.emotion-1.Mui-disabled {
  color: rgba(0, 0, 0, 0.38);
}

.emotion-1.Mui-error {
  color: #ab1000;
}

.emotion-1.Mui-focused {
  color: #337a87;
}

.emotion-2 {
  line-height: 1.5;
  font-family: Lato,sans-serif;
  font-weight: 400;
  font-size: 0.9286rem;
  color: rgba(10, 10, 11, 0.78);
  cursor: text;
  padding: 0;
  display: -webkit-box;
  display: -webkit-flex;
  display: -ms-flexbox;
  display: flex;
  -webkit-box-pack: start;
  -ms-flex-pack: start;
  -webkit-justify-content: flex-start;
  justify-content: flex-start;
  -webkit-align-items: center;
  -webkit-box-align: center;
  -ms-flex-align: center;
  align-items: center;
  position: relative;
  box-sizing: border-box;
  letter-spacing: 0.00938em;
  padding: 0 14px;
  border-radius: 4px;
}

.emotion-2:hover .MuiPickersOutlinedInput-notchedOutline {
  border-color: rgba(10, 10, 11, 0.78);
}

@media (hover: none) {
  .emotion-2:hover .MuiPickersOutlinedInput-notchedOutline {
    border-color: rgba(0, 0, 0, 0.23);
  }
}

.emotion-2.Mui-focused .MuiPickersOutlinedInput-notchedOutline {
  border-style: solid;
  border-width: 2px;
}

.emotion-2.Mui-disabled .MuiPickersOutlinedInput-notchedOutline {
  border-color: rgba(0, 0, 0, 0.26);
}

.emotion-2.Mui-disabled * {
  color: rgba(0, 0, 0, 0.26);
}

.emotion-2.Mui-error .MuiPickersOutlinedInput-notchedOutline {
  border-color: #ab1000;
}

.emotion-2.Mui-focused:not(.Mui-error) .MuiPickersOutlinedInput-notchedOutline {
  border-color: #337a87;
}

.emotion-3 {
  direction: ltr;
  outline: none;
  padding: 4px 0 5px;
  font-family: Lato,sans-serif;
  font-size: inherit;
  line-height: 1.4375em;
  -webkit-box-flex: 1;
  -webkit-flex-grow: 1;
  -ms-flex-positive: 1;
  flex-grow: 1;
  outline: none;
  display: -webkit-box;
  display: -webkit-flex;
  display: -ms-flexbox;
  display: flex;
  -webkit-box-flex-wrap: nowrap;
  -webkit-flex-wrap: nowrap;
  -ms-flex-wrap: nowrap;
  flex-wrap: nowrap;
  overflow: hidden;
  letter-spacing: inherit;
  width: 182px;
  color: currentColor;
  opacity: 0;
  padding: 16.5px 0;
}

.emotion-4 {
  font-family: Lato,sans-serif;
  font-size: inherit;
  letter-spacing: inherit;
  line-height: 1.4375em;
  display: inline-block;
  white-space: nowrap;
}

.emotion-5 {
  white-space: pre;
  white-space: pre;
  letter-spacing: inherit;
}

.emotion-6 {
  outline: none;
  font-family: Lato,sans-serif;
  line-height: 1.4375em;
  letter-spacing: inherit;
  width: -webkit-fit-content;
  width: -moz-fit-content;
  width: fit-content;
  outline: none;
}

.emotion-16 {
  display: -webkit-box;
  display: -webkit-flex;
  display: -ms-flexbox;
  display: flex;
  max-height: 2em;
  -webkit-align-items: center;
  -webkit-box-align: center;
  -ms-flex-align: center;
  align-items: center;
  white-space: nowrap;
  color: rgba(0, 0, 0, 0.54);
  margin-left: 8px;
}

.emotion-17 {
  display: -webkit-inline-box;
  display: -webkit-inline-flex;
  display: -ms-inline-flexbox;
  display: inline-flex;
  -webkit-align-items: center;
  -webkit-box-align: center;
  -ms-flex-align: center;
  align-items: center;
  -webkit-box-pack: center;
  -ms-flex-pack: center;
  -webkit-justify-content: center;
  justify-content: center;
  position: relative;
  box-sizing: border-box;
  -webkit-tap-highlight-color: transparent;
  background-color: transparent;
  outline: 0;
  border: 0;
  margin: 0;
  border-radius: 0;
  padding: 0;
  cursor: pointer;
  -webkit-user-select: none;
  -moz-user-select: none;
  -ms-user-select: none;
  user-select: none;
  vertical-align: middle;
  -moz-appearance: none;
  -webkit-appearance: none;
  -webkit-text-decoration: none;
  text-decoration: none;
  color: inherit;
  text-align: center;
  -webkit-flex: 0 0 auto;
  -ms-flex: 0 0 auto;
  flex: 0 0 auto;
  font-size: 1.3929rem;
  padding: 8px;
  border-radius: 50%;
  color: rgba(0, 0, 0, 0.54);
  -webkit-transition: background-color 150ms cubic-bezier(0.4, 0, 0.2, 1) 0ms;
  transition: background-color 150ms cubic-bezier(0.4, 0, 0.2, 1) 0ms;
  --IconButton-hoverBg: rgba(0, 0, 0, 0.04);
  margin-right: -12px;
  font-size: 1.2rem;
  color: rgba(0, 0, 0, 0.54);
}

.emotion-17::-moz-focus-inner {
  border-style: none;
}

.emotion-17.Mui-disabled {
  pointer-events: none;
  cursor: default;
}

@media print {
  .emotion-17 {
    -webkit-print-color-adjust: exact;
    color-adjust: exact;
  }
}

.emotion-17:hover {
  background-color: var(--IconButton-hoverBg);
}

@media (hover: none) {
  .emotion-17:hover {
    background-color: transparent;
  }
}

.emotion-17.Mui-disabled {
  background-color: transparent;
  color: rgba(0, 0, 0, 0.26);
}

.emotion-17.MuiIconButton-loading {
  color: transparent;
}

.emotion-18 {
  -webkit-user-select: none;
  -moz-user-select: none;
  -ms-user-select: none;
  user-select: none;
  width: 1em;
  height: 1em;
  display: inline-block;
  -webkit-flex-shrink: 0;
  -ms-flex-negative: 0;
  flex-shrink: 0;
  -webkit-transition: fill 200ms cubic-bezier(0.4, 0, 0.2, 1) 0ms;
  transition: fill 200ms cubic-bezier(0.4, 0, 0.2, 1) 0ms;
  fill: currentColor;
  font-size: 1.3929rem;
}

.emotion-18 iconButton {
  margin-right: 8px;
}

.emotion-19 {
  text-align: left;
  position: absolute;
  bottom: 0;
  right: 0;
  top: -5px;
  left: 0;
  margin: 0;
  padding: 0 8px;
  pointer-events: none;
  border-radius: inherit;
  border-style: solid;
  border-width: 1px;
  overflow: hidden;
  min-width: 0%;
  border-color: rgba(0, 0, 0, 0.23);
}

.emotion-20 {
  float: unset;
  width: auto;
  overflow: hidden;
  display: block;
  padding: 0;
  height: 11px;
  font-size: 0.75em;
  visibility: hidden;
  max-width: 0.01px;
  -webkit-transition: max-width 50ms cubic-bezier(0.0, 0, 0.2, 1) 0ms;
  transition: max-width 50ms cubic-bezier(0.0, 0, 0.2, 1) 0ms;
  white-space: nowrap;
}

.emotion-20>span {
  padding-left: 5px;
  padding-right: 5px;
  display: inline-block;
  opacity: 0;
  visibility: visible;
}

.emotion-21 {
  font-family: Lato,sans-serif;
  font-size: inherit;
}

.emotion-22 {
  border: 0;
  clip: rect(0 0 0 0);
  height: 1px;
  margin: -1px;
  overflow: hidden;
  padding: 0;
  position: absolute;
  white-space: nowrap;
  width: 1px;
}

.emotion-24 {
  color: rgba(0, 0, 0, 0.54);
  line-height: 1.4375em;
  font-family: Lato,sans-serif;
  font-weight: 400;
  font-size: 0.9286rem;
  padding: 0;
  position: relative;
  color: rgba(0, 0, 0, 0.54);
  display: block;
  transform-origin: top left;
  white-space: nowrap;
  overflow: hidden;
  text-overflow: ellipsis;
  max-width: 100%;
  position: absolute;
  left: 0;
  top: 0;
  -webkit-transform: translate(0, 20px) scale(1);
  -moz-transform: translate(0, 20px) scale(1);
  -ms-transform: translate(0, 20px) scale(1);
  transform: translate(0, 20px) scale(1);
  -webkit-transform: translate(0, -1.5px) scale(0.75);
  -moz-transform: translate(0, -1.5px) scale(0.75);
  -ms-transform: translate(0, -1.5px) scale(0.75);
  transform: translate(0, -1.5px) scale(0.75);
  transform-origin: top left;
  max-width: 133%;
  -webkit-transition: color 200ms cubic-bezier(0.0, 0, 0.2, 1) 0ms,-webkit-transform 200ms cubic-bezier(0.0, 0, 0.2, 1) 0ms,max-width 200ms cubic-bezier(0.0, 0, 0.2, 1) 0ms;
  transition: color 200ms cubic-bezier(0.0, 0, 0.2, 1) 0ms,transform 200ms cubic-bezier(0.0, 0, 0.2, 1) 0ms,max-width 200ms cubic-bezier(0.0, 0, 0.2, 1) 0ms;
  z-index: 1;
  pointer-events: none;
  -webkit-transform: translate(14px, 16px) scale(1);
  -moz-transform: translate(14px, 16px) scale(1);
  -ms-transform: translate(14px, 16px) scale(1);
  transform: translate(14px, 16px) scale(1);
  max-width: calc(100% - 24px);
  -webkit-user-select: none;
  -moz-user-select: none;
  -ms-user-select: none;
  user-select: none;
  pointer-events: auto;
  max-width: calc(133% - 32px);
  -webkit-transform: translate(14px, -9px) scale(0.75);
  -moz-transform: translate(14px, -9px) scale(0.75);
  -ms-transform: translate(14px, -9px) scale(0.75);
  transform: translate(14px, -9px) scale(0.75);
}

.emotion-24.Mui-focused {
  color: #337a87;
}

.emotion-24.Mui-disabled {
  color: rgba(0, 0, 0, 0.38);
}

.emotion-24.Mui-error {
  color: #ab1000;
}

.emotion-24.Mui-focused {
  color: #337a87;
}

.emotion-26 {
  direction: ltr;
  outline: none;
  padding: 4px 0 5px;
  font-family: Lato,sans-serif;
  font-size: inherit;
  line-height: 1.4375em;
  -webkit-box-flex: 1;
  -webkit-flex-grow: 1;
  -ms-flex-positive: 1;
  flex-grow: 1;
  outline: none;
  display: -webkit-box;
  display: -webkit-flex;
  display: -ms-flexbox;
  display: flex;
  -webkit-box-flex-wrap: nowrap;
  -webkit-flex-wrap: nowrap;
  -ms-flex-wrap: nowrap;
  flex-wrap: nowrap;
  overflow: hidden;
  letter-spacing: inherit;
  width: 182px;
  padding: 16.5px 0;
}

.emotion-43 {
  float: unset;
  width: auto;
  overflow: hidden;
  display: block;
  padding: 0;
  height: 11px;
  font-size: 0.75em;
  visibility: hidden;
  max-width: 0.01px;
  -webkit-transition: max-width 50ms cubic-bezier(0.0, 0, 0.2, 1) 0ms;
  transition: max-width 50ms cubic-bezier(0.0, 0, 0.2, 1) 0ms;
  white-space: nowrap;
  max-width: 100%;
  -webkit-transition: max-width 100ms cubic-bezier(0.0, 0, 0.2, 1) 50ms;
  transition: max-width 100ms cubic-bezier(0.0, 0, 0.2, 1) 50ms;
}

.emotion-43>span {
  padding-left: 5px;
  padding-right: 5px;
  display: inline-block;
  opacity: 0;
  visibility: visible;
}

<div>
  <div
    class="flexbox"
    style="flex-wrap: wrap; gap: 15px;"
  >
    <div
      class="MuiFormControl-root MuiPickersTextField-root emotion-0"
    >
      <label
        class="MuiFormLabel-root MuiInputLabel-root MuiInputLabel-formControl MuiInputLabel-animated MuiInputLabel-outlined MuiFormLabel-colorPrimary MuiInputLabel-root MuiInputLabel-formControl MuiInputLabel-animated MuiInputLabel-outlined emotion-1"
        data-shrink="false"
        for=":r2:"
        id=":r2:-label"
      >
        From
      </label>
      <div
        aria-invalid="false"
        aria-labelledby=":r2:-label"
        class="MuiPickersInputBase-root MuiPickersOutlinedInput-root MuiPickersInputBase-colorPrimary MuiPickersInputBase-adornedEnd emotion-2"
        role="group"
      >
        <div
          class="MuiPickersSectionList-root MuiPickersInputBase-sectionsContainer emotion-3"
          contenteditable="false"
          tabindex="0"
        >
          <span
            class="MuiPickersSectionList-section emotion-4"
            data-sectionindex="0"
          >
            <span
              class="MuiPickersInputBase-sectionBefore emotion-5"
            />
            <span
              aria-disabled="false"
              aria-label="Year"
              aria-readonly="false"
              aria-valuemax="9999"
              aria-valuemin="0"
              aria-valuetext="Empty"
              autocapitalize="off"
              autocorrect="off"
              class="MuiPickersSectionList-sectionContent MuiPickersInputBase-sectionContent emotion-6"
              contenteditable="true"
              inputmode="numeric"
              role="spinbutton"
              spellcheck="false"
              tabindex="0"
            >
              YYYY
            </span>
            <span
              class="MuiPickersInputBase-sectionAfter emotion-5"
            >
              -
            </span>
          </span>
          <span
            class="MuiPickersSectionList-section emotion-4"
            data-sectionindex="1"
          >
            <span
              class="MuiPickersInputBase-sectionBefore emotion-5"
            />
            <span
              aria-disabled="false"
              aria-label="Month"
              aria-readonly="false"
              aria-valuemax="12"
              aria-valuemin="1"
              aria-valuetext="Empty"
              autocapitalize="off"
              autocorrect="off"
              class="MuiPickersSectionList-sectionContent MuiPickersInputBase-sectionContent emotion-6"
              contenteditable="true"
              inputmode="numeric"
              role="spinbutton"
              spellcheck="false"
              tabindex="-1"
            >
              MM
            </span>
            <span
              class="MuiPickersInputBase-sectionAfter emotion-5"
            >
              -
            </span>
          </span>
          <span
            class="MuiPickersSectionList-section emotion-4"
            data-sectionindex="2"
          >
            <span
              class="MuiPickersInputBase-sectionBefore emotion-5"
            />
            <span
              aria-disabled="false"
              aria-label="Day"
              aria-readonly="false"
              aria-valuemax="31"
              aria-valuemin="1"
              aria-valuetext="Empty"
              autocapitalize="off"
              autocorrect="off"
              class="MuiPickersSectionList-sectionContent MuiPickersInputBase-sectionContent emotion-6"
              contenteditable="true"
              inputmode="numeric"
              role="spinbutton"
              spellcheck="false"
              tabindex="-1"
            >
              DD
            </span>
            <span
              class="MuiPickersInputBase-sectionAfter emotion-5"
            />
          </span>
        </div>
        <div
          class="MuiInputAdornment-root MuiInputAdornment-positionEnd MuiInputAdornment-outlined MuiInputAdornment-sizeMedium emotion-16"
        >
          <button
            aria-label="Choose date"
            class="MuiButtonBase-root MuiIconButton-root MuiIconButton-edgeEnd MuiIconButton-sizeMedium emotion-17"
            tabindex="0"
            type="button"
          >
            <svg
              aria-hidden="true"
              class="MuiSvgIcon-root MuiSvgIcon-fontSizeMedium emotion-18"
              data-testid="CalendarIcon"
              focusable="false"
              viewBox="0 0 24 24"
            >
              <path
                d="M17 12h-5v5h5v-5zM16 1v2H8V1H6v2H5c-1.11 0-1.99.9-1.99 2L3 19c0 1.1.89 2 2 2h14c1.1 0 2-.9 2-2V5c0-1.1-.9-2-2-2h-1V1h-2zm3 18H5V8h14v11z"
              />
            </svg>
          </button>
        </div>
        <fieldset
          aria-hidden="true"
          class="MuiPickersOutlinedInput-notchedOutline emotion-19"
        >
          <legend
            class="emotion-20"
          >
            <span
              class="emotion-21"
            >
              From
            </span>
          </legend>
        </fieldset>
        <input
          aria-hidden="true"
          aria-label="From"
          class="MuiPickersInputBase-input MuiPickersOutlinedInput-input emotion-22"
          id=":r2:"
          tabindex="-1"
          value=""
        />
      </div>
    </div>
    <div
      class="MuiFormControl-root MuiPickersTextField-root emotion-0"
    >
      <label
        class="MuiFormLabel-root MuiInputLabel-root MuiInputLabel-formControl MuiInputLabel-animated MuiInputLabel-shrink MuiInputLabel-outlined MuiFormLabel-colorPrimary MuiFormLabel-filled MuiInputLabel-root MuiInputLabel-formControl MuiInputLabel-animated MuiInputLabel-shrink MuiInputLabel-outlined emotion-24"
        data-shrink="true"
        for=":r6:"
        id=":r6:-label"
      >
        To
      </label>
      <div
        aria-invalid="false"
        aria-labelledby=":r6:-label"
        class="MuiPickersInputBase-root MuiPickersOutlinedInput-root MuiPickersInputBase-colorPrimary MuiPickersInputBase-adornedEnd emotion-2"
        role="group"
      >
        <div
          class="MuiPickersSectionList-root MuiPickersInputBase-sectionsContainer emotion-26"
          contenteditable="false"
          tabindex="0"
        >
          <span
            class="MuiPickersSectionList-section emotion-4"
            data-sectionindex="0"
          >
            <span
              class="MuiPickersInputBase-sectionBefore emotion-5"
            />
            <span
              aria-disabled="false"
              aria-label="Year"
              aria-readonly="false"
              aria-valuemax="9999"
              aria-valuemin="0"
              aria-valuenow="2019"
              autocapitalize="off"
              autocorrect="off"
              class="MuiPickersSectionList-sectionContent MuiPickersInputBase-sectionContent emotion-6"
              contenteditable="true"
              inputmode="numeric"
              role="spinbutton"
              spellcheck="false"
              tabindex="0"
            >
              2019
            </span>
            <span
              class="MuiPickersInputBase-sectionAfter emotion-5"
            >
              -
            </span>
          </span>
          <span
            class="MuiPickersSectionList-section emotion-4"
            data-sectionindex="1"
          >
            <span
              class="MuiPickersInputBase-sectionBefore emotion-5"
            />
            <span
              aria-disabled="false"
              aria-label="Month"
              aria-readonly="false"
              aria-valuemax="12"
              aria-valuemin="1"
              aria-valuenow="1"
              aria-valuetext="January"
              autocapitalize="off"
              autocorrect="off"
              class="MuiPickersSectionList-sectionContent MuiPickersInputBase-sectionContent emotion-6"
              contenteditable="true"
              inputmode="numeric"
              role="spinbutton"
              spellcheck="false"
              tabindex="-1"
            >
              01
            </span>
            <span
              class="MuiPickersInputBase-sectionAfter emotion-5"
            >
              -
            </span>
          </span>
          <span
            class="MuiPickersSectionList-section emotion-4"
            data-sectionindex="2"
          >
            <span
              class="MuiPickersInputBase-sectionBefore emotion-5"
            />
            <span
              aria-disabled="false"
              aria-label="Day"
              aria-readonly="false"
              aria-valuemax="31"
              aria-valuemin="1"
              aria-valuenow="13"
              aria-valuetext="13th"
              autocapitalize="off"
              autocorrect="off"
              class="MuiPickersSectionList-sectionContent MuiPickersInputBase-sectionContent emotion-6"
              contenteditable="true"
              inputmode="numeric"
              role="spinbutton"
              spellcheck="false"
              tabindex="-1"
            >
              13
            </span>
            <span
              class="MuiPickersInputBase-sectionAfter emotion-5"
            />
          </span>
        </div>
        <div
          class="MuiInputAdornment-root MuiInputAdornment-positionEnd MuiInputAdornment-outlined MuiInputAdornment-sizeMedium emotion-16"
        >
          <button
            aria-label="Choose date, selected date is Jan 13, 2019"
            class="MuiButtonBase-root MuiIconButton-root MuiIconButton-edgeEnd MuiIconButton-sizeMedium emotion-17"
            tabindex="0"
            type="button"
          >
            <svg
              aria-hidden="true"
              class="MuiSvgIcon-root MuiSvgIcon-fontSizeMedium emotion-18"
              data-testid="CalendarIcon"
              focusable="false"
              viewBox="0 0 24 24"
            >
              <path
                d="M17 12h-5v5h5v-5zM16 1v2H8V1H6v2H5c-1.11 0-1.99.9-1.99 2L3 19c0 1.1.89 2 2 2h14c1.1 0 2-.9 2-2V5c0-1.1-.9-2-2-2h-1V1h-2zm3 18H5V8h14v11z"
              />
            </svg>
          </button>
        </div>
        <fieldset
          aria-hidden="true"
          class="MuiPickersOutlinedInput-notchedOutline emotion-19"
        >
          <legend
            class="emotion-43"
          >
            <span
              class="emotion-21"
            >
              To
            </span>
          </legend>
        </fieldset>
        <input
          aria-hidden="true"
          aria-label="To"
          class="MuiPickersInputBase-input MuiPickersOutlinedInput-input emotion-22"
          id=":r6:"
          tabindex="-1"
          value="2019-01-13"
        />
      </div>
    </div>
  </div>
</div>
`;
