// Vitest Snapshot v1, https://vitest.dev/guide/snapshot.html

exports[`DeviceListItem Component > renders correctly 1`] = `
.emotion-0 {
  display: -webkit-inline-box;
  display: -webkit-inline-flex;
  display: -ms-inline-flexbox;
  display: inline-flex;
  -webkit-align-items: center;
  -webkit-box-align: center;
  -ms-flex-align: center;
  align-items: center;
  -webkit-box-pack: center;
  -ms-flex-pack: center;
  -webkit-justify-content: center;
  justify-content: center;
  position: relative;
  box-sizing: border-box;
  -webkit-tap-highlight-color: transparent;
  background-color: transparent;
  outline: 0;
  border: 0;
  margin: 0;
  border-radius: 0;
  padding: 0;
  cursor: pointer;
  -webkit-user-select: none;
  -moz-user-select: none;
  -ms-user-select: none;
  user-select: none;
  vertical-align: middle;
  -moz-appearance: none;
  -webkit-appearance: none;
  -webkit-text-decoration: none;
  text-decoration: none;
  color: inherit;
  padding: 9px;
  border-radius: 50%;
  color: rgba(0, 0, 0, 0.6);
}

.emotion-0::-moz-focus-inner {
  border-style: none;
}

.emotion-0.Mui-disabled {
  pointer-events: none;
  cursor: default;
}

@media print {
  .emotion-0 {
    -webkit-print-color-adjust: exact;
    color-adjust: exact;
  }
}

.emotion-0:hover {
  background-color: rgba(25, 118, 210, 0.04);
}

.emotion-0.Mui-checked,
.emotion-0.MuiCheckbox-indeterminate {
  color: #1976d2;
}

.emotion-0.Mui-disabled {
  color: rgba(0, 0, 0, 0.26);
}

@media (hover: none) {
  .emotion-0:hover {
    background-color: transparent;
  }
}

.emotion-1 {
  cursor: inherit;
  position: absolute;
  opacity: 0;
  width: 100%;
  height: 100%;
  top: 0;
  left: 0;
  margin: 0;
  padding: 0;
  z-index: 1;
}

.emotion-2 {
  -webkit-user-select: none;
  -moz-user-select: none;
  -ms-user-select: none;
  user-select: none;
  width: 1em;
  height: 1em;
  display: inline-block;
  -webkit-flex-shrink: 0;
  -ms-flex-negative: 0;
  flex-shrink: 0;
  -webkit-transition: fill 200ms cubic-bezier(0.4, 0, 0.2, 1) 0ms;
  transition: fill 200ms cubic-bezier(0.4, 0, 0.2, 1) 0ms;
  fill: currentColor;
  font-size: 1.5rem;
}

.emotion-3 {
  grid-template-columns: 1fr max-content;
  -webkit-column-gap: 8px;
  column-gap: 8px;
}

<div
  class="deviceListRow deviceListItem clickable  "
>
  <div>
    <span
      class="MuiButtonBase-root MuiCheckbox-root MuiCheckbox-colorPrimary MuiCheckbox-sizeMedium PrivateSwitchBase-root MuiCheckbox-root MuiCheckbox-colorPrimary MuiCheckbox-sizeMedium MuiCheckbox-root MuiCheckbox-colorPrimary MuiCheckbox-sizeMedium emotion-0"
    >
      <input
        class="PrivateSwitchBase-input emotion-1"
        data-indeterminate="false"
        type="checkbox"
      />
      <svg
        aria-hidden="true"
        class="MuiSvgIcon-root MuiSvgIcon-fontSizeMedium emotion-2"
        data-testid="CheckBoxOutlineBlankIcon"
        focusable="false"
        viewBox="0 0 24 24"
      >
        <path
          d="M19 5v14H5V5h14m0-2H5c-1.1 0-2 .9-2 2v14c0 1.1.9 2 2 2h14c1.1 0 2-.9 2-2V5c0-1.1-.9-2-2-2z"
        />
      </svg>
    </span>
  </div>
  <div
    class="emotion-3"
    style="display: grid;"
  >
    <div>
      1
    </div>
  </div>
</div>
`;
