// Vitest Snapshot v1, https://vitest.dev/guide/snapshot.html

exports[`Webhooks Component > renders correctly 1`] = `null`;

exports[`Webhooks Component > renders correctly with entries  1`] = `
.emotion-0 {
  display: table;
  width: 100%;
  border-collapse: collapse;
  border-spacing: 0;
}

.emotion-0 caption {
  font-family: "Roboto","Helvetica","Arial",sans-serif;
  font-weight: 400;
  font-size: 0.875rem;
  line-height: 1.43;
  letter-spacing: 0.01071em;
  padding: 16px;
  color: rgba(0, 0, 0, 0.6);
  text-align: left;
  caption-side: bottom;
}

.emotion-1 {
  display: table-header-group;
}

.emotion-1 .columnHeader {
  display: table-cell;
}

.emotion-1 .columnHeader .sortIcon {
  margin-bottom: -6px;
}

.emotion-1 .nonSortable {
  cursor: initial;
}

.emotion-2 {
  color: inherit;
  display: table-row;
  vertical-align: middle;
  outline: 0;
}

.emotion-2.MuiTableRow-hover:hover {
  background-color: rgba(0, 0, 0, 0.04);
}

.emotion-2.Mui-selected {
  background-color: rgba(25, 118, 210, 0.08);
}

.emotion-2.Mui-selected:hover {
  background-color: rgba(25, 118, 210, 0.12);
}

.emotion-3 {
  font-family: "Roboto","Helvetica","Arial",sans-serif;
  font-weight: 400;
  font-size: 0.875rem;
  line-height: 1.43;
  letter-spacing: 0.01071em;
  display: table-cell;
  vertical-align: inherit;
  border-bottom: 1px solid rgba(224, 224, 224, 1);
  text-align: left;
  padding: 16px;
  color: rgba(0, 0, 0, 0.87);
  line-height: 1.5rem;
  font-weight: 500;
}

.emotion-6 {
  display: table-row-group;
}

.emotion-8 {
  font-family: "Roboto","Helvetica","Arial",sans-serif;
  font-weight: 400;
  font-size: 0.875rem;
  line-height: 1.43;
  letter-spacing: 0.01071em;
  display: table-cell;
  vertical-align: inherit;
  border-bottom: 1px solid rgba(224, 224, 224, 1);
  text-align: left;
  padding: 16px;
  color: rgba(0, 0, 0, 0.87);
}

.emotion-11 {
  -webkit-user-select: none;
  -moz-user-select: none;
  -ms-user-select: none;
  user-select: none;
  width: 1em;
  height: 1em;
  display: inline-block;
  -webkit-flex-shrink: 0;
  -ms-flex-negative: 0;
  flex-shrink: 0;
  -webkit-transition: fill 200ms cubic-bezier(0.4, 0, 0.2, 1) 0ms;
  transition: fill 200ms cubic-bezier(0.4, 0, 0.2, 1) 0ms;
  fill: currentColor;
  font-size: 1.25rem;
}

<div>
  <h2>
    Webhooks
  </h2>
  <table
    class="MuiTable-root margin-bottom emotion-0"
  >
    <thead
      class="MuiTableHead-root emotion-1"
    >
      <tr
        class="MuiTableRow-root MuiTableRow-head emotion-2"
      >
        <th
          class="MuiTableCell-root MuiTableCell-head MuiTableCell-sizeMedium columnHeader nonSortable emotion-3"
          scope="col"
        >
          URL
        </th>
        <th
          class="MuiTableCell-root MuiTableCell-head MuiTableCell-sizeMedium columnHeader nonSortable emotion-3"
          scope="col"
        >
          Description
        </th>
        <th
          class="MuiTableCell-root MuiTableCell-head MuiTableCell-sizeMedium columnHeader nonSortable emotion-3"
          scope="col"
        >
          Manage
        </th>
      </tr>
    </thead>
    <tbody
      class="MuiTableBody-root emotion-6"
    >
      <tr
        class="MuiTableRow-root MuiTableRow-hover clickable emotion-2"
      >
        <td
          class="MuiTableCell-root MuiTableCell-body MuiTableCell-sizeMedium relative emotion-8"
        >
          https://example.com
        </td>
        <td
          class="MuiTableCell-root MuiTableCell-body MuiTableCell-sizeMedium relative emotion-8"
        />
        <td
          class="MuiTableCell-root MuiTableCell-body MuiTableCell-sizeMedium relative emotion-8"
        >
          <div
            class="bold flexbox center-aligned link-color nowrap "
          >
            View details
            <svg
              aria-hidden="true"
              class="MuiSvgIcon-root MuiSvgIcon-fontSizeSmall margin-left-xsmall emotion-11"
              data-testid="ArrowForwardIcon"
              focusable="false"
              viewBox="0 0 24 24"
            >
              <path
                d="m12 4-1.41 1.41L16.17 11H4v2h12.17l-5.58 5.59L12 20l8-8z"
              />
            </svg>
          </div>
        </td>
      </tr>
    </tbody>
  </table>
</div>
`;
